Archive member included because of file (symbol)

contiki-sky.a(powertrace.o)   final_proj.co (powertrace_start)
contiki-sky.a(contiki-sky-pla)
                              obj_sky/contiki-sky-main.o (init_platform)
contiki-sky.a(button-sensor.o)
                              contiki-sky.a(contiki-sky-pla) (button_sensor)
contiki-sky.a(ds2411.o)       obj_sky/contiki-sky-main.o (ds2411_init)
contiki-sky.a(xmem.o)         obj_sky/contiki-sky-main.o (xmem_init)
contiki-sky.a(node-id.o)      obj_sky/contiki-sky-main.o (node_id_restore)
contiki-sky.a(sensors.o)      contiki-sky.a(button-sensor.o) (sensors_changed)
contiki-sky.a(cc2420.o)       obj_sky/contiki-sky-main.o (cc2420_set_pan_addr)
contiki-sky.a(cc2420-arch.o)  contiki-sky.a(cc2420.o) (cc2420_arch_init)
contiki-sky.a(uart1.o)        obj_sky/contiki-sky-main.o (uart1_active)
contiki-sky.a(uart1-putchar.o)
                              obj_sky/contiki-sky-main.o (putchar)
contiki-sky.a(msp430.o)       contiki-sky.a(uart1.o) (msp430_add_lpm_req)
contiki-sky.a(clock.o)        final_proj.co (clock_time)
contiki-sky.a(leds.o)         obj_sky/contiki-sky-main.o (leds_init)
contiki-sky.a(leds-arch.o)    contiki-sky.a(leds.o) (leds_arch_init)
contiki-sky.a(watchdog.o)     obj_sky/contiki-sky-main.o (watchdog_start)
contiki-sky.a(rtimer-arch.o)  final_proj.co (rtimer_arch_now)
contiki-sky.a(autostart.o)    obj_sky/contiki-sky-main.o (autostart_start)
contiki-sky.a(energest.o)     obj_sky/contiki-sky-main.o (energest_init)
contiki-sky.a(ctimer.o)       obj_sky/contiki-sky-main.o (ctimer_init)
contiki-sky.a(etimer.o)       contiki-sky.a(clock.o) (etimer_request_poll)
contiki-sky.a(compower.o)     contiki-sky.a(powertrace.o) (compower_idle_activity)
contiki-sky.a(process.o)      contiki-sky.a(ctimer.o) (process_current)
contiki-sky.a(rtimer.o)       obj_sky/contiki-sky-main.o (rtimer_init)
contiki-sky.a(timer.o)        obj_sky/contiki-sky-main.o (timer_set)
contiki-sky.a(serial-line.o)  final_proj.co (serial_line_input_byte)
contiki-sky.a(ringbuf.o)      contiki-sky.a(serial-line.o) (ringbuf_init)
contiki-sky.a(list.o)         contiki-sky.a(ctimer.o) (list_init)
contiki-sky.a(memb.o)         contiki-sky.a(powertrace.o) (memb_alloc)
contiki-sky.a(random.o)       final_proj.co (random_init)
contiki-sky.a(broadcast.o)    final_proj.co (broadcast_open)
contiki-sky.a(rime.o)         contiki-sky.a(powertrace.o) (rime_sniffer_add)
contiki-sky.a(abc.o)          contiki-sky.a(broadcast.o) (abc_open)
contiki-sky.a(announcement.o)
                              contiki-sky.a(rime.o) (announcement_init)
contiki-sky.a(csma.o)         obj_sky/contiki-sky-main.o (csma_driver)
contiki-sky.a(nullrdc.o)      obj_sky/contiki-sky-main.o (nullrdc_driver)
contiki-sky.a(queuebuf.o)     contiki-sky.a(rime.o) (queuebuf_init)
contiki-sky.a(packetbuf.o)    contiki-sky.a(cc2420.o) (packetbuf_set_datalen)
contiki-sky.a(linkaddr.o)     obj_sky/contiki-sky-main.o (linkaddr_copy)
contiki-sky.a(nullsec.o)      obj_sky/contiki-sky-main.o (nullsec_driver)
contiki-sky.a(spi.o)          contiki-sky.a(xmem.o) (spi_init)
contiki-sky.a(broadcast-annou)
                              contiki-sky.a(rime.o) (broadcast_announcement_init)
contiki-sky.a(channel.o)      contiki-sky.a(abc.o) (channel_open)
contiki-sky.a(chameleon.o)    contiki-sky.a(rime.o) (chameleon_init)
contiki-sky.a(mac.o)          contiki-sky.a(csma.o) (mac_call_sent_callback)
contiki-sky.a(framer-802154.o)
                              contiki-sky.a(nullrdc.o) (framer_802154)
contiki-sky.a(chameleon-bitop)
                              contiki-sky.a(chameleon.o) (chameleon_bitopt)
contiki-sky.a(frame802154.o)  contiki-sky.a(framer-802154.o) (frame802154_get_pan_id)
/usr/lib/gcc/msp430/4.6.3/mmpy-16/libgcc.a(_mulsi3.o)
                              contiki-sky.a(powertrace.o) (__mulsi3)
/usr/lib/gcc/msp430/4.6.3/mmpy-16/libgcc.a(_udivmod16.o)
                              final_proj.co (__umodhi3)
/usr/lib/gcc/msp430/4.6.3/mmpy-16/libgcc.a(_udivmod32.o)
                              obj_sky/contiki-sky-main.o (__udivsi3)
/usr/lib/gcc/msp430/4.6.3/../../../../msp430/lib/mmpy-16/libc.a(strncmp.o)
                              contiki-sky.a(sensors.o) (strncmp)
/usr/lib/gcc/msp430/4.6.3/../../../../msp430/lib/mmpy-16/libc.a(memcmp.o)
                              contiki-sky.a(linkaddr.o) (memcmp)
/usr/lib/gcc/msp430/4.6.3/../../../../msp430/lib/mmpy-16/libc.a(memcpy.o)
                              final_proj.co (memcpy)
/usr/lib/gcc/msp430/4.6.3/../../../../msp430/lib/mmpy-16/libc.a(memset.o)
                              obj_sky/contiki-sky-main.o (memset)
/usr/lib/gcc/msp430/4.6.3/../../../../msp430/lib/mmpy-16/libc.a(printf.o)
                              final_proj.co (printf)
/usr/lib/gcc/msp430/4.6.3/../../../../msp430/lib/mmpy-16/libc.a(vuprintf.o)
                              /usr/lib/gcc/msp430/4.6.3/../../../../msp430/lib/mmpy-16/libc.a(printf.o) (vuprintf)
/usr/lib/gcc/msp430/4.6.3/../../../../msp430/lib/mmpy-16/libc.a(puts.o)
[...]
Memory Configuration

Name             Origin             Length             Attributes
sfr              0x0000000000000000 0x0000000000000010
peripheral_8bit  0x0000000000000010 0x00000000000000f0
peripheral_16bit 0x0000000000000100 0x0000000000000100
ram_mirror       0x0000000000000200 0x0000000000000800 xw
infomem          0x0000000000001000 0x0000000000000100
infob            0x0000000000001000 0x0000000000000080
infoa            0x0000000000001080 0x0000000000000080
ram              0x0000000000001100 0x0000000000002800 xw
rom              0x0000000000004000 0x000000000000bfe0 xr
vectors          0x000000000000ffe0 0x0000000000000020
bsl              0x0000000000000000 0x0000000000000000
infoc            0x0000000000000000 0x0000000000000000
infod            0x0000000000000000 0x0000000000000000
ram2             0x0000000000000000 0x0000000000000000 xw
usbram           0x0000000000000000 0x0000000000000000 xw
far_rom          0x0000000000000000 0x0000000000000000
*default*        0x0000000000000000 0xffffffffffffffff

Linker script and memory map

LOAD /usr/lib/gcc/msp430/4.6.3/mmpy-16/crt0ivtbl16.o
LOAD final_proj.co
LOAD obj_sky/contiki-sky-main.o
LOAD contiki-sky.a
LOAD /usr/lib/gcc/msp430/4.6.3/../../../../msp430/lib/mmpy-16/libm.a
LOAD /usr/lib/gcc/msp430/4.6.3/mmpy-16/libgcc.a
LOAD /usr/lib/gcc/msp430/4.6.3/../../../../msp430/lib/mmpy-16/libc.a
LOAD /usr/lib/gcc/msp430/4.6.3/mmpy-16/libgcc.a
LOAD /usr/lib/gcc/msp430/4.6.3/mmpy-16/libcrt0.a
                0x0000000000000080                PROVIDE (__info_segment_size, 0x80)
                0x0000000000001000                PROVIDE (__infob, 0x1000)
                0x0000000000001080                PROVIDE (__infoa, 0x1080)
                0x0000000000000000                __IE1 = 0x0
                0x0000000000000002                __IFG1 = 0x2
                0x0000000000000004                __ME1 = 0x4
                0x0000000000000001                __IE2 = 0x1
                0x0000000000000003                __IFG2 = 0x3
                0x0000000000000005                __ME2 = 0x5
                0x0000000000000120                __WDTCTL = 0x120
                0x0000000000000130                __MPY = 0x130
                0x0000000000000132                __MPYS = 0x132
                0x0000000000000134                __MAC = 0x134
                0x0000000000000136                __MACS = 0x136
                0x0000000000000138                __OP2 = 0x138
                0x000000000000013a                __RESLO = 0x13a
                0x000000000000013c                __RESHI = 0x13c
                0x000000000000013e                __SUMEXT = 0x13e
                0x0000000000000020                __P1IN = 0x20
                0x0000000000000021                __P1OUT = 0x21
                0x0000000000000022                __P1DIR = 0x22
                0x0000000000000023                __P1IFG = 0x23
                0x0000000000000024                __P1IES = 0x24
                0x0000000000000025                __P1IE = 0x25
                0x0000000000000026                __P1SEL = 0x26
                0x0000000000000028                __P2IN = 0x28
                0x0000000000000029                __P2OUT = 0x29
                0x000000000000002a                __P2DIR = 0x2a
                0x000000000000002b                __P2IFG = 0x2b
                0x000000000000002c                __P2IES = 0x2c
                0x000000000000002d                __P2IE = 0x2d
                0x000000000000002e                __P2SEL = 0x2e
                0x0000000000000018                __P3IN = 0x18
                0x0000000000000019                __P3OUT = 0x19
                0x000000000000001a                __P3DIR = 0x1a
                0x000000000000001b                __P3SEL = 0x1b
                0x000000000000001c                __P4IN = 0x1c
                0x000000000000001d                __P4OUT = 0x1d
                0x000000000000001e                __P4DIR = 0x1e
                0x000000000000001f                __P4SEL = 0x1f
                0x0000000000000030                __P5IN = 0x30
                0x0000000000000031                __P5OUT = 0x31
                0x0000000000000032                __P5DIR = 0x32
                0x0000000000000033                __P5SEL = 0x33
                0x0000000000000034                __P6IN = 0x34
                0x0000000000000035                __P6OUT = 0x35
                0x0000000000000036                __P6DIR = 0x36
                0x0000000000000037                __P6SEL = 0x37
                0x0000000000000070                __U0CTL = 0x70
                0x0000000000000071                __U0TCTL = 0x71
                0x0000000000000072                __U0RCTL = 0x72
                0x0000000000000073                __U0MCTL = 0x73
                0x0000000000000074                __U0BR0 = 0x74
                0x0000000000000075                __U0BR1 = 0x75
                0x0000000000000076                __U0RXBUF = 0x76
                0x0000000000000077                __U0TXBUF = 0x77
                0x0000000000000078                __U1CTL = 0x78
                0x0000000000000079                __U1TCTL = 0x79
                0x000000000000007a                __U1RCTL = 0x7a
                0x000000000000007b                __U1MCTL = 0x7b
                0x000000000000007c                __U1BR0 = 0x7c
                0x000000000000007d                __U1BR1 = 0x7d
                0x000000000000007e                __U1RXBUF = 0x7e
                0x000000000000007f                __U1TXBUF = 0x7f
                0x0000000000000050                __I2CIE = 0x50
                0x0000000000000051                __I2CIFG = 0x51
                0x0000000000000052                __I2CNDAT = 0x52
                0x0000000000000071                __I2CTCTL = 0x71
                0x0000000000000072                __I2CDCTL = 0x72
                0x0000000000000073                __I2CPSC = 0x73
                0x0000000000000074                __I2CSCLH = 0x74
                0x0000000000000075                __I2CSCLL = 0x75
                0x0000000000000076                __I2CDRB = 0x76
                0x0000000000000076                __I2CDRW = 0x76
                0x0000000000000118                __I2COA = 0x118
                0x000000000000011a                __I2CSA = 0x11a
                0x000000000000011c                __I2CIV = 0x11c
                0x000000000000012e                __TAIV = 0x12e
                0x0000000000000160                __TACTL = 0x160
                0x0000000000000162                __TACCTL0 = 0x162
                0x0000000000000164                __TACCTL1 = 0x164
                0x0000000000000166                __TACCTL2 = 0x166
                0x0000000000000170                __TAR = 0x170
                0x0000000000000172                __TACCR0 = 0x172
                0x0000000000000174                __TACCR1 = 0x174
                0x0000000000000176                __TACCR2 = 0x176
                0x000000000000011e                __TBIV = 0x11e
                0x0000000000000180                __TBCTL = 0x180
                0x0000000000000182                __TBCCTL0 = 0x182
                0x0000000000000184                __TBCCTL1 = 0x184
                0x0000000000000186                __TBCCTL2 = 0x186
                0x0000000000000188                __TBCCTL3 = 0x188
                0x000000000000018a                __TBCCTL4 = 0x18a
                0x000000000000018c                __TBCCTL5 = 0x18c
                0x000000000000018e                __TBCCTL6 = 0x18e
                0x0000000000000190                __TBR = 0x190
                0x0000000000000192                __TBCCR0 = 0x192
                0x0000000000000194                __TBCCR1 = 0x194
                0x0000000000000196                __TBCCR2 = 0x196
                0x0000000000000198                __TBCCR3 = 0x198
                0x000000000000019a                __TBCCR4 = 0x19a
                0x000000000000019c                __TBCCR5 = 0x19c
                0x000000000000019e                __TBCCR6 = 0x19e
                0x0000000000000056                __DCOCTL = 0x56
                0x0000000000000057                __BCSCTL1 = 0x57
                0x0000000000000058                __BCSCTL2 = 0x58
                0x0000000000000055                __SVSCTL = 0x55
                0x0000000000000128                __FCTL1 = 0x128
                0x000000000000012a                __FCTL2 = 0x12a
                0x000000000000012c                __FCTL3 = 0x12c
                0x0000000000000059                __CACTL1 = 0x59
                0x000000000000005a                __CACTL2 = 0x5a
                0x000000000000005b                __CAPD = 0x5b
                0x00000000000001a0                __ADC12CTL0 = 0x1a0
                0x00000000000001a2                __ADC12CTL1 = 0x1a2
                0x00000000000001a4                __ADC12IFG = 0x1a4
                0x00000000000001a6                __ADC12IE = 0x1a6
                0x00000000000001a8                __ADC12IV = 0x1a8
                0x0000000000000140                __ADC12MEM0 = 0x140
                0x0000000000000142                __ADC12MEM1 = 0x142
                0x0000000000000144                __ADC12MEM2 = 0x144
                0x0000000000000146                __ADC12MEM3 = 0x146
                0x0000000000000148                __ADC12MEM4 = 0x148
                0x000000000000014a                __ADC12MEM5 = 0x14a
                0x000000000000014c                __ADC12MEM6 = 0x14c
                0x000000000000014e                __ADC12MEM7 = 0x14e
                0x0000000000000150                __ADC12MEM8 = 0x150
                0x0000000000000152                __ADC12MEM9 = 0x152
                0x0000000000000154                __ADC12MEM10 = 0x154
                0x0000000000000156                __ADC12MEM11 = 0x156
                0x0000000000000158                __ADC12MEM12 = 0x158
                0x000000000000015a                __ADC12MEM13 = 0x15a
                0x000000000000015c                __ADC12MEM14 = 0x15c
                0x000000000000015e                __ADC12MEM15 = 0x15e
                0x0000000000000080                __ADC12MCTL0 = 0x80
                0x0000000000000081                __ADC12MCTL1 = 0x81
                0x0000000000000082                __ADC12MCTL2 = 0x82
                0x0000000000000083                __ADC12MCTL3 = 0x83
                0x0000000000000084                __ADC12MCTL4 = 0x84
                0x0000000000000085                __ADC12MCTL5 = 0x85
                0x0000000000000086                __ADC12MCTL6 = 0x86
                0x0000000000000087                __ADC12MCTL7 = 0x87
                0x0000000000000088                __ADC12MCTL8 = 0x88
                0x0000000000000089                __ADC12MCTL9 = 0x89
                0x000000000000008a                __ADC12MCTL10 = 0x8a
                0x000000000000008b                __ADC12MCTL11 = 0x8b
                0x000000000000008c                __ADC12MCTL12 = 0x8c
                0x000000000000008d                __ADC12MCTL13 = 0x8d
                0x000000000000008e                __ADC12MCTL14 = 0x8e
                0x000000000000008f                __ADC12MCTL15 = 0x8f
                0x00000000000001c0                __DAC12_0CTL = 0x1c0
                0x00000000000001c2                __DAC12_1CTL = 0x1c2
                0x00000000000001c8                __DAC12_0DAT = 0x1c8
                0x00000000000001ca                __DAC12_1DAT = 0x1ca
                0x0000000000000122                __DMACTL0 = 0x122
                0x0000000000000124                __DMACTL1 = 0x124
                0x00000000000001e0                __DMA0CTL = 0x1e0
                0x00000000000001e8                __DMA1CTL = 0x1e8
                0x00000000000001f0                __DMA2CTL = 0x1f0
                0x00000000000001e2                __DMA0SA = 0x1e2
                0x00000000000001e4                __DMA0DA = 0x1e4
                0x00000000000001e6                __DMA0SZ = 0x1e6
                0x00000000000001ea                __DMA1SA = 0x1ea
                0x00000000000001ec                __DMA1DA = 0x1ec
                0x00000000000001ee                __DMA1SZ = 0x1ee
                0x00000000000001f2                __DMA2SA = 0x1f2
                0x00000000000001f4                __DMA2DA = 0x1f4
                0x00000000000001f6                __DMA2SZ = 0x1f6

.hash
 *(.hash)

.dynsym
 *(.dynsym)

.dynstr
 *(.dynstr)

.gnu.version
 *(.gnu.version)

.gnu.version_d
 *(.gnu.version_d)

.gnu.version_r
 *(.gnu.version_r)

.rel.init
 *(.rel.init)

.rela.init
 *(.rela.init)

.rel.fini
 *(.rel.fini)

.rela.fini
 *(.rela.fini)

.rel.text
 *(.rel.text .rel.text.* .rel.gnu.linkonce.t.*)

.rela.text
 *(.rela.text .rela.text.* .rela.gnu.linkonce.t.*)

.rel.rodata
 *(.rel.rodata .rel.rodata.* .rel.gnu.linkonce.r.*)

.rela.rodata
 *(.rela.rodata .rela.rodata.* .rela.gnu.linkonce.r.*)

.rel.data
 *(.rel.data .rel.data.* .rel.gnu.linkonce.d.*)

.rela.data
 *(.rela.data .rela.data.* .rela.gnu.linkonce.d.*)

.rel.bss
 *(.rel.bss .rel.bss.* .rel.gnu.linkonce.b.*)

.rela.bss
 *(.rela.bss .rela.bss.* .rela.gnu.linkonce.b.*)

.rel.ctors
 *(.rel.ctors)

.rela.ctors
 *(.rela.ctors)

.rel.dtors
 *(.rel.dtors)

.rela.dtors
 *(.rela.dtors)

.rel.got
 *(.rel.got)

.rela.got
 *(.rela.got)

.rel.plt
 *(.rel.plt)

.rela.plt
 *(.rela.plt)

.text           0x0000000000004000     0x55ea
                0x0000000000004000                . = ALIGN (0x2)
 *(.init .init.*)
 *(.init0)
 .init0         0x0000000000004000        0x0 /usr/lib/gcc/msp430/4.6.3/mmpy-16/libcrt0.a(_reset_vector__.o)
                0x0000000000004000                _reset_vector__
 *(.init1)
 .init1         0x0000000000004000        0xc /usr/lib/gcc/msp430/4.6.3/mmpy-16/libcrt0.a(__watchdog_support.o)
                0x0000000000004000                __watchdog_support
 *(.init2)
 .init2         0x000000000000400c        0x4 /usr/lib/gcc/msp430/4.6.3/mmpy-16/libcrt0.a(__init_stack.o)
                0x000000000000400c                __init_stack
 *(.init3)
 .init3         0x0000000000004010        0x0 /usr/lib/gcc/msp430/4.6.3/mmpy-16/libcrt0.a(__low_level_init.o)
                0x0000000000004010                __low_level_init
 *(.init4)
 .init4         0x0000000000004010       0x18 /usr/lib/gcc/msp430/4.6.3/mmpy-16/libcrt0.a(_copy_data.o)
                0x0000000000004010                __do_copy_data
 .init4         0x0000000000004028       0x16 /usr/lib/gcc/msp430/4.6.3/mmpy-16/libcrt0.a(_clear_bss.o)
                0x0000000000004028                __do_clear_bss
 *(.init5)
 *(.init6)
 *(.init7)
 *(.init8)
 *(.init9)
 .init9         0x000000000000403e      0x2da obj_sky/contiki-sky-main.o
                0x000000000000403e                main
 *(.fini9)
 .fini9         0x0000000000004318        0x0 /usr/lib/gcc/msp430/4.6.3/mmpy-16/libcrt0.a(__stop_progExec__.o)
                0x0000000000004318                __stop_progExec__
 *(.fini8)
 *(.fini7)
 *(.fini6)
 *(.fini5)
 *(.fini4)
 *(.fini3)
 *(.fini2)
 *(.fini1)
 *(.fini0)
 .fini0         0x0000000000004318        0x6 /usr/lib/gcc/msp430/4.6.3/mmpy-16/libcrt0.a(_endless_loop__.o)
                0x0000000000004318                _endless_loop__
 *(.fini .fini.*)
                0x000000000000431e                . = ALIGN (0x2)
                0x000000000000431e                __ctors_start = .
 *(.ctors)
                0x000000000000431e                __ctors_end = .
                0x000000000000431e                __dtors_start = .
 *(.dtors)
                0x000000000000431e                __dtors_end = .
                0x000000000000431e                . = ALIGN (0x2)
 *(.text .text.* .gnu.linkonce.t.*)
 .text          0x000000000000431e        0x4 /usr/lib/gcc/msp430/4.6.3/mmpy-16/crt0ivtbl16.o
                0x000000000000431e                __isr_14
                0x000000000000431e                __isr_11
                0x000000000000431e                __isr_2
                0x000000000000431e                __isr_7
                0x000000000000431e                __isr_0
                0x000000000000431e                __isr_8
                0x000000000000431e                __isr_3
                0x000000000000431e                __isr_12
                0x000000000000431e                __isr_13
                0x000000000000431e                __isr_9
 .text.process_thread_cc2650_nbr_discovery_process
                0x0000000000004322       0x7c final_proj.co
 .text.sender_scheduler
                0x000000000000439e      0x15e final_proj.co
                0x000000000000439e                sender_scheduler
 .text.indexOf  0x00000000000044fc       0x20 final_proj.co
                0x00000000000044fc                indexOf
 .text.broadcast_recv
                0x000000000000451c       0xd8 final_proj.co
 .text.sniffprint
                0x00000000000045f4       0x72 contiki-sky.a(powertrace.o)
 .text.output_printsniffer
                0x0000000000004666       0x16 contiki-sky.a(powertrace.o)
 .text.add_stats
                0x000000000000467c       0x54 contiki-sky.a(powertrace.o)
 .text.add_packet_stats
                0x00000000000046d0       0x5e contiki-sky.a(powertrace.o)
 .text.output_sniffer
                0x000000000000472e        0x8 contiki-sky.a(powertrace.o)
 .text.input_sniffer
                0x0000000000004736        0x8 contiki-sky.a(powertrace.o)
 .text.input_printsniffer
                0x000000000000473e       0x70 contiki-sky.a(powertrace.o)
 .text.powertrace_print
                0x00000000000047ae      0x820 contiki-sky.a(powertrace.o)
                0x00000000000047ae                powertrace_print
 .text.process_thread_powertrace_process
                0x0000000000004fce       0x5c contiki-sky.a(powertrace.o)
 .text.powertrace_start
                0x000000000000502a       0x18 contiki-sky.a(powertrace.o)
                0x000000000000502a                powertrace_start
 .text.init_platform
                0x0000000000005042        0xc contiki-sky.a(contiki-sky-pla)
                0x0000000000005042                init_platform
 .text.status   0x000000000000504e       0x16 contiki-sky.a(button-sensor.o)
 .text.configure
                0x0000000000005064       0x52 contiki-sky.a(button-sensor.o)
 .text.value    0x00000000000050b6       0x22 contiki-sky.a(button-sensor.o)
 .text.irq_p2   0x00000000000050d8       0x8a contiki-sky.a(button-sensor.o)
                0x00000000000050d8                irq_p2
                0x00000000000050d8                __isr_1
 .text.owreadb  0x0000000000005162       0x52 contiki-sky.a(ds2411.o)
 .text.ds2411_init
                0x00000000000051b4      0x122 contiki-sky.a(ds2411.o)
                0x00000000000051b4                ds2411_init
 .text.wait_ready
                0x00000000000052d6       0x50 contiki-sky.a(xmem.o)
 .text.xmem_init
                0x0000000000005326       0x3e contiki-sky.a(xmem.o)
                0x0000000000005326                xmem_init
 .text.xmem_pread
                0x0000000000005364       0xea contiki-sky.a(xmem.o)
                0x0000000000005364                xmem_pread
 .text.node_id_restore
                0x000000000000544e       0x38 contiki-sky.a(node-id.o)
                0x000000000000544e                node_id_restore
 .text.process_thread_sensors_process
                0x0000000000005486       0xbe contiki-sky.a(sensors.o)
 .text.sensors_changed
                0x0000000000005544       0x2a contiki-sky.a(sensors.o)
                0x0000000000005544                sensors_changed
 .text.get_object
                0x000000000000556e        0x4 contiki-sky.a(cc2420.o)
 .text.set_object
                0x0000000000005572        0x4 contiki-sky.a(cc2420.o)
 .text.strobe   0x0000000000005576       0x20 contiki-sky.a(cc2420.o)
 .text.getreg   0x0000000000005596       0x54 contiki-sky.a(cc2420.o)
 .text.setreg   0x00000000000055ea       0x52 contiki-sky.a(cc2420.o)
 .text.write_ram
                0x000000000000563c       0x80 contiki-sky.a(cc2420.o)
 .text.write_fifo_buf
                0x00000000000056bc       0x40 contiki-sky.a(cc2420.o)
 .text.get_status
                0x00000000000056fc       0x24 contiki-sky.a(cc2420.o)
 .text.set_txpower
                0x0000000000005720       0x26 contiki-sky.a(cc2420.o)
 .text.cc2420_receiving_packet
                0x0000000000005746        0xe contiki-sky.a(cc2420.o)
 .text.pending_packet
                0x0000000000005754        0x8 contiki-sky.a(cc2420.o)
 .text.on       0x000000000000575c       0x26 contiki-sky.a(cc2420.o)
 .text.wait_for_transmission
                0x0000000000005782       0x22 contiki-sky.a(cc2420.o)
 .text.wait_for_status
                0x00000000000057a4       0x2a contiki-sky.a(cc2420.o)
 .text.getrxdata
                0x00000000000057ce       0x56 contiki-sky.a(cc2420.o)
 .text.flushrx  0x0000000000005824       0x1a contiki-sky.a(cc2420.o)
 .text.off      0x000000000000583e       0x62 contiki-sky.a(cc2420.o)
 .text.RELEASE_LOCK
                0x00000000000058a0       0x28 contiki-sky.a(cc2420.o)
 .text.set_key  0x00000000000058c8       0x18 contiki-sky.a(cc2420.o)
 .text.set_frame_filtering
                0x00000000000058e0       0x30 contiki-sky.a(cc2420.o)
 .text.set_auto_ack
                0x0000000000005910       0x30 contiki-sky.a(cc2420.o)
 .text.set_poll_mode
                0x0000000000005940       0x36 contiki-sky.a(cc2420.o)
 .text.cc2420_prepare
                0x0000000000005976       0x3c contiki-sky.a(cc2420.o)
 .text.cc2420_on
                0x00000000000059b2       0x22 contiki-sky.a(cc2420.o)
                0x00000000000059b2                cc2420_on
 .text.cc2420_off
                0x00000000000059d4       0x30 contiki-sky.a(cc2420.o)
                0x00000000000059d4                cc2420_off
 .text.cc2420_cca
                0x0000000000005a04       0x5e contiki-sky.a(cc2420.o)
 .text.cc2420_read
                0x0000000000005a62       0xc0 contiki-sky.a(cc2420.o)
 .text.process_thread_cc2420_process
                0x0000000000005b22       0x58 contiki-sky.a(cc2420.o)
 .text.encrypt  0x0000000000005b7a       0x8e contiki-sky.a(cc2420.o)
 .text.cc2420_set_channel
                0x0000000000005c08       0x3c contiki-sky.a(cc2420.o)
                0x0000000000005c08                cc2420_set_channel
 .text.cc2420_set_pan_addr
                0x0000000000005c44       0x4c contiki-sky.a(cc2420.o)
                0x0000000000005c44                cc2420_set_pan_addr
 .text.cc2420_interrupt
                0x0000000000005c90       0x18 contiki-sky.a(cc2420.o)
                0x0000000000005c90                cc2420_interrupt
 .text.cc2420_set_txpower
                0x0000000000005ca8        0xe contiki-sky.a(cc2420.o)
                0x0000000000005ca8                cc2420_set_txpower
 .text.cc2420_get_txpower
                0x0000000000005cb6       0x1e contiki-sky.a(cc2420.o)
                0x0000000000005cb6                cc2420_get_txpower
 .text.cc2420_transmit
                0x0000000000005cd4      0x134 contiki-sky.a(cc2420.o)
 .text.cc2420_send
                0x0000000000005e08       0x12 contiki-sky.a(cc2420.o)
 .text.cc2420_rssi
                0x0000000000005e1a       0x4c contiki-sky.a(cc2420.o)
                0x0000000000005e1a                cc2420_rssi
 .text.get_value
                0x0000000000005e66      0x108 contiki-sky.a(cc2420.o)
 .text.cc2420_set_cca_threshold
                0x0000000000005f6e       0x16 contiki-sky.a(cc2420.o)
                0x0000000000005f6e                cc2420_set_cca_threshold
 .text.set_value
                0x0000000000005f84       0xba contiki-sky.a(cc2420.o)
 .text.cc2420_init
                0x000000000000603e       0xf0 contiki-sky.a(cc2420.o)
                0x000000000000603e                cc2420_init
 .text.cc2420_port1_interrupt
                0x000000000000612e       0x62 contiki-sky.a(cc2420-arch.o)
                0x000000000000612e                __isr_4
                0x000000000000612e                cc2420_port1_interrupt
 .text.cc2420_arch_init
                0x0000000000006190       0x1a contiki-sky.a(cc2420-arch.o)
                0x0000000000006190                cc2420_arch_init
 .text.handle_rxdma_timer
                0x00000000000061aa       0x3a contiki-sky.a(uart1.o)
 .text.uart1_active
                0x00000000000061e4       0x1a contiki-sky.a(uart1.o)
                0x00000000000061e4                uart1_active
 .text.uart1_set_input
                0x00000000000061fe       0x20 contiki-sky.a(uart1.o)
                0x00000000000061fe                uart1_set_input
 .text.uart1_writeb
                0x000000000000621e       0x1a contiki-sky.a(uart1.o)
                0x000000000000621e                uart1_writeb
 .text.uart1_init
                0x0000000000006238       0xf6 contiki-sky.a(uart1.o)
                0x0000000000006238                uart1_init
 .text.putchar  0x000000000000632e       0x10 contiki-sky.a(uart1-putchar.o)
                0x000000000000632e                putchar
 .text.msp430_init_dco
                0x000000000000633e       0x84 contiki-sky.a(msp430.o)
                0x000000000000633e                msp430_init_dco
 .text.msp430_add_lpm_req
                0x00000000000063c2        0xc contiki-sky.a(msp430.o)
                0x00000000000063c2                msp430_add_lpm_req
 .text.msp430_cpu_init
                0x00000000000063ce       0x2a contiki-sky.a(msp430.o)
                0x00000000000063ce                msp430_cpu_init
 .text.splhigh_
                0x00000000000063f8        0x8 contiki-sky.a(msp430.o)
                0x00000000000063f8                splhigh_
 .text.msp430_sync_dco
                0x0000000000006400       0x68 contiki-sky.a(msp430.o)
                0x0000000000006400                msp430_sync_dco
 .text.timera1  0x0000000000006468      0x11e contiki-sky.a(clock.o)
                0x0000000000006468                __isr_5
                0x0000000000006468                timera1
 .text.clock_time
                0x0000000000006586       0x1a contiki-sky.a(clock.o)
                0x0000000000006586                clock_time
 .text.clock_init
                0x00000000000065a0       0x28 contiki-sky.a(clock.o)
                0x00000000000065a0                clock_init
 .text.clock_delay
                0x00000000000065c8        0xc contiki-sky.a(clock.o)
                0x00000000000065c8                clock_delay
 .text.show_leds
                0x00000000000065d4       0xf6 contiki-sky.a(leds.o)
 .text.leds_init
                0x00000000000066ca        0xa contiki-sky.a(leds.o)
                0x00000000000066ca                leds_init
 .text.leds_on  0x00000000000066d4        0xa contiki-sky.a(leds.o)
                0x00000000000066d4                leds_on
 .text.leds_off
                0x00000000000066de        0xe contiki-sky.a(leds.o)
                0x00000000000066de                leds_off
 .text.leds_arch_init
                0x00000000000066ec        0xe contiki-sky.a(leds-arch.o)
                0x00000000000066ec                leds_arch_init
 .text.leds_arch_set
                0x00000000000066fa       0x3a contiki-sky.a(leds-arch.o)
                0x00000000000066fa                leds_arch_set
 .text.watchdog_interrupt
                0x0000000000006734        0x6 contiki-sky.a(watchdog.o)
                0x0000000000006734                __isr_10
                0x0000000000006734                watchdog_interrupt
 .text.watchdog_start
                0x000000000000673a       0x14 contiki-sky.a(watchdog.o)
                0x000000000000673a                watchdog_start
 .text.watchdog_periodic
                0x000000000000674e       0x12 contiki-sky.a(watchdog.o)
                0x000000000000674e                watchdog_periodic
 .text.watchdog_stop
                0x0000000000006760       0x16 contiki-sky.a(watchdog.o)
                0x0000000000006760                watchdog_stop
 .text.watchdog_init
                0x0000000000006776       0x14 contiki-sky.a(watchdog.o)
                0x0000000000006776                watchdog_init
 .text.rtimer_arch_init
                0x000000000000678a        0xe contiki-sky.a(rtimer-arch.o)
                0x000000000000678a                rtimer_arch_init
 .text.rtimer_arch_now
                0x0000000000006798        0xe contiki-sky.a(rtimer-arch.o)
                0x0000000000006798                rtimer_arch_now
 .text.timera0  0x00000000000067a6       0x70 contiki-sky.a(rtimer-arch.o)
                0x00000000000067a6                __isr_6
                0x00000000000067a6                timera0
 .text.rtimer_arch_schedule
                0x0000000000006816        0x6 contiki-sky.a(rtimer-arch.o)
                0x0000000000006816                rtimer_arch_schedule
 .text.autostart_start
                0x000000000000681c       0x16 contiki-sky.a(autostart.o)
                0x000000000000681c                autostart_start
 .text.energest_init
                0x0000000000006832       0x28 contiki-sky.a(energest.o)
                0x0000000000006832                energest_init
 .text.energest_type_time
                0x000000000000685a       0x46 contiki-sky.a(energest.o)
                0x000000000000685a                energest_type_time
 .text.energest_type_set
                0x00000000000068a0        0xe contiki-sky.a(energest.o)
                0x00000000000068a0                energest_type_set
 .text.energest_flush
                0x00000000000068ae       0x48 contiki-sky.a(energest.o)
                0x00000000000068ae                energest_flush
 .text.process_thread_ctimer_process
                0x00000000000068f6       0xa4 contiki-sky.a(ctimer.o)
 .text.ctimer_init
                0x000000000000699a       0x18 contiki-sky.a(ctimer.o)
                0x000000000000699a                ctimer_init
 .text.ctimer_set_with_process
                0x00000000000069b2       0x4e contiki-sky.a(ctimer.o)
                0x00000000000069b2                ctimer_set_with_process
 .text.ctimer_set
                0x0000000000006a00       0x10 contiki-sky.a(ctimer.o)
                0x0000000000006a00                ctimer_set
 .text.ctimer_reset
                0x0000000000006a10       0x30 contiki-sky.a(ctimer.o)
                0x0000000000006a10                ctimer_reset
 .text.ctimer_stop
                0x0000000000006a40       0x28 contiki-sky.a(ctimer.o)
                0x0000000000006a40                ctimer_stop
 .text.update_time
                0x0000000000006a68       0x78 contiki-sky.a(etimer.o)
 .text.etimer_request_poll
                0x0000000000006ae0        0xa contiki-sky.a(etimer.o)
                0x0000000000006ae0                etimer_request_poll
 .text.process_thread_etimer_process
                0x0000000000006aea       0xc8 contiki-sky.a(etimer.o)
 .text.add_timer
                0x0000000000006bb2       0x40 contiki-sky.a(etimer.o)
 .text.etimer_set
                0x0000000000006bf2       0x12 contiki-sky.a(etimer.o)
                0x0000000000006bf2                etimer_set
 .text.etimer_reset
                0x0000000000006c04       0x12 contiki-sky.a(etimer.o)
                0x0000000000006c04                etimer_reset
 .text.etimer_expired
                0x0000000000006c16        0xe contiki-sky.a(etimer.o)
                0x0000000000006c16                etimer_expired
 .text.etimer_pending
                0x0000000000006c24        0xc contiki-sky.a(etimer.o)
                0x0000000000006c24                etimer_pending
 .text.etimer_next_expiration_time
                0x0000000000006c30       0x16 contiki-sky.a(etimer.o)
                0x0000000000006c30                etimer_next_expiration_time
 .text.etimer_stop
                0x0000000000006c46       0x3c contiki-sky.a(etimer.o)
                0x0000000000006c46                etimer_stop
 .text.call_process
                0x0000000000006c82       0x4a contiki-sky.a(process.o)
 .text.exit_process
                0x0000000000006ccc       0x96 contiki-sky.a(process.o)
 .text.do_poll  0x0000000000006d62       0x30 contiki-sky.a(process.o)
 .text.process_alloc_event
                0x0000000000006d92        0xe contiki-sky.a(process.o)
                0x0000000000006d92                process_alloc_event
 .text.process_init
                0x0000000000006da0       0x1c contiki-sky.a(process.o)
                0x0000000000006da0                process_init
 .text.process_run
                0x0000000000006dbc       0x92 contiki-sky.a(process.o)
                0x0000000000006dbc                process_run
 .text.process_nevents
                0x0000000000006e4e        0xe contiki-sky.a(process.o)
                0x0000000000006e4e                process_nevents
 .text.process_post
                0x0000000000006e5c       0x4e contiki-sky.a(process.o)
                0x0000000000006e5c                process_post
 .text.process_post_synch
                0x0000000000006eaa       0x12 contiki-sky.a(process.o)
                0x0000000000006eaa                process_post_synch
 .text.process_start
                0x0000000000006ebc       0x32 contiki-sky.a(process.o)
                0x0000000000006ebc                process_start
 .text.process_poll
                0x0000000000006eee       0x18 contiki-sky.a(process.o)
                0x0000000000006eee                process_poll
 .text.rtimer_init
                0x0000000000006f06        0x6 contiki-sky.a(rtimer.o)
                0x0000000000006f06                rtimer_init
 .text.rtimer_set
                0x0000000000006f0c       0x24 contiki-sky.a(rtimer.o)
                0x0000000000006f0c                rtimer_set
 .text.rtimer_run_next
                0x0000000000006f30       0x26 contiki-sky.a(rtimer.o)
                0x0000000000006f30                rtimer_run_next
 .text.timer_set
                0x0000000000006f56       0x1c contiki-sky.a(timer.o)
                0x0000000000006f56                timer_set
 .text.timer_reset
                0x0000000000006f72        0xe contiki-sky.a(timer.o)
                0x0000000000006f72                timer_reset
 .text.timer_expired
                0x0000000000006f80       0x2a contiki-sky.a(timer.o)
                0x0000000000006f80                timer_expired
 .text.process_thread_serial_line_process
                0x0000000000006faa       0x9c contiki-sky.a(serial-line.o)
 .text.serial_line_input_byte
                0x0000000000007046       0x4a contiki-sky.a(serial-line.o)
                0x0000000000007046                serial_line_input_byte
 .text.serial_line_init
                0x0000000000007090       0x1c contiki-sky.a(serial-line.o)
                0x0000000000007090                serial_line_init
 .text.ringbuf_init
                0x00000000000070ac       0x14 contiki-sky.a(ringbuf.o)
                0x00000000000070ac                ringbuf_init
 .text.ringbuf_put
                0x00000000000070c0       0x38 contiki-sky.a(ringbuf.o)
                0x00000000000070c0                ringbuf_put
 .text.ringbuf_get
                0x00000000000070f8       0x34 contiki-sky.a(ringbuf.o)
                0x00000000000070f8                ringbuf_get
 .text.list_init
                0x000000000000712c        0x6 contiki-sky.a(list.o)
                0x000000000000712c                list_init
 .text.list_head
                0x0000000000007132        0x4 contiki-sky.a(list.o)
                0x0000000000007132                list_head
 .text.list_tail
                0x0000000000007136       0x12 contiki-sky.a(list.o)
                0x0000000000007136                list_tail
 .text.list_remove
                0x0000000000007148       0x34 contiki-sky.a(list.o)
                0x0000000000007148                list_remove
 .text.list_push
                0x000000000000717c       0x1a contiki-sky.a(list.o)
                0x000000000000717c                list_push
 .text.list_add
                0x0000000000007196       0x2a contiki-sky.a(list.o)
                0x0000000000007196                list_add
 .text.list_length
                0x00000000000071c0       0x10 contiki-sky.a(list.o)
                0x00000000000071c0                list_length
 .text.list_item_next
                0x00000000000071d0        0xc contiki-sky.a(list.o)
                0x00000000000071d0                list_item_next
 .text.memb_init
                0x00000000000071dc       0x36 contiki-sky.a(memb.o)
                0x00000000000071dc                memb_init
 .text.memb_alloc
                0x0000000000007212       0x3e contiki-sky.a(memb.o)
                0x0000000000007212                memb_alloc
 .text.memb_free
                0x0000000000007250       0x3a contiki-sky.a(memb.o)
                0x0000000000007250                memb_free
 .text.memb_inmemb
                0x000000000000728a       0x2e contiki-sky.a(memb.o)
                0x000000000000728a                memb_inmemb
 .text.random_init
                0x00000000000072b8        0x6 contiki-sky.a(random.o)
                0x00000000000072b8                random_init
 .text.random_rand
                0x00000000000072be        0x6 contiki-sky.a(random.o)
                0x00000000000072be                random_rand
 .text.sent_by_abc
                0x00000000000072c4       0x10 contiki-sky.a(broadcast.o)
 .text.recv_from_abc
                0x00000000000072d4       0x26 contiki-sky.a(broadcast.o)
 .text.broadcast_open
                0x00000000000072fa       0x2a contiki-sky.a(broadcast.o)
                0x00000000000072fa                broadcast_open
 .text.broadcast_close
                0x0000000000007324        0x6 contiki-sky.a(broadcast.o)
                0x0000000000007324                broadcast_close
 .text.broadcast_send
                0x000000000000732a       0x1a contiki-sky.a(broadcast.o)
                0x000000000000732a                broadcast_send
 .text.input    0x0000000000007344       0x3a contiki-sky.a(rime.o)
 .text.init     0x000000000000737e       0x2e contiki-sky.a(rime.o)
 .text.packet_sent
                0x00000000000073ac       0x44 contiki-sky.a(rime.o)
 .text.rime_output
                0x00000000000073f0       0x24 contiki-sky.a(rime.o)
                0x00000000000073f0                rime_output
 .text.abc_open
                0x0000000000007414       0x26 contiki-sky.a(abc.o)
                0x0000000000007414                abc_open
 .text.abc_close
                0x000000000000743a        0x6 contiki-sky.a(abc.o)
                0x000000000000743a                abc_close
 .text.abc_send
                0x0000000000007440        0x6 contiki-sky.a(abc.o)
                0x0000000000007440                abc_send
 .text.abc_input
                0x0000000000007446        0xe contiki-sky.a(abc.o)
                0x0000000000007446                abc_input
 .text.abc_sent
                0x0000000000007454       0x10 contiki-sky.a(abc.o)
                0x0000000000007454                abc_sent
 .text.announcement_init
                0x0000000000007464        0xa contiki-sky.a(announcement.o)
                0x0000000000007464                announcement_init
 .text.announcement_register_observer_callback
                0x000000000000746e        0x6 contiki-sky.a(announcement.o)
                0x000000000000746e                announcement_register_observer_callback
 .text.announcement_list
                0x0000000000007474        0xa contiki-sky.a(announcement.o)
                0x0000000000007474                announcement_list
 .text.announcement_heard
                0x000000000000747e       0x42 contiki-sky.a(announcement.o)
                0x000000000000747e                announcement_heard
 .text.input_packet
                0x00000000000074c0        0x6 contiki-sky.a(csma.o)
 .text.on       0x00000000000074c6        0x6 contiki-sky.a(csma.o)
 .text.off      0x00000000000074cc        0x6 contiki-sky.a(csma.o)
 .text.channel_check_interval
                0x00000000000074d2       0x10 contiki-sky.a(csma.o)
 .text.transmit_packet_list
                0x00000000000074e2       0x24 contiki-sky.a(csma.o)
 .text.schedule_transmission
                0x0000000000007506       0x94 contiki-sky.a(csma.o)
 .text.send_packet
                0x000000000000759a      0x170 contiki-sky.a(csma.o)
 .text.init     0x000000000000770a       0x1a contiki-sky.a(csma.o)
 .text.tx_done  0x0000000000007724       0x98 contiki-sky.a(csma.o)
 .text.packet_sent
                0x00000000000077bc       0xd2 contiki-sky.a(csma.o)
 .text.on       0x000000000000788e        0x6 contiki-sky.a(nullrdc.o)
 .text.channel_check_interval
                0x0000000000007894        0x4 contiki-sky.a(nullrdc.o)
 .text.init     0x0000000000007898        0x6 contiki-sky.a(nullrdc.o)
 .text.send_one_packet
                0x000000000000789e       0x6a contiki-sky.a(nullrdc.o)
 .text.send_list
                0x0000000000007908       0x30 contiki-sky.a(nullrdc.o)
 .text.send_packet
                0x0000000000007938        0x6 contiki-sky.a(nullrdc.o)
 .text.off      0x000000000000793e       0x10 contiki-sky.a(nullrdc.o)
 .text.packet_input
                0x000000000000794e       0x26 contiki-sky.a(nullrdc.o)
 .text.queuebuf_init
                0x0000000000007974       0x12 contiki-sky.a(queuebuf.o)
                0x0000000000007974                queuebuf_init
 .text.queuebuf_new_from_packetbuf
                0x0000000000007986       0x52 contiki-sky.a(queuebuf.o)
                0x0000000000007986                queuebuf_new_from_packetbuf
 .text.queuebuf_update_attr_from_packetbuf
                0x00000000000079d8       0x12 contiki-sky.a(queuebuf.o)
                0x00000000000079d8                queuebuf_update_attr_from_packetbuf
 .text.queuebuf_free
                0x00000000000079ea       0x2a contiki-sky.a(queuebuf.o)
                0x00000000000079ea                queuebuf_free
 .text.queuebuf_to_packetbuf
                0x0000000000007a14       0x32 contiki-sky.a(queuebuf.o)
                0x0000000000007a14                queuebuf_to_packetbuf
 .text.queuebuf_attr
                0x0000000000007a46        0xe contiki-sky.a(queuebuf.o)
                0x0000000000007a46                queuebuf_attr
 .text.packetbuf_hdrreduce
                0x0000000000007a54       0x1a contiki-sky.a(packetbuf.o)
                0x0000000000007a54                packetbuf_hdrreduce
 .text.packetbuf_set_datalen
                0x0000000000007a6e        0x6 contiki-sky.a(packetbuf.o)
                0x0000000000007a6e                packetbuf_set_datalen
 .text.packetbuf_hdrptr
                0x0000000000007a74        0x6 contiki-sky.a(packetbuf.o)
                0x0000000000007a74                packetbuf_hdrptr
 .text.packetbuf_datalen
                0x0000000000007a7a        0x6 contiki-sky.a(packetbuf.o)
                0x0000000000007a7a                packetbuf_datalen
 .text.packetbuf_hdrlen
                0x0000000000007a80        0xa contiki-sky.a(packetbuf.o)
                0x0000000000007a80                packetbuf_hdrlen
 .text.packetbuf_dataptr
                0x0000000000007a8a        0xc contiki-sky.a(packetbuf.o)
                0x0000000000007a8a                packetbuf_dataptr
 .text.packetbuf_copyto
                0x0000000000007a96       0x46 contiki-sky.a(packetbuf.o)
                0x0000000000007a96                packetbuf_copyto
 .text.packetbuf_compact
                0x0000000000007adc       0x36 contiki-sky.a(packetbuf.o)
                0x0000000000007adc                packetbuf_compact
 .text.packetbuf_totlen
                0x0000000000007b12        0xc contiki-sky.a(packetbuf.o)
                0x0000000000007b12                packetbuf_totlen
 .text.packetbuf_hdralloc
                0x0000000000007b1e       0x3a contiki-sky.a(packetbuf.o)
                0x0000000000007b1e                packetbuf_hdralloc
 .text.packetbuf_attr_clear
                0x0000000000007b58       0x2c contiki-sky.a(packetbuf.o)
                0x0000000000007b58                packetbuf_attr_clear
 .text.packetbuf_clear
                0x0000000000007b84       0x12 contiki-sky.a(packetbuf.o)
                0x0000000000007b84                packetbuf_clear
 .text.packetbuf_copyfrom
                0x0000000000007b96       0x2e contiki-sky.a(packetbuf.o)
                0x0000000000007b96                packetbuf_copyfrom
 .text.packetbuf_attr_copyto
                0x0000000000007bc4       0x20 contiki-sky.a(packetbuf.o)
                0x0000000000007bc4                packetbuf_attr_copyto
 .text.packetbuf_attr_copyfrom
                0x0000000000007be4       0x22 contiki-sky.a(packetbuf.o)
                0x0000000000007be4                packetbuf_attr_copyfrom
 .text.packetbuf_holds_broadcast
                0x0000000000007c06        0xe contiki-sky.a(packetbuf.o)
                0x0000000000007c06                packetbuf_holds_broadcast
 .text.linkaddr_copy
                0x0000000000007c14        0xc contiki-sky.a(linkaddr.o)
                0x0000000000007c14                linkaddr_copy
 .text.linkaddr_cmp
                0x0000000000007c20       0x12 contiki-sky.a(linkaddr.o)
                0x0000000000007c20                linkaddr_cmp
 .text.linkaddr_set_node_addr
                0x0000000000007c32        0xc contiki-sky.a(linkaddr.o)
                0x0000000000007c32                linkaddr_set_node_addr
 .text.init     0x0000000000007c3e        0x2 contiki-sky.a(nullsec.o)
 .text.send     0x0000000000007c40        0xa contiki-sky.a(nullsec.o)
 .text.input    0x0000000000007c4a        0x6 contiki-sky.a(nullsec.o)
 .text.spi_init
                0x0000000000007c50       0x32 contiki-sky.a(spi.o)
                0x0000000000007c50                spi_init
 .text.adv_packet_sent
                0x0000000000007c82        0x2 contiki-sky.a(broadcast-annou)
 .text.adv_packet_received
                0x0000000000007c84       0x66 contiki-sky.a(broadcast-annou)
 .text.set_timers
                0x0000000000007cea       0x4a contiki-sky.a(broadcast-annou)
 .text.send_timer
                0x0000000000007d34       0x36 contiki-sky.a(broadcast-annou)
 .text.new_announcement
                0x0000000000007d6a       0x18 contiki-sky.a(broadcast-annou)
 .text.send_adv
                0x0000000000007d82       0x66 contiki-sky.a(broadcast-annou)
 .text.broadcast_announcement_init
                0x0000000000007de8       0x48 contiki-sky.a(broadcast-annou)
                0x0000000000007de8                broadcast_announcement_init
 .text.channel_init
                0x0000000000007e30        0xa contiki-sky.a(channel.o)
                0x0000000000007e30                channel_init
 .text.channel_open
                0x0000000000007e3a       0x10 contiki-sky.a(channel.o)
                0x0000000000007e3a                channel_open
 .text.channel_close
                0x0000000000007e4a        0xc contiki-sky.a(channel.o)
                0x0000000000007e4a                channel_close
 .text.channel_lookup
                0x0000000000007e56       0x20 contiki-sky.a(channel.o)
                0x0000000000007e56                channel_lookup
 .text.channel_set_attributes
                0x0000000000007e76       0x24 contiki-sky.a(channel.o)
                0x0000000000007e76                channel_set_attributes
 .text.chameleon_init
                0x0000000000007e9a        0x6 contiki-sky.a(chameleon.o)
                0x0000000000007e9a                chameleon_init
 .text.chameleon_parse
                0x0000000000007ea0       0x10 contiki-sky.a(chameleon.o)
                0x0000000000007ea0                chameleon_parse
 .text.chameleon_create
                0x0000000000007eb0       0x1c contiki-sky.a(chameleon.o)
                0x0000000000007eb0                chameleon_create
 .text.chameleon_hdrsize
                0x0000000000007ecc        0x6 contiki-sky.a(chameleon.o)
                0x0000000000007ecc                chameleon_hdrsize
 .text.mac_call_sent_callback
                0x0000000000007ed2       0x14 contiki-sky.a(mac.o)
                0x0000000000007ed2                mac_call_sent_callback
 .text.parse    0x0000000000007ee6       0xb0 contiki-sky.a(framer-802154.o)
 .text.create_frame.isra.0
                0x0000000000007f96      0x114 contiki-sky.a(framer-802154.o)
 .text.create   0x00000000000080aa        0x8 contiki-sky.a(framer-802154.o)
 .text.hdr_length
                0x00000000000080b2        0x8 contiki-sky.a(framer-802154.o)
 .text.get_bits_in_byte
                0x00000000000080ba       0x3a contiki-sky.a(chameleon-bitop)
 .text.header_size
                0x00000000000080f4       0x16 contiki-sky.a(chameleon-bitop)
 .text.get_bits
                0x000000000000810a       0xa4 contiki-sky.a(chameleon-bitop)
                0x000000000000810a                get_bits
 .text.unpack_header
                0x00000000000081ae       0xdc contiki-sky.a(chameleon-bitop)
 .text.set_bits
                0x000000000000828a      0x116 contiki-sky.a(chameleon-bitop)
                0x000000000000828a                set_bits
 .text.pack_header
                0x00000000000083a0       0xc4 contiki-sky.a(chameleon-bitop)
 .text.frame802154_get_pan_id
                0x0000000000008464        0x6 contiki-sky.a(frame802154.o)
                0x0000000000008464                frame802154_get_pan_id
 .text.frame802154_has_panid
                0x000000000000846a       0xdc contiki-sky.a(frame802154.o)
                0x000000000000846a                frame802154_has_panid
 .text.field_len
                0x0000000000008546       0xb2 contiki-sky.a(frame802154.o)
 .text.frame802154_is_broadcast_addr
                0x00000000000085f8       0x24 contiki-sky.a(frame802154.o)
                0x00000000000085f8                frame802154_is_broadcast_addr
 .text.frame802154_hdrlen
                0x000000000000861c       0x32 contiki-sky.a(frame802154.o)
                0x000000000000861c                frame802154_hdrlen
 .text.frame802154_create_fcf
                0x000000000000864e       0x96 contiki-sky.a(frame802154.o)
                0x000000000000864e                frame802154_create_fcf
 .text.frame802154_create
                0x00000000000086e4       0xe4 contiki-sky.a(frame802154.o)
                0x00000000000086e4                frame802154_create
 .text.frame802154_parse_fcf
                0x00000000000087c8       0xbe contiki-sky.a(frame802154.o)
                0x00000000000087c8                frame802154_parse_fcf
 .text.frame802154_parse
                0x0000000000008886      0x18c contiki-sky.a(frame802154.o)
                0x0000000000008886                frame802154_parse
 .text.libgcc   0x0000000000008a12       0x2c /usr/lib/gcc/msp430/4.6.3/mmpy-16/libgcc.a(_mulsi3.o)
                0x0000000000008a12                __mulsi3
 .text.libgcc   0x0000000000008a3e       0x22 /usr/lib/gcc/msp430/4.6.3/mmpy-16/libgcc.a(_udivmod16.o)
                0x0000000000008a3e                __udivhi3
                0x0000000000008a3e                __ext_udivmod16
                0x0000000000008a58                __umodhi3
 .text.libgcc   0x0000000000008a60       0x40 /usr/lib/gcc/msp430/4.6.3/mmpy-16/libgcc.a(_udivmod32.o)
                0x0000000000008a60                __udivsi3
                0x0000000000008a60                __ext_udivmod32
                0x0000000000008a96                __umodsi3
 .text          0x0000000000008aa0       0x20 /usr/lib/gcc/msp430/4.6.3/../../../../msp430/lib/mmpy-16/libc.a(memcmp.o)
                0x0000000000008aa0                memcmp
 .text          0x0000000000008ac0       0xfa /usr/lib/gcc/msp430/4.6.3/../../../../msp430/lib/mmpy-16/libc.a(memcpy.o)
                0x0000000000008ac0                memcpy
 .text          0x0000000000008bba       0x6a /usr/lib/gcc/msp430/4.6.3/../../../../msp430/lib/mmpy-16/libc.a(memset.o)
                0x0000000000008bba                memset
 .text          0x0000000000008c24       0x1e /usr/lib/gcc/msp430/4.6.3/../../../../msp430/lib/mmpy-16/libc.a(printf.o)
                0x0000000000008c24                printf
                0x0000000000008c34                vprintf
 .text          0x0000000000008c42      0x836 /usr/lib/gcc/msp430/4.6.3/../../../../msp430/lib/mmpy-16/libc.a(vuprintf.o)
                0x0000000000008dda                vuprintf
 .text          0x0000000000009478       0x2c /usr/lib/gcc/msp430/4.6.3/../../../../msp430/lib/mmpy-16/libc.a(puts.o)
                0x0000000000009478                puts
 .text          0x00000000000094a4       0x54 /usr/lib/gcc/msp430/4.6.3/../../../../msp430/lib/mmpy-16/libc.a(rand.o)
                0x00000000000094a4                rand_r
                0x00000000000094c8                rand
                0x00000000000094ee                srand
 .text.libgcc   0x00000000000094f8       0xf0 /usr/lib/gcc/msp430/4.6.3/mmpy-16/libgcc.a(_udivmod64.o)
                0x00000000000094f8                __xabi_udivmod64
                0x0000000000009556                __udivdi3
                0x000000000000957c                __umoddi3
                0x00000000000095aa                __udivmoddi4
 .text.crt0     0x00000000000095e8        0x2 /usr/lib/gcc/msp430/4.6.3/mmpy-16/libcrt0.a(_unexpected_.o)
                0x00000000000095e8                _unexpected_
                0x00000000000095ea                . = ALIGN (0x2)

.rodata         0x00000000000095ea      0x3d8
                0x00000000000095ea                . = ALIGN (0x2)
 *(.rodata .rodata.* .gnu.linkonce.r.*)
 .rodata        0x00000000000095ea       0x7e final_proj.co
                0x000000000000963c                autostart_processes
 .rodata        0x0000000000009668       0xe7 obj_sky/contiki-sky-main.o
 .rodata        0x000000000000974f      0x148 contiki-sky.a(powertrace.o)
 *fill*         0x0000000000009897        0x1 00
 .rodata        0x0000000000009898       0x10 contiki-sky.a(button-sensor.o)
                0x00000000000098a0                button_sensor
 .rodata        0x00000000000098a8        0x8 contiki-sky.a(sensors.o)
 .rodata        0x00000000000098b0       0x70 contiki-sky.a(cc2420.o)
                0x00000000000098e2                cc2420_aes_128_driver
                0x00000000000098e6                cc2420_driver
 .rodata        0x0000000000009920        0xf contiki-sky.a(ctimer.o)
 .rodata        0x000000000000992f        0xc contiki-sky.a(etimer.o)
 .rodata        0x000000000000993b        0xe contiki-sky.a(serial-line.o)
 *fill*         0x0000000000009949        0x1 00
 .rodata        0x000000000000994a        0x8 contiki-sky.a(broadcast.o)
 .rodata        0x0000000000009952        0xc contiki-sky.a(rime.o)
                0x0000000000009958                rime_driver
 .rodata        0x000000000000995e        0x2 contiki-sky.a(abc.o)
 .rodata        0x0000000000009960       0x14 contiki-sky.a(csma.o)
                0x0000000000009966                csma_driver
 .rodata        0x0000000000009974       0x18 contiki-sky.a(nullrdc.o)
                0x000000000000997c                nullrdc_driver
 .rodata        0x000000000000998c        0x2 contiki-sky.a(linkaddr.o)
                0x000000000000998c                linkaddr_null
 .rodata        0x000000000000998e       0x10 contiki-sky.a(nullsec.o)
                0x0000000000009996                nullsec_driver
 .rodata        0x000000000000999e        0x4 contiki-sky.a(broadcast-annou)
 .rodata        0x00000000000099a2        0x6 contiki-sky.a(framer-802154.o)
                0x00000000000099a2                framer_802154
 .rodata        0x00000000000099a8       0x10 contiki-sky.a(chameleon-bitop)
                0x00000000000099a8                chameleon_bitopt
 .rodata        0x00000000000099b8        0x2 contiki-sky.a(frame802154.o)
 .rodata        0x00000000000099ba        0x7 /usr/lib/gcc/msp430/4.6.3/../../../../msp430/lib/mmpy-16/libc.a(vuprintf.o)
                0x00000000000099c2                . = ALIGN (0x2)
 *fill*         0x00000000000099c1        0x1 00
                0x00000000000099c2                _etext = .

.data           0x0000000000001100       0x90 load address 0x00000000000099c2
                0x0000000000001100                . = ALIGN (0x2)
                0x0000000000001100                PROVIDE (__data_start, .)
 *(.data .data.* .gnu.linkonce.d.*)
 .data          0x0000000000001100        0xa final_proj.co
                0x0000000000001100                cc2650_nbr_discovery_process
 .data          0x000000000000110a       0x1e contiki-sky.a(powertrace.o)
                0x000000000000110a                powertrace_process
 .data          0x0000000000001128        0x4 contiki-sky.a(contiki-sky-pla)
                0x0000000000001128                sensors
 .data          0x000000000000112c        0xa contiki-sky.a(sensors.o)
                0x000000000000112c                sensors_process
 .data          0x0000000000001136        0xc contiki-sky.a(cc2420.o)
                0x0000000000001136                cc2420_process
 .data          0x0000000000001142        0x2 contiki-sky.a(msp430.o)
 .data          0x0000000000001144        0xa contiki-sky.a(ctimer.o)
                0x0000000000001144                ctimer_process
 .data          0x000000000000114e        0xa contiki-sky.a(etimer.o)
                0x000000000000114e                etimer_process
 .data          0x0000000000001158        0xa contiki-sky.a(serial-line.o)
                0x0000000000001158                serial_line_process
 .data          0x0000000000001162       0x18 contiki-sky.a(csma.o)
 .data          0x000000000000117a       0x10 contiki-sky.a(queuebuf.o)
 .data          0x000000000000118a        0x2 contiki-sky.a(frame802154.o)
 .data          0x000000000000118c        0x4 /usr/lib/gcc/msp430/4.6.3/../../../../msp430/lib/mmpy-16/libc.a(rand.o)
                0x0000000000001190                . = ALIGN (0x2)
                0x0000000000001190                _edata = .
                0x00000000000099c2                PROVIDE (__data_load_start, LOADADDR (.data))
                0x0000000000000090                PROVIDE (__data_size, SIZEOF (.data))

.bss            0x0000000000001190     0x1554 load address 0x0000000000009a52
                0x0000000000001190                PROVIDE (__bss_start, .)
 *(.bss .bss.*)
 .bss           0x0000000000001190       0x32 final_proj.co
                0x0000000000001190                numNodes
 .bss           0x00000000000011c2        0xc obj_sky/contiki-sky-main.o
 .bss           0x00000000000011ce      0x2fe contiki-sky.a(powertrace.o)
 .bss           0x00000000000014cc        0x8 contiki-sky.a(button-sensor.o)
 .bss           0x00000000000014d4        0x2 contiki-sky.a(node-id.o)
                0x00000000000014d4                node_id
 .bss           0x00000000000014d6        0x6 contiki-sky.a(sensors.o)
 .bss           0x00000000000014dc        0xa contiki-sky.a(cc2420.o)
 .bss           0x00000000000014e6       0x9a contiki-sky.a(uart1.o)
 .bss           0x0000000000001580        0xa contiki-sky.a(clock.o)
 .bss           0x000000000000158a        0x1 contiki-sky.a(leds.o)
 *fill*         0x000000000000158b        0x1 00
 .bss           0x000000000000158c        0x2 contiki-sky.a(watchdog.o)
 .bss           0x000000000000158e        0x4 contiki-sky.a(ctimer.o)
 .bss           0x0000000000001592        0x6 contiki-sky.a(etimer.o)
 .bss           0x0000000000001598       0x38 contiki-sky.a(process.o)
                0x0000000000001598                process_current
                0x000000000000159a                process_list
 .bss           0x00000000000015d0        0x2 contiki-sky.a(rtimer.o)
 .bss           0x00000000000015d2      0x10a contiki-sky.a(serial-line.o)
 .bss           0x00000000000016dc        0x2 contiki-sky.a(rime.o)
 .bss           0x00000000000016de        0x6 contiki-sky.a(announcement.o)
 .bss           0x00000000000016e4      0x124 contiki-sky.a(csma.o)
 .bss           0x0000000000001808      0xc20 contiki-sky.a(queuebuf.o)
 .bss           0x0000000000002428       0x86 contiki-sky.a(packetbuf.o)
 .bss           0x00000000000024ae       0x46 contiki-sky.a(broadcast-annou)
 .bss           0x00000000000024f4        0x2 contiki-sky.a(channel.o)
 .bss           0x00000000000024f6        0x2 contiki-sky.a(framer-802154.o)
 *(COMMON)
 COMMON         0x00000000000024f8      0x130 final_proj.co
                0x00000000000024f8                nodes
                0x0000000000002624                curr_timestamp
 COMMON         0x0000000000002628        0x2 contiki-sky.a(contiki-sky-pla)
                0x0000000000002628                sensors_flags
 COMMON         0x000000000000262a        0x8 contiki-sky.a(ds2411.o)
                0x000000000000262a                ds2411_id
 COMMON         0x0000000000002632        0x1 contiki-sky.a(sensors.o)
                0x0000000000002632                sensors_event
 *fill*         0x0000000000002633        0x1 00
 COMMON         0x0000000000002634       0x10 contiki-sky.a(cc2420.o)
                0x0000000000002634                cc2420_last_rssi
                0x0000000000002636                cc2420_sfd_start_time
                0x0000000000002638                cc2420_time_of_departure
                0x000000000000263a                cc2420_time_of_arrival
                0x000000000000263c                cc2420_last_correlation
                0x000000000000263e                cc2420_authority_level_of_sender
                0x0000000000002640                cc2420_sfd_counter
                0x0000000000002642                cc2420_sfd_end_time
 COMMON         0x0000000000002644        0x2 contiki-sky.a(msp430.o)
                0x0000000000002644                msp430_dco_required
 COMMON         0x0000000000002646       0x56 contiki-sky.a(energest.o)
                0x0000000000002646                energest_total_time
                0x0000000000002676                energest_total_count
                0x0000000000002678                energest_current_mode
                0x0000000000002684                energest_current_time
 COMMON         0x000000000000269c        0x8 contiki-sky.a(compower.o)
                0x000000000000269c                compower_idle_activity
 COMMON         0x00000000000026a4        0x1 contiki-sky.a(process.o)
                0x00000000000026a4                process_maxevents
 COMMON         0x00000000000026a5        0x1 contiki-sky.a(serial-line.o)
                0x00000000000026a5                serial_line_event_message
 COMMON         0x00000000000026a6       0x3c contiki-sky.a(packetbuf.o)
                0x00000000000026a6                packetbuf_addrs
                0x00000000000026ae                packetbuf_attrs
 COMMON         0x00000000000026e2        0x2 contiki-sky.a(linkaddr.o)
                0x00000000000026e2                linkaddr_node_addr
                0x00000000000026e4                . = ALIGN (0x2)
                0x00000000000026e4                PROVIDE (__bss_end, .)
                0x0000000000001554                PROVIDE (__bss_size, SIZEOF (.bss))

.noinit         0x00000000000026e4        0x2 load address 0x0000000000009a52
                0x00000000000026e4                PROVIDE (__noinit_start, .)
 *(.noinit .noinit.*)
 .noinit.crt0   0x00000000000026e4        0x2 /usr/lib/gcc/msp430/4.6.3/mmpy-16/libcrt0.a(__watchdog_support.o)
                0x00000000000026e4                __wdt_clear_value
                0x00000000000026e6                . = ALIGN (0x2)
                0x00000000000026e6                PROVIDE (__noinit_end, .)
                0x00000000000026e6                . = ALIGN (0x2)
                0x00000000000026e6                _end = .

.infomem        0x0000000000001000        0x0
 *(.infomem)
                0x0000000000001000                . = ALIGN (0x2)
 *(.infomem.*)

.infomemnobits  0x0000000000001000        0x0
 *(.infomemnobits)
                0x0000000000001000                . = ALIGN (0x2)
 *(.infomemnobits.*)

.infoa
 *(.infoa .infoa.*)

.infob
 *(.infob .infob.*)

.infoc
 *(.infoc .infoc.*)

.infod
 *(.infod .infod.*)

.vectors        0x000000000000ffe0       0x20
                0x000000000000ffe0                PROVIDE (__vectors_start, .)
 *(.vectors*)
 .vectors       0x000000000000ffe0       0x20 /usr/lib/gcc/msp430/4.6.3/mmpy-16/crt0ivtbl16.o
                0x000000000000ffe0                __ivtbl_16
                0x0000000000010000                _vectors_end = .

.fartext        0x0000000000000000        0x0
                0x0000000000000000                . = ALIGN (0x2)
 *(.fartext)
                0x0000000000000000                . = ALIGN (0x2)
 *(.fartext.*)
                0x0000000000000000                _efartext = .

.profiler
 *(.profiler)

.stab           0x0000000000000000    0x195e4
 *(.stab)
 .stab          0x0000000000000000     0x16bc final_proj.co
 .stab          0x00000000000016bc     0x1074 obj_sky/contiki-sky-main.o
                                       0x17a0 (size before relaxing)
 .stab          0x0000000000002730     0x12e4 contiki-sky.a(powertrace.o)
                                       0x1dc4 (size before relaxing)
 .stab          0x0000000000003a14      0x264 contiki-sky.a(contiki-sky-pla)
                                        0x5b8 (size before relaxing)
 .stab          0x0000000000003c78      0x468 contiki-sky.a(button-sensor.o)
                                        0x7d4 (size before relaxing)
 .stab          0x00000000000040e0      0x624 contiki-sky.a(ds2411.o)
                                        0xb40 (size before relaxing)
 .stab          0x0000000000004704      0xa38 contiki-sky.a(xmem.o)
                                        0xf60 (size before relaxing)
 .stab          0x000000000000513c      0x2b8 contiki-sky.a(node-id.o)
                                        0x4e0 (size before relaxing)
 .stab          0x00000000000053f4      0x654 contiki-sky.a(sensors.o)
                                        0xb70 (size before relaxing)
 .stab          0x0000000000005a48     0x28d4 contiki-sky.a(cc2420.o)
                                       0x3030 (size before relaxing)
 .stab          0x000000000000831c      0xa44 contiki-sky.a(cc2420-arch.o)
                                       0x13f8 (size before relaxing)
 .stab          0x0000000000008d60      0x60c contiki-sky.a(uart1.o)
                                        0x960 (size before relaxing)
 .stab          0x000000000000936c      0x234 contiki-sky.a(uart1-putchar.o)
                                        0x588 (size before relaxing)
 .stab          0x00000000000095a0      0x744 contiki-sky.a(msp430.o)
                                        0xa98 (size before relaxing)
 .stab          0x0000000000009ce4      0x948 contiki-sky.a(clock.o)
                                        0xc9c (size before relaxing)
 .stab          0x000000000000a62c      0x5dc contiki-sky.a(leds.o)
                                        0x828 (size before relaxing)
 .stab          0x000000000000ac08      0x3a8 contiki-sky.a(leds-arch.o)
                                        0x6fc (size before relaxing)
 .stab          0x000000000000afb0      0x3fc contiki-sky.a(watchdog.o)
                                        0x750 (size before relaxing)
 .stab          0x000000000000b3ac      0x3cc contiki-sky.a(rtimer-arch.o)
                                        0x720 (size before relaxing)
 .stab          0x000000000000b778      0x294 contiki-sky.a(autostart.o)
                                        0x534 (size before relaxing)
 .stab          0x000000000000ba0c      0x474 contiki-sky.a(energest.o)
                                        0x6fc (size before relaxing)
 .stab          0x000000000000be80      0x858 contiki-sky.a(ctimer.o)
                                        0xbc4 (size before relaxing)
 .stab          0x000000000000c6d8      0xabc contiki-sky.a(etimer.o)
                                        0xd8c (size before relaxing)
 .stab          0x000000000000d194      0x588 contiki-sky.a(compower.o)
                                        0xd20 (size before relaxing)
 .stab          0x000000000000d71c      0xba0 contiki-sky.a(process.o)
                                       0x1038 (size before relaxing)
 .stab          0x000000000000e2bc      0x3a8 contiki-sky.a(rtimer.o)
                                        0x6c0 (size before relaxing)
 .stab          0x000000000000e664      0x354 contiki-sky.a(timer.o)
                                        0x594 (size before relaxing)
 .stab          0x000000000000e9b8      0x534 contiki-sky.a(serial-line.o)
                                        0xa50 (size before relaxing)
 .stab          0x000000000000eeec      0x3fc contiki-sky.a(ringbuf.o)
                                        0x63c (size before relaxing)
 .stab          0x000000000000f2e8      0x7f8 contiki-sky.a(list.o)
                                        0x804 (size before relaxing)
 .stab          0x000000000000fae0      0x5c4 contiki-sky.a(memb.o)
                                        0xaf8 (size before relaxing)
 .stab          0x00000000000100a4      0x24c contiki-sky.a(random.o)
                                        0x624 (size before relaxing)
 .stab          0x00000000000102f0      0x6d8 contiki-sky.a(broadcast.o)
                                       0x1500 (size before relaxing)
 .stab          0x00000000000109c8      0xbc4 contiki-sky.a(rime.o)
                                       0x1410 (size before relaxing)
 .stab          0x000000000001158c      0x66c contiki-sky.a(abc.o)
                                       0x1494 (size before relaxing)
 .stab          0x0000000000011bf8      0x6e4 contiki-sky.a(announcement.o)
                                        0x984 (size before relaxing)
 .stab          0x00000000000122dc      0xcf0 contiki-sky.a(csma.o)
                                       0x1680 (size before relaxing)
 .stab          0x0000000000012fcc      0x708 contiki-sky.a(nullrdc.o)
                                       0x1050 (size before relaxing)
 .stab          0x00000000000136d4      0xa5c contiki-sky.a(queuebuf.o)
                                       0x1884 (size before relaxing)
 .stab          0x0000000000014130      0xc60 contiki-sky.a(packetbuf.o)
                                       0x1aa0 (size before relaxing)
 .stab          0x0000000000014d90      0x2c4 contiki-sky.a(linkaddr.o)
                                        0x6c0 (size before relaxing)
 .stab          0x0000000000015054      0x3c0 contiki-sky.a(nullsec.o)
                                        0xcf0 (size before relaxing)
 .stab          0x0000000000015414      0x204 contiki-sky.a(spi.o)
                                        0x42c (size before relaxing)
 .stab          0x0000000000015618      0x948 contiki-sky.a(broadcast-annou)
                                       0x15c0 (size before relaxing)
 .stab          0x0000000000015f60      0x678 contiki-sky.a(channel.o)
                                       0x129c (size before relaxing)
 .stab          0x00000000000165d8      0x594 contiki-sky.a(chameleon.o)
                                       0x123c (size before relaxing)
 .stab          0x0000000000016b6c      0x1f8 contiki-sky.a(mac.o)
                                        0x4ec (size before relaxing)
 .stab          0x0000000000016d64      0x924 contiki-sky.a(framer-802154.o)
                                        0xf30 (size before relaxing)
 .stab          0x0000000000017688      0xd80 contiki-sky.a(chameleon-bitop)
                                       0x19f8 (size before relaxing)
 .stab          0x0000000000018408     0x11dc contiki-sky.a(frame802154.o)
                                       0x19c8 (size before relaxing)

.stabstr        0x0000000000000000    0x14ed0
 *(.stabstr)
 .stabstr       0x0000000000000000    0x14ed0 final_proj.co

.stab.excl
 *(.stab.excl)

.stab.exclstr
 *(.stab.exclstr)

.stab.index
 *(.stab.index)

.stab.indexstr
 *(.stab.indexstr)

.comment
 *(.comment)

.debug
 *(.debug)

.line
 *(.line)

.debug_srcinfo
 *(.debug_srcinfo)

.debug_sfnames
 *(.debug_sfnames)

.debug_aranges  0x0000000000000000      0x168
 *(.debug_aranges)
 .debug_aranges
                0x0000000000000000       0x14 /usr/lib/gcc/msp430/4.6.3/mmpy-16/libgcc.a(_mulsi3.o)
 .debug_aranges
                0x0000000000000014       0x14 /usr/lib/gcc/msp430/4.6.3/mmpy-16/libgcc.a(_udivmod16.o)
 .debug_aranges
                0x0000000000000028       0x14 /usr/lib/gcc/msp430/4.6.3/mmpy-16/libgcc.a(_udivmod32.o)
 .debug_aranges
                0x000000000000003c       0x14 /usr/lib/gcc/msp430/4.6.3/../../../../msp430/lib/mmpy-16/libc.a(strncmp.o)
 .debug_aranges
                0x0000000000000050       0x14 /usr/lib/gcc/msp430/4.6.3/../../../../msp430/lib/mmpy-16/libc.a(memcmp.o)
 .debug_aranges
                0x0000000000000064       0x14 /usr/lib/gcc/msp430/4.6.3/../../../../msp430/lib/mmpy-16/libc.a(memcpy.o)
 .debug_aranges
                0x0000000000000078       0x14 /usr/lib/gcc/msp430/4.6.3/../../../../msp430/lib/mmpy-16/libc.a(memset.o)
 .debug_aranges
                0x000000000000008c       0x14 /usr/lib/gcc/msp430/4.6.3/../../../../msp430/lib/mmpy-16/libc.a(printf.o)
 .debug_aranges
                0x00000000000000a0       0x14 /usr/lib/gcc/msp430/4.6.3/../../../../msp430/lib/mmpy-16/libc.a(vuprintf.o)
 .debug_aranges
                0x00000000000000b4       0x14 /usr/lib/gcc/msp430/4.6.3/../../../../msp430/lib/mmpy-16/libc.a(puts.o)
 .debug_aranges
                0x00000000000000c8       0x14 /usr/lib/gcc/msp430/4.6.3/../../../../msp430/lib/mmpy-16/libc.a(rand.o)
 .debug_aranges
                0x00000000000000dc       0x14 /usr/lib/gcc/msp430/4.6.3/mmpy-16/libgcc.a(_udivmod64.o)
 .debug_aranges
                0x00000000000000f0       0x14 /usr/lib/gcc/msp430/4.6.3/mmpy-16/libcrt0.a(__watchdog_support.o)
 .debug_aranges
                0x0000000000000104       0x14 /usr/lib/gcc/msp430/4.6.3/mmpy-16/libcrt0.a(__init_stack.o)
 .debug_aranges
                0x0000000000000118       0x14 /usr/lib/gcc/msp430/4.6.3/mmpy-16/libcrt0.a(_copy_data.o)
 .debug_aranges
                0x000000000000012c       0x14 /usr/lib/gcc/msp430/4.6.3/mmpy-16/libcrt0.a(_clear_bss.o)
 .debug_aranges
                0x0000000000000140       0x14 /usr/lib/gcc/msp430/4.6.3/mmpy-16/libcrt0.a(_endless_loop__.o)
 .debug_aranges
                0x0000000000000154       0x14 /usr/lib/gcc/msp430/4.6.3/mmpy-16/libcrt0.a(_unexpected_.o)

.debug_pubnames
 *(.debug_pubnames)

.debug_info     0x0000000000000000     0x1477
 *(.debug_info)
 .debug_info    0x0000000000000000       0xec /usr/lib/gcc/msp430/4.6.3/mmpy-16/libgcc.a(_mulsi3.o)
 .debug_info    0x00000000000000ec       0xec /usr/lib/gcc/msp430/4.6.3/mmpy-16/libgcc.a(_udivmod16.o)
 .debug_info    0x00000000000001d8       0xec /usr/lib/gcc/msp430/4.6.3/mmpy-16/libgcc.a(_udivmod32.o)
 .debug_info    0x00000000000002c4       0xbb /usr/lib/gcc/msp430/4.6.3/../../../../msp430/lib/mmpy-16/libc.a(strncmp.o)
 .debug_info    0x000000000000037f       0xe8 /usr/lib/gcc/msp430/4.6.3/../../../../msp430/lib/mmpy-16/libc.a(memcmp.o)
 .debug_info    0x0000000000000467      0x113 /usr/lib/gcc/msp430/4.6.3/../../../../msp430/lib/mmpy-16/libc.a(memcpy.o)
 .debug_info    0x000000000000057a       0xfe /usr/lib/gcc/msp430/4.6.3/../../../../msp430/lib/mmpy-16/libc.a(memset.o)
 .debug_info    0x0000000000000678      0x105 /usr/lib/gcc/msp430/4.6.3/../../../../msp430/lib/mmpy-16/libc.a(printf.o)
 .debug_info    0x000000000000077d      0x565 /usr/lib/gcc/msp430/4.6.3/../../../../msp430/lib/mmpy-16/libc.a(vuprintf.o)
 .debug_info    0x0000000000000ce2       0x96 /usr/lib/gcc/msp430/4.6.3/../../../../msp430/lib/mmpy-16/libc.a(puts.o)
 .debug_info    0x0000000000000d78      0x13f /usr/lib/gcc/msp430/4.6.3/../../../../msp430/lib/mmpy-16/libc.a(rand.o)
 .debug_info    0x0000000000000eb7       0xec /usr/lib/gcc/msp430/4.6.3/mmpy-16/libgcc.a(_udivmod64.o)
 .debug_info    0x0000000000000fa3       0xce /usr/lib/gcc/msp430/4.6.3/mmpy-16/libcrt0.a(__watchdog_support.o)
 .debug_info    0x0000000000001071       0xce /usr/lib/gcc/msp430/4.6.3/mmpy-16/libcrt0.a(__init_stack.o)
 .debug_info    0x000000000000113f       0xce /usr/lib/gcc/msp430/4.6.3/mmpy-16/libcrt0.a(_copy_data.o)
 .debug_info    0x000000000000120d       0xce /usr/lib/gcc/msp430/4.6.3/mmpy-16/libcrt0.a(_clear_bss.o)
 .debug_info    0x00000000000012db       0xce /usr/lib/gcc/msp430/4.6.3/mmpy-16/libcrt0.a(_endless_loop__.o)
 .debug_info    0x00000000000013a9       0xce /usr/lib/gcc/msp430/4.6.3/mmpy-16/libcrt0.a(_unexpected_.o)
 *(.gnu.linkonce.wi.*)

.debug_abbrev   0x0000000000000000      0x721
 *(.debug_abbrev)
 .debug_abbrev  0x0000000000000000       0x14 /usr/lib/gcc/msp430/4.6.3/mmpy-16/libgcc.a(_mulsi3.o)
 .debug_abbrev  0x0000000000000014       0x14 /usr/lib/gcc/msp430/4.6.3/mmpy-16/libgcc.a(_udivmod16.o)
 .debug_abbrev  0x0000000000000028       0x14 /usr/lib/gcc/msp430/4.6.3/mmpy-16/libgcc.a(_udivmod32.o)
 .debug_abbrev  0x000000000000003c       0x7c /usr/lib/gcc/msp430/4.6.3/../../../../msp430/lib/mmpy-16/libc.a(strncmp.o)
 .debug_abbrev  0x00000000000000b8       0x9b /usr/lib/gcc/msp430/4.6.3/../../../../msp430/lib/mmpy-16/libc.a(memcmp.o)
 .debug_abbrev  0x0000000000000153       0x97 /usr/lib/gcc/msp430/4.6.3/../../../../msp430/lib/mmpy-16/libc.a(memcpy.o)
 .debug_abbrev  0x00000000000001ea       0x9c /usr/lib/gcc/msp430/4.6.3/../../../../msp430/lib/mmpy-16/libc.a(memset.o)
 .debug_abbrev  0x0000000000000286       0xd0 /usr/lib/gcc/msp430/4.6.3/../../../../msp430/lib/mmpy-16/libc.a(printf.o)
 .debug_abbrev  0x0000000000000356      0x1ef /usr/lib/gcc/msp430/4.6.3/../../../../msp430/lib/mmpy-16/libc.a(vuprintf.o)
 .debug_abbrev  0x0000000000000545       0x60 /usr/lib/gcc/msp430/4.6.3/../../../../msp430/lib/mmpy-16/libc.a(puts.o)
 .debug_abbrev  0x00000000000005a5       0xf0 /usr/lib/gcc/msp430/4.6.3/../../../../msp430/lib/mmpy-16/libc.a(rand.o)
 .debug_abbrev  0x0000000000000695       0x14 /usr/lib/gcc/msp430/4.6.3/mmpy-16/libgcc.a(_udivmod64.o)
 .debug_abbrev  0x00000000000006a9       0x14 /usr/lib/gcc/msp430/4.6.3/mmpy-16/libcrt0.a(__watchdog_support.o)
 .debug_abbrev  0x00000000000006bd       0x14 /usr/lib/gcc/msp430/4.6.3/mmpy-16/libcrt0.a(__init_stack.o)
 .debug_abbrev  0x00000000000006d1       0x14 /usr/lib/gcc/msp430/4.6.3/mmpy-16/libcrt0.a(_copy_data.o)
 .debug_abbrev  0x00000000000006e5       0x14 /usr/lib/gcc/msp430/4.6.3/mmpy-16/libcrt0.a(_clear_bss.o)
 .debug_abbrev  0x00000000000006f9       0x14 /usr/lib/gcc/msp430/4.6.3/mmpy-16/libcrt0.a(_endless_loop__.o)
 .debug_abbrev  0x000000000000070d       0x14 /usr/lib/gcc/msp430/4.6.3/mmpy-16/libcrt0.a(_unexpected_.o)

.debug_line     0x0000000000000000      0xcdd
 *(.debug_line)
 .debug_line    0x0000000000000000       0xae /usr/lib/gcc/msp430/4.6.3/mmpy-16/libgcc.a(_mulsi3.o)
 .debug_line    0x00000000000000ae       0xa7 /usr/lib/gcc/msp430/4.6.3/mmpy-16/libgcc.a(_udivmod16.o)
 .debug_line    0x0000000000000155       0xb6 /usr/lib/gcc/msp430/4.6.3/mmpy-16/libgcc.a(_udivmod32.o)
 .debug_line    0x000000000000020b       0x75 /usr/lib/gcc/msp430/4.6.3/../../../../msp430/lib/mmpy-16/libc.a(strncmp.o)
 .debug_line    0x0000000000000280       0x73 /usr/lib/gcc/msp430/4.6.3/../../../../msp430/lib/mmpy-16/libc.a(memcmp.o)
 .debug_line    0x00000000000002f3       0xe9 /usr/lib/gcc/msp430/4.6.3/../../../../msp430/lib/mmpy-16/libc.a(memcpy.o)
 .debug_line    0x00000000000003dc       0xc8 /usr/lib/gcc/msp430/4.6.3/../../../../msp430/lib/mmpy-16/libc.a(memset.o)
 .debug_line    0x00000000000004a4       0x72 /usr/lib/gcc/msp430/4.6.3/../../../../msp430/lib/mmpy-16/libc.a(printf.o)
 .debug_line    0x0000000000000516      0x2d2 /usr/lib/gcc/msp430/4.6.3/../../../../msp430/lib/mmpy-16/libc.a(vuprintf.o)
 .debug_line    0x00000000000007e8       0x4d /usr/lib/gcc/msp430/4.6.3/../../../../msp430/lib/mmpy-16/libc.a(puts.o)
 .debug_line    0x0000000000000835       0x4f /usr/lib/gcc/msp430/4.6.3/../../../../msp430/lib/mmpy-16/libc.a(rand.o)
 .debug_line    0x0000000000000884       0xfc /usr/lib/gcc/msp430/4.6.3/mmpy-16/libgcc.a(_udivmod64.o)
 .debug_line    0x0000000000000980       0x8f /usr/lib/gcc/msp430/4.6.3/mmpy-16/libcrt0.a(__watchdog_support.o)
 .debug_line    0x0000000000000a0f       0x8d /usr/lib/gcc/msp430/4.6.3/mmpy-16/libcrt0.a(__init_stack.o)
 .debug_line    0x0000000000000a9c       0x93 /usr/lib/gcc/msp430/4.6.3/mmpy-16/libcrt0.a(_copy_data.o)
 .debug_line    0x0000000000000b2f       0x93 /usr/lib/gcc/msp430/4.6.3/mmpy-16/libcrt0.a(_clear_bss.o)
 .debug_line    0x0000000000000bc2       0x8e /usr/lib/gcc/msp430/4.6.3/mmpy-16/libcrt0.a(_endless_loop__.o)
 .debug_line    0x0000000000000c50       0x8d /usr/lib/gcc/msp430/4.6.3/mmpy-16/libcrt0.a(_unexpected_.o)

.debug_frame    0x0000000000000000      0x1ec
 *(.debug_frame)
 .debug_frame   0x0000000000000000       0x24 /usr/lib/gcc/msp430/4.6.3/../../../../msp430/lib/mmpy-16/libc.a(strncmp.o)
 .debug_frame   0x0000000000000024       0x24 /usr/lib/gcc/msp430/4.6.3/../../../../msp430/lib/mmpy-16/libc.a(memcmp.o)
 .debug_frame   0x0000000000000048       0x38 /usr/lib/gcc/msp430/4.6.3/../../../../msp430/lib/mmpy-16/libc.a(memcpy.o)
 .debug_frame   0x0000000000000080       0x32 /usr/lib/gcc/msp430/4.6.3/../../../../msp430/lib/mmpy-16/libc.a(memset.o)
 .debug_frame   0x00000000000000b2       0x2a /usr/lib/gcc/msp430/4.6.3/../../../../msp430/lib/mmpy-16/libc.a(printf.o)
 .debug_frame   0x00000000000000dc       0xb0 /usr/lib/gcc/msp430/4.6.3/../../../../msp430/lib/mmpy-16/libc.a(vuprintf.o)
 .debug_frame   0x000000000000018c       0x24 /usr/lib/gcc/msp430/4.6.3/../../../../msp430/lib/mmpy-16/libc.a(puts.o)
 .debug_frame   0x00000000000001b0       0x3c /usr/lib/gcc/msp430/4.6.3/../../../../msp430/lib/mmpy-16/libc.a(rand.o)

.debug_str      0x0000000000000000      0x3e8
 *(.debug_str)
 .debug_str     0x0000000000000000       0xd0 /usr/lib/gcc/msp430/4.6.3/../../../../msp430/lib/mmpy-16/libc.a(strncmp.o)
                                        0x109 (size before relaxing)
 .debug_str     0x00000000000000d0       0x19 /usr/lib/gcc/msp430/4.6.3/../../../../msp430/lib/mmpy-16/libc.a(memcmp.o)
                                        0x107 (size before relaxing)
 .debug_str     0x00000000000000e9       0x34 /usr/lib/gcc/msp430/4.6.3/../../../../msp430/lib/mmpy-16/libc.a(memcpy.o)
                                        0x122 (size before relaxing)
 .debug_str     0x000000000000011d       0x26 /usr/lib/gcc/msp430/4.6.3/../../../../msp430/lib/mmpy-16/libc.a(memset.o)
                                        0x120 (size before relaxing)
 .debug_str     0x0000000000000143       0x40 /usr/lib/gcc/msp430/4.6.3/../../../../msp430/lib/mmpy-16/libc.a(printf.o)
                                        0x136 (size before relaxing)
 .debug_str     0x0000000000000183      0x221 /usr/lib/gcc/msp430/4.6.3/../../../../msp430/lib/mmpy-16/libc.a(vuprintf.o)
                                        0x381 (size before relaxing)
 .debug_str     0x00000000000003a4       0x15 /usr/lib/gcc/msp430/4.6.3/../../../../msp430/lib/mmpy-16/libc.a(puts.o)
                                         0xfc (size before relaxing)
 .debug_str     0x00000000000003b9       0x2f /usr/lib/gcc/msp430/4.6.3/../../../../msp430/lib/mmpy-16/libc.a(rand.o)
                                        0x11b (size before relaxing)

.debug_loc      0x0000000000000000      0xaf3
 *(.debug_loc)
 .debug_loc     0x0000000000000000       0x38 /usr/lib/gcc/msp430/4.6.3/../../../../msp430/lib/mmpy-16/libc.a(strncmp.o)
 .debug_loc     0x0000000000000038       0x5e /usr/lib/gcc/msp430/4.6.3/../../../../msp430/lib/mmpy-16/libc.a(memcmp.o)
 .debug_loc     0x0000000000000096      0x1f0 /usr/lib/gcc/msp430/4.6.3/../../../../msp430/lib/mmpy-16/libc.a(memcpy.o)
 .debug_loc     0x0000000000000286       0xdb /usr/lib/gcc/msp430/4.6.3/../../../../msp430/lib/mmpy-16/libc.a(memset.o)
 .debug_loc     0x0000000000000361       0x38 /usr/lib/gcc/msp430/4.6.3/../../../../msp430/lib/mmpy-16/libc.a(printf.o)
 .debug_loc     0x0000000000000399      0x705 /usr/lib/gcc/msp430/4.6.3/../../../../msp430/lib/mmpy-16/libc.a(vuprintf.o)
 .debug_loc     0x0000000000000a9e       0x26 /usr/lib/gcc/msp430/4.6.3/../../../../msp430/lib/mmpy-16/libc.a(puts.o)
 .debug_loc     0x0000000000000ac4       0x2f /usr/lib/gcc/msp430/4.6.3/../../../../msp430/lib/mmpy-16/libc.a(rand.o)

.debug_macinfo
 *(.debug_macinfo)

.debug_pubtypes
 *(.debug_pubtypes)

.debug_ranges   0x0000000000000000       0x18
 *(.debug_ranges)
 .debug_ranges  0x0000000000000000       0x18 /usr/lib/gcc/msp430/4.6.3/../../../../msp430/lib/mmpy-16/libc.a(vuprintf.o)
                0x0000000000003900                PROVIDE (__stack, (ORIGIN (ram) + 0x2800))
                0x00000000000099c2                PROVIDE (__data_start_rom, _etext)
                0x0000000000009a52                PROVIDE (__data_end_rom, (_etext + SIZEOF (.data)))
OUTPUT(final_proj.sky elf32-msp430)
