Archive member included to satisfy reference by file (symbol)

contiki-srf06-cc26xx.a(contiki-main.o)
                              obj_srf06-cc26xx/startup_gcc.o (main)
contiki-srf06-cc26xx.a(sensors.o)
                              contiki-srf06-cc26xx.a(contiki-main.o) (sensors_process)
contiki-srf06-cc26xx.a(leds.o)
                              contiki-srf06-cc26xx.a(contiki-main.o) (leds_init)
contiki-srf06-cc26xx.a(leds-arch.o)
                              contiki-srf06-cc26xx.a(leds.o) (leds_arch_init)
contiki-srf06-cc26xx.a(sensortag-senso)
                              contiki-srf06-cc26xx.a(sensors.o) (sensors_flags)
contiki-srf06-cc26xx.a(bmp-280-sensor.)
                              contiki-srf06-cc26xx.a(sensortag-senso) (bmp_280_sensor)
contiki-srf06-cc26xx.a(tmp-007-sensor.)
                              contiki-srf06-cc26xx.a(sensortag-senso) (tmp_007_sensor)
contiki-srf06-cc26xx.a(opt-3001-sensor)
                              contiki-srf06-cc26xx.a(sensortag-senso) (opt_3001_sensor)
contiki-srf06-cc26xx.a(hdc-1000-sensor)
                              contiki-srf06-cc26xx.a(sensortag-senso) (hdc_1000_sensor)
contiki-srf06-cc26xx.a(mpu-9250-sensor)
                              contiki-srf06-cc26xx.a(sensortag-senso) (mpu_9250_sensor)
contiki-srf06-cc26xx.a(button-sensor.o)
                              contiki-srf06-cc26xx.a(sensortag-senso) (button_right_sensor)
contiki-srf06-cc26xx.a(reed-relay.o)
                              contiki-srf06-cc26xx.a(sensortag-senso) (reed_relay_sensor)
contiki-srf06-cc26xx.a(board.o)
                              contiki-srf06-cc26xx.a(contiki-main.o) (board_init)
contiki-srf06-cc26xx.a(board-i2c.o)
                              contiki-srf06-cc26xx.a(board.o) (board_i2c_wakeup)
contiki-srf06-cc26xx.a(clock.o)
                              contiki-srf06-cc26xx.a(contiki-main.o) (clock_init)
contiki-srf06-cc26xx.a(rtimer-arch.o)
                              final_proj.co (rtimer_arch_now)
contiki-srf06-cc26xx.a(soc-rtc.o)
                              contiki-srf06-cc26xx.a(contiki-main.o) (soc_rtc_init)
contiki-srf06-cc26xx.a(contiki-watchdo)
                              contiki-srf06-cc26xx.a(contiki-main.o) (watchdog_init)
contiki-srf06-cc26xx.a(putchar.o)
                              contiki-srf06-cc26xx.a(contiki-main.o) (putchar)
contiki-srf06-cc26xx.a(ieee-addr.o)
                              contiki-srf06-cc26xx.a(contiki-main.o) (ieee_addr_cpy_to)
contiki-srf06-cc26xx.a(cc26xx-uart.o)
                              contiki-srf06-cc26xx.a(contiki-main.o) (cc26xx_uart_init)
contiki-srf06-cc26xx.a(lpm.o)
                              contiki-srf06-cc26xx.a(contiki-main.o) (lpm_drop)
contiki-srf06-cc26xx.a(gpio-interrupt.)
                              contiki-srf06-cc26xx.a(button-sensor.o) (gpio_interrupt_register_handler)
contiki-srf06-cc26xx.a(oscillators.o)
                              contiki-srf06-cc26xx.a(contiki-main.o) (oscillators_select_lf_xosc)
contiki-srf06-cc26xx.a(ieee-mode.o)
                              final_proj.co (ieee_mode_driver)
contiki-srf06-cc26xx.a(random.o)
                              final_proj.co (random_rand)
contiki-srf06-cc26xx.a(soc-trng.o)
                              contiki-srf06-cc26xx.a(random.o) (soc_trng_rand_synchronous)
contiki-srf06-cc26xx.a(dbg-printf.o)
                              final_proj.co (printf)
contiki-srf06-cc26xx.a(strformat.o)
                              contiki-srf06-cc26xx.a(dbg-printf.o) (format_str_v)
contiki-srf06-cc26xx.a(autostart.o)
                              contiki-srf06-cc26xx.a(contiki-main.o) (autostart_start)
contiki-srf06-cc26xx.a(energest.o)
                              contiki-srf06-cc26xx.a(contiki-main.o) (energest_init)
contiki-srf06-cc26xx.a(ctimer.o)
                              contiki-srf06-cc26xx.a(contiki-main.o) (ctimer_init)
contiki-srf06-cc26xx.a(etimer.o)
                              contiki-srf06-cc26xx.a(clock.o) (etimer_request_poll)
contiki-srf06-cc26xx.a(process.o)
                              contiki-srf06-cc26xx.a(sensors.o) (process_alloc_event)
contiki-srf06-cc26xx.a(rtimer.o)
                              contiki-srf06-cc26xx.a(contiki-main.o) (rtimer_init)
contiki-srf06-cc26xx.a(timer.o)
                              contiki-srf06-cc26xx.a(button-sensor.o) (timer_set)
contiki-srf06-cc26xx.a(serial-line.o)
                              final_proj.co (serial_line_input_byte)
contiki-srf06-cc26xx.a(ringbuf.o)
                              contiki-srf06-cc26xx.a(serial-line.o) (ringbuf_init)
contiki-srf06-cc26xx.a(list.o)
                              contiki-srf06-cc26xx.a(lpm.o) (list_init)
contiki-srf06-cc26xx.a(broadcast.o)
                              final_proj.co (broadcast_open)
contiki-srf06-cc26xx.a(rime.o)
                              contiki-srf06-cc26xx.a(contiki-main.o) (rime_driver)
contiki-srf06-cc26xx.a(abc.o)
                              contiki-srf06-cc26xx.a(broadcast.o) (abc_open)
[...]
Memory Configuration

Name             Origin             Length             Attributes
FLASH            0x0000000000000000 0x000000000001ffa8 xr
FLASH_CCFG       0x000000000001ffa8 0x0000000000000058 xr
SRAM             0x0000000020000000 0x0000000000005000 xrw
GPRAM            0x0000000011000000 0x0000000000002000 xrw
*default*        0x0000000000000000 0xffffffffffffffff

Linker script and memory map

LOAD obj_srf06-cc26xx/fault-handlers.o
LOAD obj_srf06-cc26xx/ccfg.o
LOAD obj_srf06-cc26xx/startup_gcc.o
LOAD final_proj.co
LOAD contiki-srf06-cc26xx.a
LOAD /usr/lib/gcc/arm-none-eabi/6.3.1/../../../arm-none-eabi/lib/thumb/v7-m/libm.a
LOAD /usr/lib/gcc/arm-none-eabi/6.3.1/../../../arm-none-eabi/lib/thumb/v7-m/libm.a
START GROUP
LOAD /usr/lib/gcc/arm-none-eabi/6.3.1/thumb/v7-m/libgcc.a
LOAD /usr/lib/gcc/arm-none-eabi/6.3.1/../../../arm-none-eabi/lib/thumb/v7-m/libc.a
END GROUP
                0x0000000020005000                _estack = (ORIGIN (SRAM) + LENGTH (SRAM))
                0x0000000000000000                _Min_Heap_Size = 0x0
                0x0000000000000100                _Min_Stack_Size = 0x100

.text           0x0000000000000000     0xa77c
                0x0000000000000000                _text = .
 *(SORT(.vectors))
 .vectors       0x0000000000000000       0xc8 obj_srf06-cc26xx/startup_gcc.o
                0x0000000000000000                g_pfnVectors
 *(SORT(.text*))
 .text.value    0x00000000000000c8       0xb0 contiki-srf06-cc26xx.a(opt-3001-sensor)
 .text.value    0x0000000000000178       0x9c contiki-srf06-cc26xx.a(hdc-1000-sensor)
 *fill*         0x0000000000000214        0x4 00000000
 .text.value    0x0000000000000218      0x1a4 contiki-srf06-cc26xx.a(mpu-9250-sensor)
 *fill*         0x00000000000003bc        0x4 00000000
 .text          0x00000000000003c0      0xaac /usr/lib/gcc/arm-none-eabi/6.3.1/../../../arm-none-eabi/lib/thumb/v7-m/libm.a(lib_a-e_pow.o)
                0x00000000000003c0                __ieee754_pow
 *fill*         0x0000000000000e6c        0x4 00000000
 .text          0x0000000000000e70       0xe4 /usr/lib/gcc/arm-none-eabi/6.3.1/../../../arm-none-eabi/lib/thumb/v7-m/libm.a(lib_a-s_scalbn.o)
                0x0000000000000e70                scalbn
 .text.FaultISR
                0x0000000000000f54       0x18 obj_srf06-cc26xx/fault-handlers.o
                0x0000000000000f54                FaultISR
 .text.NmiSRHandler
                0x0000000000000f6c        0x4 obj_srf06-cc26xx/startup_gcc.o
                0x0000000000000f6c                NmiSR
 .text.IntDefaultHandler
                0x0000000000000f70        0x4 obj_srf06-cc26xx/startup_gcc.o
                0x0000000000000f70                SSI0IntHandler
                0x0000000000000f70                SWEvent0IntHandler
                0x0000000000000f70                uDMAIntHandler
                0x0000000000000f70                WatchdogIntHandler
                0x0000000000000f70                RFCHardwareIntHandler
                0x0000000000000f70                Timer1BIntHandler
                0x0000000000000f70                I2SIntHandler
                0x0000000000000f70                Timer2BIntHandler
                0x0000000000000f70                Timer2AIntHandler
                0x0000000000000f70                Timer1AIntHandler
                0x0000000000000f70                AONIntHandler
                0x0000000000000f70                AUXSWEvent0IntHandler
                0x0000000000000f70                AUXADCIntHandler
                0x0000000000000f70                PendSVIntHandler
                0x0000000000000f70                AUXSWEvent1IntHandler
                0x0000000000000f70                SVCallIntHandler
                0x0000000000000f70                MPUFaultIntHandler
                0x0000000000000f70                SysTickIntHandler
                0x0000000000000f70                BusFaultIntHandler
                0x0000000000000f70                AONProgIntHandler
                0x0000000000000f70                AUXCompAIntHandler
                0x0000000000000f70                SSI1IntHandler
                0x0000000000000f70                FlashIntHandler
                0x0000000000000f70                uDMAErrIntHandler
                0x0000000000000f70                UsageFaultIntHandler
                0x0000000000000f70                RFCCmdAckIntHandler
                0x0000000000000f70                CryptoIntHandler
                0x0000000000000f70                Timer0AIntHandler
                0x0000000000000f70                I2CIntHandler
                0x0000000000000f70                DebugMonIntHandler
                0x0000000000000f70                Timer0BIntHandler
                0x0000000000000f70                AUXCombEventIntHandler
                0x0000000000000f70                Timer3AIntHandler
                0x0000000000000f70                DynProgIntHandler
                0x0000000000000f70                Timer3BIntHandler
 .text.ResetISR
                0x0000000000000f74       0x58 obj_srf06-cc26xx/startup_gcc.o
                0x0000000000000f74                ResetISR
 .text.process_thread_cc2650_nbr_discovery_process
                0x0000000000000fcc       0x80 final_proj.co
 .text.broadcast_recv
                0x000000000000104c       0xe8 final_proj.co
 .text.sender_scheduler
                0x0000000000001134      0x18c final_proj.co
                0x0000000000001134                sender_scheduler
 .text.fade     0x00000000000012c0       0x64 contiki-srf06-cc26xx.a(contiki-main.o)
 .text.startup.main
                0x0000000000001324      0x22c contiki-srf06-cc26xx.a(contiki-main.o)
                0x0000000000001324                main
 .text.process_thread_sensors_process
                0x0000000000001550       0xf8 contiki-srf06-cc26xx.a(sensors.o)
 .text.sensors_changed
                0x0000000000001648       0x4c contiki-srf06-cc26xx.a(sensors.o)
                0x0000000000001648                sensors_changed
 .text.leds_init
                0x0000000000001694       0x14 contiki-srf06-cc26xx.a(leds.o)
                0x0000000000001694                leds_init
 .text.leds_on  0x00000000000016a8       0x14 contiki-srf06-cc26xx.a(leds.o)
                0x00000000000016a8                leds_on
 .text.leds_off
                0x00000000000016bc       0x14 contiki-srf06-cc26xx.a(leds.o)
                0x00000000000016bc                leds_off
 .text.leds_arch_init
                0x00000000000016d0       0x38 contiki-srf06-cc26xx.a(leds-arch.o)
                0x00000000000016d0                leds_arch_init
 .text.leds_arch_set
                0x0000000000001708       0x34 contiki-srf06-cc26xx.a(leds-arch.o)
                0x0000000000001708                leds_arch_set
 .text.status   0x000000000000173c       0x14 contiki-srf06-cc26xx.a(bmp-280-sensor.)
 .text.notify_ready
                0x0000000000001750       0x14 contiki-srf06-cc26xx.a(bmp-280-sensor.)
 .text.enable_sensor
                0x0000000000001764       0x2c contiki-srf06-cc26xx.a(bmp-280-sensor.)
 .text.configure
                0x0000000000001790       0x94 contiki-srf06-cc26xx.a(bmp-280-sensor.)
 .text.value    0x0000000000001824      0x164 contiki-srf06-cc26xx.a(bmp-280-sensor.)
 .text.status   0x0000000000001988       0x14 contiki-srf06-cc26xx.a(tmp-007-sensor.)
 .text.notify_ready
                0x000000000000199c       0x14 contiki-srf06-cc26xx.a(tmp-007-sensor.)
 .text.enable_sensor
                0x00000000000019b0       0x2c contiki-srf06-cc26xx.a(tmp-007-sensor.)
 .text.configure
                0x00000000000019dc       0x98 contiki-srf06-cc26xx.a(tmp-007-sensor.)
 .text.value    0x0000000000001a74       0xec contiki-srf06-cc26xx.a(tmp-007-sensor.)
 .text.status   0x0000000000001b60        0xc contiki-srf06-cc26xx.a(opt-3001-sensor)
 .text.enable_sensor
                0x0000000000001b6c       0x44 contiki-srf06-cc26xx.a(opt-3001-sensor)
 .text.notify_ready
                0x0000000000001bb0       0x54 contiki-srf06-cc26xx.a(opt-3001-sensor)
 .text.configure
                0x0000000000001c04       0x4c contiki-srf06-cc26xx.a(opt-3001-sensor)
 .text.status   0x0000000000001c50       0x14 contiki-srf06-cc26xx.a(hdc-1000-sensor)
 .text.notify_ready
                0x0000000000001c64       0x68 contiki-srf06-cc26xx.a(hdc-1000-sensor)
 .text.configure
                0x0000000000001ccc       0xbc contiki-srf06-cc26xx.a(hdc-1000-sensor)
 .text.acc_convert
                0x0000000000001d88       0x70 contiki-srf06-cc26xx.a(mpu-9250-sensor)
 .text.status   0x0000000000001df8       0x14 contiki-srf06-cc26xx.a(mpu-9250-sensor)
 .text.notify_ready
                0x0000000000001e0c       0x14 contiki-srf06-cc26xx.a(mpu-9250-sensor)
 .text.sensor_sleep
                0x0000000000001e20       0x38 contiki-srf06-cc26xx.a(mpu-9250-sensor)
 .text.configure
                0x0000000000001e58       0xdc contiki-srf06-cc26xx.a(mpu-9250-sensor)
 .text.int_status
                0x0000000000001f34       0x28 contiki-srf06-cc26xx.a(mpu-9250-sensor)
 .text.initialise
                0x0000000000001f5c      0x100 contiki-srf06-cc26xx.a(mpu-9250-sensor)
 .text.status.part.0
                0x000000000000205c       0x14 contiki-srf06-cc26xx.a(button-sensor.o)
 .text.value_left
                0x0000000000002070       0x24 contiki-srf06-cc26xx.a(button-sensor.o)
 .text.value_right
                0x0000000000002094       0x24 contiki-srf06-cc26xx.a(button-sensor.o)
 .text.status_left
                0x00000000000020b8       0x10 contiki-srf06-cc26xx.a(button-sensor.o)
 .text.status_right
                0x00000000000020c8       0x10 contiki-srf06-cc26xx.a(button-sensor.o)
 .text.config_buttons
                0x00000000000020d8       0x84 contiki-srf06-cc26xx.a(button-sensor.o)
 .text.config_left
                0x000000000000215c        0xc contiki-srf06-cc26xx.a(button-sensor.o)
 .text.config_right
                0x0000000000002168        0xc contiki-srf06-cc26xx.a(button-sensor.o)
 .text.button_press_handler
                0x0000000000002174       0x98 contiki-srf06-cc26xx.a(button-sensor.o)
 .text.value    0x000000000000220c       0x10 contiki-srf06-cc26xx.a(reed-relay.o)
 .text.status   0x000000000000221c       0x20 contiki-srf06-cc26xx.a(reed-relay.o)
 .text.configure
                0x000000000000223c       0x6c contiki-srf06-cc26xx.a(reed-relay.o)
 .text.reed_interrupt_handler
                0x00000000000022a8       0x28 contiki-srf06-cc26xx.a(reed-relay.o)
 .text.power_domains_on
                0x00000000000022d0       0x20 contiki-srf06-cc26xx.a(board.o)
 .text.lpm_wakeup_handler
                0x00000000000022f0        0x4 contiki-srf06-cc26xx.a(board.o)
 .text.shutdown_handler
                0x00000000000022f4       0x68 contiki-srf06-cc26xx.a(board.o)
 .text.board_init
                0x000000000000235c      0x110 contiki-srf06-cc26xx.a(board.o)
                0x000000000000235c                board_init
 .text.i2c_status
                0x000000000000246c       0x34 contiki-srf06-cc26xx.a(board-i2c.o)
 .text.accessible
                0x00000000000024a0       0x24 contiki-srf06-cc26xx.a(board-i2c.o)
 .text.board_i2c_wakeup
                0x00000000000024c4       0x5c contiki-srf06-cc26xx.a(board-i2c.o)
                0x00000000000024c4                board_i2c_wakeup
 .text.board_i2c_shutdown
                0x0000000000002520       0xa4 contiki-srf06-cc26xx.a(board-i2c.o)
                0x0000000000002520                board_i2c_shutdown
 .text.board_i2c_write
                0x00000000000025c4      0x134 contiki-srf06-cc26xx.a(board-i2c.o)
                0x00000000000025c4                board_i2c_write
 .text.board_i2c_write_single
                0x00000000000026f8       0x70 contiki-srf06-cc26xx.a(board-i2c.o)
                0x00000000000026f8                board_i2c_write_single
 .text.board_i2c_read
                0x0000000000002768      0x100 contiki-srf06-cc26xx.a(board-i2c.o)
                0x0000000000002768                board_i2c_read
 .text.board_i2c_write_read
                0x0000000000002868      0x1ac contiki-srf06-cc26xx.a(board-i2c.o)
                0x0000000000002868                board_i2c_write_read
 .text.board_i2c_select
                0x0000000000002a14       0xdc contiki-srf06-cc26xx.a(board-i2c.o)
                0x0000000000002a14                board_i2c_select
 .text.power_domain_on
                0x0000000000002af0       0x20 contiki-srf06-cc26xx.a(clock.o)
 .text.clock_init
                0x0000000000002b10       0x98 contiki-srf06-cc26xx.a(clock.o)
                0x0000000000002b10                clock_init
 .text.clock_time
                0x0000000000002ba8       0x34 contiki-srf06-cc26xx.a(clock.o)
                0x0000000000002ba8                clock_time
 .text.clock_update
                0x0000000000002bdc       0x3c contiki-srf06-cc26xx.a(clock.o)
                0x0000000000002bdc                clock_update
 .text.rtimer_arch_init
                0x0000000000002c18        0x4 contiki-srf06-cc26xx.a(rtimer-arch.o)
                0x0000000000002c18                rtimer_arch_init
 .text.rtimer_arch_schedule
                0x0000000000002c1c        0x8 contiki-srf06-cc26xx.a(rtimer-arch.o)
                0x0000000000002c1c                rtimer_arch_schedule
 .text.rtimer_arch_now
                0x0000000000002c24        0x4 contiki-srf06-cc26xx.a(rtimer-arch.o)
                0x0000000000002c24                rtimer_arch_now
 .text.soc_rtc_init
                0x0000000000002c28       0xa0 contiki-srf06-cc26xx.a(soc-rtc.o)
                0x0000000000002c28                soc_rtc_init
 .text.soc_rtc_schedule_one_shot
                0x0000000000002cc8       0x6c contiki-srf06-cc26xx.a(soc-rtc.o)
                0x0000000000002cc8                soc_rtc_schedule_one_shot
 .text.soc_rtc_last_isr_time
                0x0000000000002d34        0xc contiki-srf06-cc26xx.a(soc-rtc.o)
                0x0000000000002d34                soc_rtc_last_isr_time
 .text.AONRTCIntHandler
                0x0000000000002d40       0x88 contiki-srf06-cc26xx.a(soc-rtc.o)
                0x0000000000002d40                AONRTCIntHandler
 .text.watchdog_init
                0x0000000000002dc8       0x1c contiki-srf06-cc26xx.a(contiki-watchdo)
                0x0000000000002dc8                watchdog_init
 .text.watchdog_start
                0x0000000000002de4       0x68 contiki-srf06-cc26xx.a(contiki-watchdo)
                0x0000000000002de4                watchdog_start
 .text.watchdog_periodic
                0x0000000000002e4c       0x1c contiki-srf06-cc26xx.a(contiki-watchdo)
                0x0000000000002e4c                watchdog_periodic
 .text.putchar  0x0000000000002e68       0x10 contiki-srf06-cc26xx.a(putchar.o)
                0x0000000000002e68                putchar
 .text.puts     0x0000000000002e78       0x30 contiki-srf06-cc26xx.a(putchar.o)
                0x0000000000002e78                puts
 .text.dbg_send_bytes
                0x0000000000002ea8       0x40 contiki-srf06-cc26xx.a(putchar.o)
                0x0000000000002ea8                dbg_send_bytes
 .text.ieee_addr_cpy_to
                0x0000000000002ee8       0x40 contiki-srf06-cc26xx.a(ieee-addr.o)
                0x0000000000002ee8                ieee_addr_cpy_to
 .text.power_and_clock
                0x0000000000002f28       0x40 contiki-srf06-cc26xx.a(cc26xx-uart.o)
 .text.enable   0x0000000000002f68       0xf0 contiki-srf06-cc26xx.a(cc26xx-uart.o)
 .text.accessible
                0x0000000000003058       0x24 contiki-srf06-cc26xx.a(cc26xx-uart.o)
 .text.lpm_drop_handler
                0x000000000000307c       0xcc contiki-srf06-cc26xx.a(cc26xx-uart.o)
 .text.cc26xx_uart_init
                0x0000000000003148       0x28 contiki-srf06-cc26xx.a(cc26xx-uart.o)
                0x0000000000003148                cc26xx_uart_init
 .text.cc26xx_uart_write_byte
                0x0000000000003170       0x28 contiki-srf06-cc26xx.a(cc26xx-uart.o)
                0x0000000000003170                cc26xx_uart_write_byte
 .text.cc26xx_uart_set_input
                0x0000000000003198       0x6c contiki-srf06-cc26xx.a(cc26xx-uart.o)
                0x0000000000003198                cc26xx_uart_set_input
 .text.cc26xx_uart_busy
                0x0000000000003204       0x18 contiki-srf06-cc26xx.a(cc26xx-uart.o)
                0x0000000000003204                cc26xx_uart_busy
 .text.UART0IntHandler
                0x000000000000321c       0x58 contiki-srf06-cc26xx.a(cc26xx-uart.o)
                0x000000000000321c                UART0IntHandler
 .text.lpm_sleep
                0x0000000000003274       0x14 contiki-srf06-cc26xx.a(lpm.o)
                0x0000000000003274                lpm_sleep
 .text.lpm_drop
                0x0000000000003288      0x24c contiki-srf06-cc26xx.a(lpm.o)
                0x0000000000003288                lpm_drop
 .text.lpm_register_module
                0x00000000000034d4        0xc contiki-srf06-cc26xx.a(lpm.o)
                0x00000000000034d4                lpm_register_module
 .text.lpm_unregister_module
                0x00000000000034e0        0xc contiki-srf06-cc26xx.a(lpm.o)
                0x00000000000034e0                lpm_unregister_module
 .text.lpm_init
                0x00000000000034ec       0x20 contiki-srf06-cc26xx.a(lpm.o)
                0x00000000000034ec                lpm_init
 .text.lpm_pin_set_default_state
                0x000000000000350c       0x2c contiki-srf06-cc26xx.a(lpm.o)
                0x000000000000350c                lpm_pin_set_default_state
 .text.gpio_interrupt_register_handler
                0x0000000000003538       0x2c contiki-srf06-cc26xx.a(gpio-interrupt.)
                0x0000000000003538                gpio_interrupt_register_handler
 .text.gpio_interrupt_init
                0x0000000000003564       0x24 contiki-srf06-cc26xx.a(gpio-interrupt.)
                0x0000000000003564                gpio_interrupt_init
 .text.GPIOIntHandler
                0x0000000000003588       0x30 contiki-srf06-cc26xx.a(gpio-interrupt.)
                0x0000000000003588                GPIOIntHandler
 .text.oscillators_select_lf_xosc
                0x00000000000035b8       0x50 contiki-srf06-cc26xx.a(oscillators.o)
                0x00000000000035b8                oscillators_select_lf_xosc
 .text.oscillators_request_hf_xosc
                0x0000000000003608       0x30 contiki-srf06-cc26xx.a(oscillators.o)
                0x0000000000003608                oscillators_request_hf_xosc
 .text.oscillators_switch_to_hf_xosc
                0x0000000000003638       0x34 contiki-srf06-cc26xx.a(oscillators.o)
                0x0000000000003638                oscillators_switch_to_hf_xosc
 .text.oscillators_switch_to_hf_rc
                0x000000000000366c       0x38 contiki-srf06-cc26xx.a(oscillators.o)
                0x000000000000366c                oscillators_switch_to_hf_rc
 .text.request  0x00000000000036a4       0x20 contiki-srf06-cc26xx.a(ieee-mode.o)
 .text.rx_on    0x00000000000036c4       0x5c contiki-srf06-cc26xx.a(ieee-mode.o)
 .text.rf_radio_setup
                0x0000000000003720       0x60 contiki-srf06-cc26xx.a(ieee-mode.o)
 .text.soft_on  0x0000000000003780       0x18 contiki-srf06-cc26xx.a(ieee-mode.o)
 .text.pending_packet
                0x0000000000003798       0x48 contiki-srf06-cc26xx.a(ieee-mode.o)
 .text.prepare  0x00000000000037e0       0x1c contiki-srf06-cc26xx.a(ieee-mode.o)
 .text.soft_off
                0x00000000000037fc       0x44 contiki-srf06-cc26xx.a(ieee-mode.o)
 .text.get_object
                0x0000000000003840       0x48 contiki-srf06-cc26xx.a(ieee-mode.o)
 .text.transmitting.part.1
                0x0000000000003888       0x40 contiki-srf06-cc26xx.a(ieee-mode.o)
 .text.rx_off   0x00000000000038c8       0x74 contiki-srf06-cc26xx.a(ieee-mode.o)
 .text.set_object
                0x000000000000393c       0x60 contiki-srf06-cc26xx.a(ieee-mode.o)
 .text.get_cca_info
                0x000000000000399c       0x50 contiki-srf06-cc26xx.a(ieee-mode.o)
 .text.check_rat_overflow
                0x00000000000039ec       0x7c contiki-srf06-cc26xx.a(ieee-mode.o)
 .text.receiving_packet
                0x0000000000003a68       0x3c contiki-srf06-cc26xx.a(ieee-mode.o)
 .text.off.part.7
                0x0000000000003aa4       0x6c contiki-srf06-cc26xx.a(ieee-mode.o)
 .text.off      0x0000000000003b10       0x14 contiki-srf06-cc26xx.a(ieee-mode.o)
 .text.on       0x0000000000003b24       0xa8 contiki-srf06-cc26xx.a(ieee-mode.o)
 .text.set_value
                0x0000000000003bcc      0x17c contiki-srf06-cc26xx.a(ieee-mode.o)
 .text.get_value
                0x0000000000003d48      0x190 contiki-srf06-cc26xx.a(ieee-mode.o)
 .text.transmit
                0x0000000000003ed8      0x104 contiki-srf06-cc26xx.a(ieee-mode.o)
 .text.send     0x0000000000003fdc       0x24 contiki-srf06-cc26xx.a(ieee-mode.o)
 .text.channel_clear
                0x0000000000004000       0x84 contiki-srf06-cc26xx.a(ieee-mode.o)
 .text.read_frame
                0x0000000000004084      0x18c contiki-srf06-cc26xx.a(ieee-mode.o)
 .text.handle_rat_overflow
                0x0000000000004210       0x68 contiki-srf06-cc26xx.a(ieee-mode.o)
 .text.init     0x0000000000004278      0x114 contiki-srf06-cc26xx.a(ieee-mode.o)
 .text.random_rand
                0x000000000000438c        0xc contiki-srf06-cc26xx.a(random.o)
                0x000000000000438c                random_rand
 .text.random_init
                0x0000000000004398        0x4 contiki-srf06-cc26xx.a(random.o)
                0x0000000000004398                random_init
 .text.power_up
                0x000000000000439c       0x40 contiki-srf06-cc26xx.a(soc-trng.o)
 .text.request  0x00000000000043dc       0x14 contiki-srf06-cc26xx.a(soc-trng.o)
 .text.process_thread_soc_trng_process
                0x00000000000043f0       0x94 contiki-srf06-cc26xx.a(soc-trng.o)
 .text.accessible
                0x0000000000004484       0x24 contiki-srf06-cc26xx.a(soc-trng.o)
 .text.soc_trng_rand_synchronous
                0x00000000000044a8       0xc4 contiki-srf06-cc26xx.a(soc-trng.o)
                0x00000000000044a8                soc_trng_rand_synchronous
 .text.TRNGIntHandler
                0x000000000000456c       0x50 contiki-srf06-cc26xx.a(soc-trng.o)
                0x000000000000456c                TRNGIntHandler
 .text.soc_trng_init
                0x00000000000045bc       0x28 contiki-srf06-cc26xx.a(soc-trng.o)
                0x00000000000045bc                soc_trng_init
 .text.write_str
                0x00000000000045e4       0x14 contiki-srf06-cc26xx.a(dbg-printf.o)
 .text.printf   0x00000000000045f8       0x24 contiki-srf06-cc26xx.a(dbg-printf.o)
                0x00000000000045f8                printf
 .text.fill_space
                0x000000000000461c       0x3c contiki-srf06-cc26xx.a(strformat.o)
 .text.format_str_v
                0x0000000000004658      0x8d8 contiki-srf06-cc26xx.a(strformat.o)
                0x0000000000004658                format_str_v
 .text.autostart_start
                0x0000000000004f30       0x18 contiki-srf06-cc26xx.a(autostart.o)
                0x0000000000004f30                autostart_start
 .text.energest_init
                0x0000000000004f48        0x4 contiki-srf06-cc26xx.a(energest.o)
                0x0000000000004f48                energest_init
 .text.process_thread_ctimer_process
                0x0000000000004f4c       0x94 contiki-srf06-cc26xx.a(ctimer.o)
 .text.ctimer_init
                0x0000000000004fe0       0x28 contiki-srf06-cc26xx.a(ctimer.o)
                0x0000000000004fe0                ctimer_init
 .text.ctimer_set_with_process
                0x0000000000005008       0x4c contiki-srf06-cc26xx.a(ctimer.o)
                0x0000000000005008                ctimer_set_with_process
 .text.ctimer_set
                0x0000000000005054       0x18 contiki-srf06-cc26xx.a(ctimer.o)
                0x0000000000005054                ctimer_set
 .text.ctimer_stop
                0x000000000000506c       0x34 contiki-srf06-cc26xx.a(ctimer.o)
                0x000000000000506c                ctimer_stop
 .text.update_time
                0x00000000000050a0       0x44 contiki-srf06-cc26xx.a(etimer.o)
 .text.process_thread_etimer_process
                0x00000000000050e4       0xcc contiki-srf06-cc26xx.a(etimer.o)
 .text.add_timer
                0x00000000000051b0       0x54 contiki-srf06-cc26xx.a(etimer.o)
 .text.etimer_request_poll
                0x0000000000005204        0xc contiki-srf06-cc26xx.a(etimer.o)
                0x0000000000005204                etimer_request_poll
 .text.etimer_set
                0x0000000000005210       0x14 contiki-srf06-cc26xx.a(etimer.o)
                0x0000000000005210                etimer_set
 .text.etimer_pending
                0x0000000000005224       0x10 contiki-srf06-cc26xx.a(etimer.o)
                0x0000000000005224                etimer_pending
 .text.etimer_next_expiration_time
                0x0000000000005234       0x14 contiki-srf06-cc26xx.a(etimer.o)
                0x0000000000005234                etimer_next_expiration_time
 .text.etimer_stop
                0x0000000000005248       0x44 contiki-srf06-cc26xx.a(etimer.o)
                0x0000000000005248                etimer_stop
 .text.exit_process
                0x000000000000528c       0xa8 contiki-srf06-cc26xx.a(process.o)
 .text.call_process.part.0
                0x0000000000005334       0x38 contiki-srf06-cc26xx.a(process.o)
 .text.do_poll  0x000000000000536c       0x3c contiki-srf06-cc26xx.a(process.o)
 .text.process_alloc_event
                0x00000000000053a8       0x10 contiki-srf06-cc26xx.a(process.o)
                0x00000000000053a8                process_alloc_event
 .text.process_start
                0x00000000000053b8       0x48 contiki-srf06-cc26xx.a(process.o)
                0x00000000000053b8                process_start
 .text.process_init
                0x0000000000005400       0x34 contiki-srf06-cc26xx.a(process.o)
                0x0000000000005400                process_init
 .text.process_run
                0x0000000000005434       0xa8 contiki-srf06-cc26xx.a(process.o)
                0x0000000000005434                process_run
 .text.process_nevents
                0x00000000000054dc       0x14 contiki-srf06-cc26xx.a(process.o)
                0x00000000000054dc                process_nevents
 .text.process_post
                0x00000000000054f0       0x40 contiki-srf06-cc26xx.a(process.o)
                0x00000000000054f0                process_post
 .text.process_poll
                0x0000000000005530       0x18 contiki-srf06-cc26xx.a(process.o)
                0x0000000000005530                process_poll
 .text.rtimer_init
                0x0000000000005548        0x4 contiki-srf06-cc26xx.a(rtimer.o)
                0x0000000000005548                rtimer_init
 .text.rtimer_set
                0x000000000000554c       0x2c contiki-srf06-cc26xx.a(rtimer.o)
                0x000000000000554c                rtimer_set
 .text.rtimer_run_next
                0x0000000000005578       0x28 contiki-srf06-cc26xx.a(rtimer.o)
                0x0000000000005578                rtimer_run_next
 .text.timer_set
                0x00000000000055a0       0x10 contiki-srf06-cc26xx.a(timer.o)
                0x00000000000055a0                timer_set
 .text.timer_expired
                0x00000000000055b0       0x1c contiki-srf06-cc26xx.a(timer.o)
                0x00000000000055b0                timer_expired
 .text.process_thread_serial_line_process
                0x00000000000055cc       0xa8 contiki-srf06-cc26xx.a(serial-line.o)
 .text.serial_line_input_byte
                0x0000000000005674       0x58 contiki-srf06-cc26xx.a(serial-line.o)
                0x0000000000005674                serial_line_input_byte
 .text.serial_line_init
                0x00000000000056cc       0x24 contiki-srf06-cc26xx.a(serial-line.o)
                0x00000000000056cc                serial_line_init
 .text.ringbuf_init
                0x00000000000056f0       0x10 contiki-srf06-cc26xx.a(ringbuf.o)
                0x00000000000056f0                ringbuf_init
 .text.ringbuf_put
                0x0000000000005700       0x2c contiki-srf06-cc26xx.a(ringbuf.o)
                0x0000000000005700                ringbuf_put
 .text.ringbuf_get
                0x000000000000572c       0x24 contiki-srf06-cc26xx.a(ringbuf.o)
                0x000000000000572c                ringbuf_get
 .text.list_init
                0x0000000000005750        0x8 contiki-srf06-cc26xx.a(list.o)
                0x0000000000005750                list_init
 .text.list_head
                0x0000000000005758        0x4 contiki-srf06-cc26xx.a(list.o)
                0x0000000000005758                list_head
 .text.list_add
                0x000000000000575c       0x58 contiki-srf06-cc26xx.a(list.o)
                0x000000000000575c                list_add
 .text.list_push
                0x00000000000057b4       0x44 contiki-srf06-cc26xx.a(list.o)
                0x00000000000057b4                list_push
 .text.list_remove
                0x00000000000057f8       0x38 contiki-srf06-cc26xx.a(list.o)
                0x00000000000057f8                list_remove
 .text.list_length
                0x0000000000005830       0x14 contiki-srf06-cc26xx.a(list.o)
                0x0000000000005830                list_length
 .text.list_item_next
                0x0000000000005844        0x8 contiki-srf06-cc26xx.a(list.o)
                0x0000000000005844                list_item_next
 .text.sent_by_abc
                0x000000000000584c        0xc contiki-srf06-cc26xx.a(broadcast.o)
 .text.recv_from_abc
                0x0000000000005858       0x24 contiki-srf06-cc26xx.a(broadcast.o)
 .text.broadcast_open
                0x000000000000587c       0x24 contiki-srf06-cc26xx.a(broadcast.o)
                0x000000000000587c                broadcast_open
 .text.broadcast_close
                0x00000000000058a0        0x4 contiki-srf06-cc26xx.a(broadcast.o)
                0x00000000000058a0                broadcast_close
 .text.broadcast_send
                0x00000000000058a4       0x1c contiki-srf06-cc26xx.a(broadcast.o)
                0x00000000000058a4                broadcast_send
 .text.packet_sent
                0x00000000000058c0       0x38 contiki-srf06-cc26xx.a(rime.o)
 .text.input    0x00000000000058f8       0x38 contiki-srf06-cc26xx.a(rime.o)
 .text.init     0x0000000000005930       0x28 contiki-srf06-cc26xx.a(rime.o)
 .text.rime_output
                0x0000000000005958       0x24 contiki-srf06-cc26xx.a(rime.o)
                0x0000000000005958                rime_output
 .text.abc_open
                0x000000000000597c       0x20 contiki-srf06-cc26xx.a(abc.o)
                0x000000000000597c                abc_open
 .text.abc_close
                0x000000000000599c        0x4 contiki-srf06-cc26xx.a(abc.o)
                0x000000000000599c                abc_close
 .text.abc_send
                0x00000000000059a0        0x4 contiki-srf06-cc26xx.a(abc.o)
                0x00000000000059a0                abc_send
 .text.abc_input
                0x00000000000059a4        0xc contiki-srf06-cc26xx.a(abc.o)
                0x00000000000059a4                abc_input
 .text.abc_sent
                0x00000000000059b0        0xc contiki-srf06-cc26xx.a(abc.o)
                0x00000000000059b0                abc_sent
 .text.announcement_init
                0x00000000000059bc        0xc contiki-srf06-cc26xx.a(announcement.o)
                0x00000000000059bc                announcement_init
 .text.announcement_register_observer_callback
                0x00000000000059c8        0xc contiki-srf06-cc26xx.a(announcement.o)
                0x00000000000059c8                announcement_register_observer_callback
 .text.announcement_list
                0x00000000000059d4        0xc contiki-srf06-cc26xx.a(announcement.o)
                0x00000000000059d4                announcement_list
 .text.announcement_heard
                0x00000000000059e0       0x3c contiki-srf06-cc26xx.a(announcement.o)
                0x00000000000059e0                announcement_heard
 .text.TrimAfterColdResetWakeupFromShutDown
                0x0000000000005a1c       0xe4 contiki-srf06-cc26xx.a(setup.o)
 .text.NOROM_SetupTrimDevice
                0x0000000000005b00       0xa4 contiki-srf06-cc26xx.a(setup.o)
                0x0000000000005b00                NOROM_SetupTrimDevice
 .text.NOROM_TRNGConfigure
                0x0000000000005ba4       0x38 contiki-srf06-cc26xx.a(trng.o)
                0x0000000000005ba4                NOROM_TRNGConfigure
 .text.NOROM_OSCClockSourceSet
                0x0000000000005bdc       0x50 contiki-srf06-cc26xx.a(osc.o)
                0x0000000000005bdc                NOROM_OSCClockSourceSet
 .text.NOROM_OSCClockSourceGet
                0x0000000000005c2c       0x20 contiki-srf06-cc26xx.a(osc.o)
                0x0000000000005c2c                NOROM_OSCClockSourceGet
 .text.SafeHapiVoid
                0x0000000000005c4c       0x28 contiki-srf06-cc26xx.a(adi.o)
                0x0000000000005c4c                SafeHapiVoid
 .text.NOROM_ChipInfo_GetSupportedProtocol_BV
                0x0000000000005c74       0x10 contiki-srf06-cc26xx.a(chipinfo.o)
                0x0000000000005c74                NOROM_ChipInfo_GetSupportedProtocol_BV
 .text.NOROM_ChipInfo_GetChipFamily
                0x0000000000005c84       0x4c contiki-srf06-cc26xx.a(chipinfo.o)
                0x0000000000005c84                NOROM_ChipInfo_GetChipFamily
 .text.NOROM_ChipInfo_GetChipType
                0x0000000000005cd0       0x50 contiki-srf06-cc26xx.a(chipinfo.o)
                0x0000000000005cd0                NOROM_ChipInfo_GetChipType
 .text.NOROM_ChipInfo_GetHwRevision
                0x0000000000005d20       0x6c contiki-srf06-cc26xx.a(chipinfo.o)
                0x0000000000005d20                NOROM_ChipInfo_GetHwRevision
 .text.NOROM_ThisCodeIsBuiltForCC26xxHwRev22AndLater_HaltIfViolated
                0x0000000000005d8c       0x14 contiki-srf06-cc26xx.a(chipinfo.o)
                0x0000000000005d8c                NOROM_ThisCodeIsBuiltForCC26xxHwRev22AndLater_HaltIfViolated
 .text.NOROM_CPUcpsid
                0x0000000000005da0        0x8 contiki-srf06-cc26xx.a(cpu.o)
                0x0000000000005da0                NOROM_CPUcpsid
 .text.NOROM_CPUcpsie
                0x0000000000005da8        0x8 contiki-srf06-cc26xx.a(cpu.o)
                0x0000000000005da8                NOROM_CPUcpsie
 .text.NOROM_CPUdelay
                0x0000000000005db0        0x8 contiki-srf06-cc26xx.a(cpu.o)
                0x0000000000005db0                NOROM_CPUdelay
 .text.NOROM_PowerCtrlSourceSet
                0x0000000000005db8       0x30 contiki-srf06-cc26xx.a(pwr_ctrl.o)
                0x0000000000005db8                NOROM_PowerCtrlSourceSet
 .text.NOROM_AONBatMonTemperatureGetDegC
                0x0000000000005de8       0x30 contiki-srf06-cc26xx.a(aon_batmon.o)
                0x0000000000005de8                NOROM_AONBatMonTemperatureGetDegC
 .text.NOROM_DDI32RegWrite
                0x0000000000005e18       0x2c contiki-srf06-cc26xx.a(ddi.o)
                0x0000000000005e18                NOROM_DDI32RegWrite
 .text.NOROM_DDI16BitfieldWrite
                0x0000000000005e44       0x48 contiki-srf06-cc26xx.a(ddi.o)
                0x0000000000005e44                NOROM_DDI16BitfieldWrite
 .text.NOROM_DDI16BitfieldRead
                0x0000000000005e8c       0x48 contiki-srf06-cc26xx.a(ddi.o)
                0x0000000000005e8c                NOROM_DDI16BitfieldRead
 .text.NOROM_SysCtrlSetRechargeBeforePowerDown
                0x0000000000005ed4      0x230 contiki-srf06-cc26xx.a(sys_ctrl.o)
                0x0000000000005ed4                NOROM_SysCtrlSetRechargeBeforePowerDown
 .text.NOROM_SysCtrlAdjustRechargeAfterPowerDown
                0x0000000000006104       0x68 contiki-srf06-cc26xx.a(sys_ctrl.o)
                0x0000000000006104                NOROM_SysCtrlAdjustRechargeAfterPowerDown
 .text.NOROM_SysCtrl_DCDC_VoltageConditionalControl
                0x000000000000616c       0x7c contiki-srf06-cc26xx.a(sys_ctrl.o)
                0x000000000000616c                NOROM_SysCtrl_DCDC_VoltageConditionalControl
 .text.NOROM_AONRTCCurrentCompareValueGet
                0x00000000000061e8       0x24 contiki-srf06-cc26xx.a(aon_rtc.o)
                0x00000000000061e8                NOROM_AONRTCCurrentCompareValueGet
 .text.queuebuf_init
                0x000000000000620c       0x1c contiki-srf06-cc26xx.a(queuebuf.o)
                0x000000000000620c                queuebuf_init
 .text.queuebuf_new_from_packetbuf
                0x0000000000006228       0x44 contiki-srf06-cc26xx.a(queuebuf.o)
                0x0000000000006228                queuebuf_new_from_packetbuf
 .text.queuebuf_update_attr_from_packetbuf
                0x000000000000626c        0xc contiki-srf06-cc26xx.a(queuebuf.o)
                0x000000000000626c                queuebuf_update_attr_from_packetbuf
 .text.queuebuf_free
                0x0000000000006278       0x2c contiki-srf06-cc26xx.a(queuebuf.o)
                0x0000000000006278                queuebuf_free
 .text.queuebuf_to_packetbuf
                0x00000000000062a4       0x30 contiki-srf06-cc26xx.a(queuebuf.o)
                0x00000000000062a4                queuebuf_to_packetbuf
 .text.queuebuf_attr
                0x00000000000062d4        0xc contiki-srf06-cc26xx.a(queuebuf.o)
                0x00000000000062d4                queuebuf_attr
 .text.packetbuf_compact
                0x00000000000062e0       0x44 contiki-srf06-cc26xx.a(packetbuf.o)
                0x00000000000062e0                packetbuf_compact
 .text.packetbuf_copyto
                0x0000000000006324       0x50 contiki-srf06-cc26xx.a(packetbuf.o)
                0x0000000000006324                packetbuf_copyto
 .text.packetbuf_hdralloc
                0x0000000000006374       0x54 contiki-srf06-cc26xx.a(packetbuf.o)
                0x0000000000006374                packetbuf_hdralloc
 .text.packetbuf_hdrreduce
                0x00000000000063c8       0x2c contiki-srf06-cc26xx.a(packetbuf.o)
                0x00000000000063c8                packetbuf_hdrreduce
 .text.packetbuf_set_datalen
                0x00000000000063f4        0xc contiki-srf06-cc26xx.a(packetbuf.o)
                0x00000000000063f4                packetbuf_set_datalen
 .text.packetbuf_dataptr
                0x0000000000006400       0x20 contiki-srf06-cc26xx.a(packetbuf.o)
                0x0000000000006400                packetbuf_dataptr
 .text.packetbuf_hdrptr
                0x0000000000006420        0x8 contiki-srf06-cc26xx.a(packetbuf.o)
                0x0000000000006420                packetbuf_hdrptr
 .text.packetbuf_datalen
                0x0000000000006428        0xc contiki-srf06-cc26xx.a(packetbuf.o)
                0x0000000000006428                packetbuf_datalen
 .text.packetbuf_totlen
                0x0000000000006434       0x24 contiki-srf06-cc26xx.a(packetbuf.o)
                0x0000000000006434                packetbuf_totlen
 .text.packetbuf_attr_clear
                0x0000000000006458       0x40 contiki-srf06-cc26xx.a(packetbuf.o)
                0x0000000000006458                packetbuf_attr_clear
 .text.packetbuf_clear
                0x0000000000006498       0x20 contiki-srf06-cc26xx.a(packetbuf.o)
                0x0000000000006498                packetbuf_clear
 .text.packetbuf_copyfrom
                0x00000000000064b8       0x40 contiki-srf06-cc26xx.a(packetbuf.o)
                0x00000000000064b8                packetbuf_copyfrom
 .text.packetbuf_attr_copyto
                0x00000000000064f8       0x3c contiki-srf06-cc26xx.a(packetbuf.o)
                0x00000000000064f8                packetbuf_attr_copyto
 .text.packetbuf_attr_copyfrom
                0x0000000000006534       0x3c contiki-srf06-cc26xx.a(packetbuf.o)
                0x0000000000006534                packetbuf_attr_copyfrom
 .text.packetbuf_set_attr
                0x0000000000006570       0x10 contiki-srf06-cc26xx.a(packetbuf.o)
                0x0000000000006570                packetbuf_set_attr
 .text.packetbuf_attr
                0x0000000000006580        0xc contiki-srf06-cc26xx.a(packetbuf.o)
                0x0000000000006580                packetbuf_attr
 .text.packetbuf_set_addr
                0x000000000000658c       0x18 contiki-srf06-cc26xx.a(packetbuf.o)
                0x000000000000658c                packetbuf_set_addr
 .text.packetbuf_addr
                0x00000000000065a4       0x10 contiki-srf06-cc26xx.a(packetbuf.o)
                0x00000000000065a4                packetbuf_addr
 .text.packetbuf_holds_broadcast
                0x00000000000065b4       0x10 contiki-srf06-cc26xx.a(packetbuf.o)
                0x00000000000065b4                packetbuf_holds_broadcast
 .text.netstack_init
                0x00000000000065c4       0x38 contiki-srf06-cc26xx.a(netstack.o)
                0x00000000000065c4                netstack_init
 .text.linkaddr_copy
                0x00000000000065fc        0x8 contiki-srf06-cc26xx.a(linkaddr.o)
                0x00000000000065fc                linkaddr_copy
 .text.linkaddr_cmp
                0x0000000000006604       0x10 contiki-srf06-cc26xx.a(linkaddr.o)
                0x0000000000006604                linkaddr_cmp
 .text.input_packet
                0x0000000000006614        0xc contiki-srf06-cc26xx.a(csma.o)
 .text.on       0x0000000000006620        0xc contiki-srf06-cc26xx.a(csma.o)
 .text.off      0x000000000000662c        0xc contiki-srf06-cc26xx.a(csma.o)
 .text.channel_check_interval
                0x0000000000006638       0x10 contiki-srf06-cc26xx.a(csma.o)
 .text.transmit_packet_list
                0x0000000000006648       0x34 contiki-srf06-cc26xx.a(csma.o)
 .text.schedule_transmission
                0x000000000000667c       0x58 contiki-srf06-cc26xx.a(csma.o)
 .text.send_packet
                0x00000000000066d4      0x164 contiki-srf06-cc26xx.a(csma.o)
 .text.init     0x0000000000006838       0x24 contiki-srf06-cc26xx.a(csma.o)
 .text.tx_done  0x000000000000685c       0x90 contiki-srf06-cc26xx.a(csma.o)
 .text.packet_sent
                0x00000000000068ec       0xf0 contiki-srf06-cc26xx.a(csma.o)
 .text.on       0x00000000000069dc        0xc contiki-srf06-cc26xx.a(nullrdc.o)
 .text.channel_check_interval
                0x00000000000069e8        0x4 contiki-srf06-cc26xx.a(nullrdc.o)
 .text.init     0x00000000000069ec        0xc contiki-srf06-cc26xx.a(nullrdc.o)
 .text.send_one_packet
                0x00000000000069f8      0x144 contiki-srf06-cc26xx.a(nullrdc.o)
 .text.send_list
                0x0000000000006b3c       0x28 contiki-srf06-cc26xx.a(nullrdc.o)
 .text.send_packet
                0x0000000000006b64        0x4 contiki-srf06-cc26xx.a(nullrdc.o)
 .text.off      0x0000000000006b68       0x1c contiki-srf06-cc26xx.a(nullrdc.o)
 .text.packet_input
                0x0000000000006b84       0x54 contiki-srf06-cc26xx.a(nullrdc.o)
 .text.init     0x0000000000006bd8        0x4 contiki-srf06-cc26xx.a(nullsec.o)
 .text.input    0x0000000000006bdc        0xc contiki-srf06-cc26xx.a(nullsec.o)
 .text.send     0x0000000000006be8       0x20 contiki-srf06-cc26xx.a(nullsec.o)
 .text.sensor_common_read_reg
                0x0000000000006c08       0x1c contiki-srf06-cc26xx.a(sensor-common.o)
                0x0000000000006c08                sensor_common_read_reg
 .text.sensor_common_write_reg
                0x0000000000006c24       0x38 contiki-srf06-cc26xx.a(sensor-common.o)
                0x0000000000006c24                sensor_common_write_reg
 .text.sensor_common_set_error_data
                0x0000000000006c5c       0x18 contiki-srf06-cc26xx.a(sensor-common.o)
                0x0000000000006c5c                sensor_common_set_error_data
 .text.verify_part
                0x0000000000006c74       0x80 contiki-srf06-cc26xx.a(ext-flash.o)
 .text.wait_ready
                0x0000000000006cf4       0x58 contiki-srf06-cc26xx.a(ext-flash.o)
 .text.power_down
                0x0000000000006d4c       0x50 contiki-srf06-cc26xx.a(ext-flash.o)
 .text.ext_flash_open
                0x0000000000006d9c       0x60 contiki-srf06-cc26xx.a(ext-flash.o)
                0x0000000000006d9c                ext_flash_open
 .text.ext_flash_init
                0x0000000000006dfc       0x14 contiki-srf06-cc26xx.a(ext-flash.o)
                0x0000000000006dfc                ext_flash_init
 .text.buzzer_init
                0x0000000000006e10        0xc contiki-srf06-cc26xx.a(buzzer.o)
                0x0000000000006e10                buzzer_init
 .text.buzzer_stop
                0x0000000000006e1c       0x74 contiki-srf06-cc26xx.a(buzzer.o)
                0x0000000000006e1c                buzzer_stop
 .text.accessible
                0x0000000000006e90       0x24 contiki-srf06-cc26xx.a(board-spi.o)
 .text.board_spi_write
                0x0000000000006eb4       0x40 contiki-srf06-cc26xx.a(board-spi.o)
                0x0000000000006eb4                board_spi_write
 .text.board_spi_read
                0x0000000000006ef4       0x4c contiki-srf06-cc26xx.a(board-spi.o)
                0x0000000000006ef4                board_spi_read
 .text.board_spi_flush
                0x0000000000006f40       0x24 contiki-srf06-cc26xx.a(board-spi.o)
                0x0000000000006f40                board_spi_flush
 .text.board_spi_open
                0x0000000000006f64       0xbc contiki-srf06-cc26xx.a(board-spi.o)
                0x0000000000006f64                board_spi_open
 .text.board_spi_close
                0x0000000000007020       0x70 contiki-srf06-cc26xx.a(board-spi.o)
                0x0000000000007020                board_spi_close
 .text.aux_ctrl_power_up
                0x0000000000007090       0x28 contiki-srf06-cc26xx.a(aux-ctrl.o)
                0x0000000000007090                aux_ctrl_power_up
 .text.aux_ctrl_register_consumer
                0x00000000000070b8       0x40 contiki-srf06-cc26xx.a(aux-ctrl.o)
                0x00000000000070b8                aux_ctrl_register_consumer
 .text.aux_ctrl_power_down
                0x00000000000070f8       0x68 contiki-srf06-cc26xx.a(aux-ctrl.o)
                0x00000000000070f8                aux_ctrl_power_down
 .text.aux_ctrl_unregister_consumer
                0x0000000000007160       0x28 contiki-srf06-cc26xx.a(aux-ctrl.o)
                0x0000000000007160                aux_ctrl_unregister_consumer
 .text.process_thread_rf_core_process
                0x0000000000007188       0x58 contiki-srf06-cc26xx.a(rf-core.o)
 .text.rf_core_is_accessible
                0x00000000000071e0       0x10 contiki-srf06-cc26xx.a(rf-core.o)
                0x00000000000071e0                rf_core_is_accessible
 .text.rf_core_send_cmd
                0x00000000000071f0       0x94 contiki-srf06-cc26xx.a(rf-core.o)
                0x00000000000071f0                rf_core_send_cmd
 .text.rf_core_wait_cmd_done
                0x0000000000007284       0x30 contiki-srf06-cc26xx.a(rf-core.o)
                0x0000000000007284                rf_core_wait_cmd_done
 .text.rf_core_power_up
                0x00000000000072b4       0xcc contiki-srf06-cc26xx.a(rf-core.o)
                0x00000000000072b4                rf_core_power_up
 .text.rf_core_start_rat
                0x0000000000007380       0x68 contiki-srf06-cc26xx.a(rf-core.o)
                0x0000000000007380                rf_core_start_rat
 .text.rf_core_stop_rat
                0x00000000000073e8       0x7c contiki-srf06-cc26xx.a(rf-core.o)
                0x00000000000073e8                rf_core_stop_rat
 .text.rf_core_power_down
                0x0000000000007464       0xec contiki-srf06-cc26xx.a(rf-core.o)
                0x0000000000007464                rf_core_power_down
 .text.rf_core_set_modesel
                0x0000000000007550       0x44 contiki-srf06-cc26xx.a(rf-core.o)
                0x0000000000007550                rf_core_set_modesel
 .text.rf_core_boot
                0x0000000000007594       0x1c contiki-srf06-cc26xx.a(rf-core.o)
                0x0000000000007594                rf_core_boot
 .text.rf_core_restart_rat
                0x00000000000075b0       0x18 contiki-srf06-cc26xx.a(rf-core.o)
                0x00000000000075b0                rf_core_restart_rat
 .text.rf_core_setup_interrupts
                0x00000000000075c8       0x74 contiki-srf06-cc26xx.a(rf-core.o)
                0x00000000000075c8                rf_core_setup_interrupts
 .text.rf_core_cmd_done_en
                0x000000000000763c       0x28 contiki-srf06-cc26xx.a(rf-core.o)
                0x000000000000763c                rf_core_cmd_done_en
 .text.rf_core_cmd_done_dis
                0x0000000000007664       0x18 contiki-srf06-cc26xx.a(rf-core.o)
                0x0000000000007664                rf_core_cmd_done_dis
 .text.rf_core_get_last_radio_op
                0x000000000000767c        0xc contiki-srf06-cc26xx.a(rf-core.o)
                0x000000000000767c                rf_core_get_last_radio_op
 .text.rf_core_init_radio_op
                0x0000000000007688       0x1c contiki-srf06-cc26xx.a(rf-core.o)
                0x0000000000007688                rf_core_init_radio_op
 .text.rf_core_primary_mode_register
                0x00000000000076a4        0xc contiki-srf06-cc26xx.a(rf-core.o)
                0x00000000000076a4                rf_core_primary_mode_register
 .text.RFCCPE1IntHandler
                0x00000000000076b0       0x28 contiki-srf06-cc26xx.a(rf-core.o)
                0x00000000000076b0                RFCCPE1IntHandler
 .text.RFCCPE0IntHandler
                0x00000000000076d8       0x5c contiki-srf06-cc26xx.a(rf-core.o)
                0x00000000000076d8                RFCCPE0IntHandler
 .text.rf_ble_is_active
                0x0000000000007734        0xc contiki-srf06-cc26xx.a(rf-ble.o)
                0x0000000000007734                rf_ble_is_active
 .text.memb_init
                0x0000000000007740       0x24 contiki-srf06-cc26xx.a(memb.o)
                0x0000000000007740                memb_init
 .text.memb_alloc
                0x0000000000007764       0x3c contiki-srf06-cc26xx.a(memb.o)
                0x0000000000007764                memb_alloc
 .text.memb_free
                0x00000000000077a0       0x40 contiki-srf06-cc26xx.a(memb.o)
                0x00000000000077a0                memb_free
 .text.memb_inmemb
                0x00000000000077e0       0x1c contiki-srf06-cc26xx.a(memb.o)
                0x00000000000077e0                memb_inmemb
 .text.adv_packet_sent
                0x00000000000077fc        0x4 contiki-srf06-cc26xx.a(broadcast-annou)
 .text.set_timers
                0x0000000000007800       0x3c contiki-srf06-cc26xx.a(broadcast-annou)
 .text.send_timer
                0x000000000000783c       0x18 contiki-srf06-cc26xx.a(broadcast-annou)
 .text.send_adv
                0x0000000000007854       0x58 contiki-srf06-cc26xx.a(broadcast-annou)
 .text.adv_packet_received
                0x00000000000078ac       0x3c contiki-srf06-cc26xx.a(broadcast-annou)
 .text.new_announcement
                0x00000000000078e8       0x18 contiki-srf06-cc26xx.a(broadcast-annou)
 .text.broadcast_announcement_init
                0x0000000000007900       0x30 contiki-srf06-cc26xx.a(broadcast-annou)
                0x0000000000007900                broadcast_announcement_init
 .text.channel_init
                0x0000000000007930        0xc contiki-srf06-cc26xx.a(channel.o)
                0x0000000000007930                channel_init
 .text.channel_open
                0x000000000000793c       0x10 contiki-srf06-cc26xx.a(channel.o)
                0x000000000000793c                channel_open
 .text.channel_close
                0x000000000000794c        0xc contiki-srf06-cc26xx.a(channel.o)
                0x000000000000794c                channel_close
 .text.channel_lookup
                0x0000000000007958       0x30 contiki-srf06-cc26xx.a(channel.o)
                0x0000000000007958                channel_lookup
 .text.channel_set_attributes
                0x0000000000007988       0x18 contiki-srf06-cc26xx.a(channel.o)
                0x0000000000007988                channel_set_attributes
 .text.chameleon_init
                0x00000000000079a0        0x4 contiki-srf06-cc26xx.a(chameleon.o)
                0x00000000000079a0                chameleon_init
 .text.chameleon_parse
                0x00000000000079a4       0x1c contiki-srf06-cc26xx.a(chameleon.o)
                0x00000000000079a4                chameleon_parse
 .text.chameleon_create
                0x00000000000079c0       0x20 contiki-srf06-cc26xx.a(chameleon.o)
                0x00000000000079c0                chameleon_create
 .text.chameleon_hdrsize
                0x00000000000079e0        0xc contiki-srf06-cc26xx.a(chameleon.o)
                0x00000000000079e0                chameleon_hdrsize
 .text.NOROM_SetupGetTrimForXoscHfCtl.part.3
                0x00000000000079ec       0x20 contiki-srf06-cc26xx.a(setup_rom.o)
 .text.NOROM_SetupGetTrimForRadcExtCfg.part.4
                0x0000000000007a0c       0x1c contiki-srf06-cc26xx.a(setup_rom.o)
 .text.NOROM_SetupAfterColdResetWakeupFromShutDownCfg1
                0x0000000000007a28       0x74 contiki-srf06-cc26xx.a(setup_rom.o)
                0x0000000000007a28                NOROM_SetupAfterColdResetWakeupFromShutDownCfg1
 .text.NOROM_SetupAfterColdResetWakeupFromShutDownCfg3
                0x0000000000007a9c      0x1a0 contiki-srf06-cc26xx.a(setup_rom.o)
                0x0000000000007a9c                NOROM_SetupAfterColdResetWakeupFromShutDownCfg3
 .text.NOROM_SetupGetTrimForAnabypassValue1
                0x0000000000007c3c       0x64 contiki-srf06-cc26xx.a(setup_rom.o)
                0x0000000000007c3c                NOROM_SetupGetTrimForAnabypassValue1
 .text.NOROM_SetupGetTrimForAmpcompCtrl
                0x0000000000007ca0       0x58 contiki-srf06-cc26xx.a(setup_rom.o)
                0x0000000000007ca0                NOROM_SetupGetTrimForAmpcompCtrl
 .text.NOROM_SetupAfterColdResetWakeupFromShutDownCfg2
                0x0000000000007cf8      0x190 contiki-srf06-cc26xx.a(setup_rom.o)
                0x0000000000007cf8                NOROM_SetupAfterColdResetWakeupFromShutDownCfg2
 .text.NOROM_SetupSetCacheModeAccordingToCcfgSetting
                0x0000000000007e88       0x6c contiki-srf06-cc26xx.a(setup_rom.o)
                0x0000000000007e88                NOROM_SetupSetCacheModeAccordingToCcfgSetting
 .text.mac_sequence_is_duplicate
                0x0000000000007ef4       0x50 contiki-srf06-cc26xx.a(mac-sequence.o)
                0x0000000000007ef4                mac_sequence_is_duplicate
 .text.mac_sequence_register_seqno
                0x0000000000007f44       0x64 contiki-srf06-cc26xx.a(mac-sequence.o)
                0x0000000000007f44                mac_sequence_register_seqno
 .text.mac_call_sent_callback
                0x0000000000007fa8       0x18 contiki-srf06-cc26xx.a(mac.o)
                0x0000000000007fa8                mac_call_sent_callback
 .text.parse    0x0000000000007fc0       0xa8 contiki-srf06-cc26xx.a(framer-802154.o)
 .text.create_frame.isra.0
                0x0000000000008068      0x144 contiki-srf06-cc26xx.a(framer-802154.o)
 .text.create   0x00000000000081ac        0x8 contiki-srf06-cc26xx.a(framer-802154.o)
 .text.hdr_length
                0x00000000000081b4        0x8 contiki-srf06-cc26xx.a(framer-802154.o)
 .text.header_size
                0x00000000000081bc       0x1c contiki-srf06-cc26xx.a(chameleon-bitop)
 .text.get_bits
                0x00000000000081d8       0xa8 contiki-srf06-cc26xx.a(chameleon-bitop)
                0x00000000000081d8                get_bits
 .text.unpack_header
                0x0000000000008280       0xbc contiki-srf06-cc26xx.a(chameleon-bitop)
 .text.set_bits
                0x000000000000833c       0xd4 contiki-srf06-cc26xx.a(chameleon-bitop)
                0x000000000000833c                set_bits
 .text.pack_header
                0x0000000000008410       0xa8 contiki-srf06-cc26xx.a(chameleon-bitop)
 .text.frame802154_get_pan_id
                0x00000000000084b8        0xc contiki-srf06-cc26xx.a(frame802154.o)
                0x00000000000084b8                frame802154_get_pan_id
 .text.frame802154_has_panid
                0x00000000000084c4       0xa4 contiki-srf06-cc26xx.a(frame802154.o)
                0x00000000000084c4                frame802154_has_panid
 .text.field_len
                0x0000000000008568       0x88 contiki-srf06-cc26xx.a(frame802154.o)
 .text.frame802154_is_broadcast_addr
                0x00000000000085f0       0x20 contiki-srf06-cc26xx.a(frame802154.o)
                0x00000000000085f0                frame802154_is_broadcast_addr
 .text.frame802154_hdrlen
                0x0000000000008610       0x34 contiki-srf06-cc26xx.a(frame802154.o)
                0x0000000000008610                frame802154_hdrlen
 .text.frame802154_create_fcf
                0x0000000000008644       0x64 contiki-srf06-cc26xx.a(frame802154.o)
                0x0000000000008644                frame802154_create_fcf
 .text.frame802154_create
                0x00000000000086a8       0xb4 contiki-srf06-cc26xx.a(frame802154.o)
                0x00000000000086a8                frame802154_create
 .text.frame802154_parse_fcf
                0x000000000000875c       0x44 contiki-srf06-cc26xx.a(frame802154.o)
                0x000000000000875c                frame802154_parse_fcf
 .text.frame802154_parse
                0x00000000000087a0      0x138 contiki-srf06-cc26xx.a(frame802154.o)
                0x00000000000087a0                frame802154_parse
 .text          0x00000000000088d8       0x10 /usr/lib/gcc/arm-none-eabi/6.3.1/../../../arm-none-eabi/lib/thumb/v7-m/libm.a(lib_a-w_exp2.o)
                0x00000000000088d8                exp2
 .text          0x00000000000088e8      0x340 /usr/lib/gcc/arm-none-eabi/6.3.1/../../../arm-none-eabi/lib/thumb/v7-m/libm.a(lib_a-w_pow.o)
                0x00000000000088e8                pow
 .text          0x0000000000008c28      0x178 /usr/lib/gcc/arm-none-eabi/6.3.1/../../../arm-none-eabi/lib/thumb/v7-m/libm.a(lib_a-e_sqrt.o)
                0x0000000000008c28                __ieee754_sqrt
 .text          0x0000000000008da0        0x8 /usr/lib/gcc/arm-none-eabi/6.3.1/../../../arm-none-eabi/lib/thumb/v7-m/libm.a(lib_a-s_fabs.o)
                0x0000000000008da0                fabs
 .text          0x0000000000008da8        0xc /usr/lib/gcc/arm-none-eabi/6.3.1/../../../arm-none-eabi/lib/thumb/v7-m/libm.a(lib_a-s_finite.o)
                0x0000000000008da8                finite
 .text          0x0000000000008db4        0x4 /usr/lib/gcc/arm-none-eabi/6.3.1/../../../arm-none-eabi/lib/thumb/v7-m/libm.a(lib_a-s_matherr.o)
                0x0000000000008db4                matherr
 .text          0x0000000000008db8        0xc /usr/lib/gcc/arm-none-eabi/6.3.1/../../../arm-none-eabi/lib/thumb/v7-m/libm.a(lib_a-s_nan.o)
                0x0000000000008db8                nan
 .text          0x0000000000008dc4      0x11c /usr/lib/gcc/arm-none-eabi/6.3.1/../../../arm-none-eabi/lib/thumb/v7-m/libm.a(lib_a-s_rint.o)
                0x0000000000008dc4                rint
 .text          0x0000000000008ee0       0x10 /usr/lib/gcc/arm-none-eabi/6.3.1/../../../arm-none-eabi/lib/thumb/v7-m/libm.a(lib_a-s_copysign.o)
                0x0000000000008ee0                copysign
 .text          0x0000000000008ef0      0x370 /usr/lib/gcc/arm-none-eabi/6.3.1/thumb/v7-m/libgcc.a(_arm_addsubdf3.o)
                0x0000000000008ef0                __aeabi_drsub
                0x0000000000008ef8                __aeabi_dsub
                0x0000000000008ef8                __subdf3
                0x0000000000008efc                __adddf3
                0x0000000000008efc                __aeabi_dadd
                0x0000000000009174                __aeabi_ui2d
                0x0000000000009174                __floatunsidf
                0x0000000000009194                __floatsidf
                0x0000000000009194                __aeabi_i2d
                0x00000000000091b8                __extendsfdf2
                0x00000000000091b8                __aeabi_f2d
                0x00000000000091f4                __aeabi_ul2d
                0x00000000000091f4                __floatundidf
                0x0000000000009204                __floatdidf
                0x0000000000009204                __aeabi_l2d
 .text          0x0000000000009260      0x424 /usr/lib/gcc/arm-none-eabi/6.3.1/thumb/v7-m/libgcc.a(_arm_muldivdf3.o)
                0x0000000000009260                __aeabi_dmul
                0x0000000000009260                __muldf3
                0x00000000000094b4                __aeabi_ddiv
                0x00000000000094b4                __divdf3
 .text          0x0000000000009684      0x110 /usr/lib/gcc/arm-none-eabi/6.3.1/thumb/v7-m/libgcc.a(_arm_cmpdf2.o)
                0x0000000000009684                __gtdf2
                0x0000000000009684                __gedf2
                0x000000000000968c                __ltdf2
                0x000000000000968c                __ledf2
                0x0000000000009694                __cmpdf2
                0x0000000000009694                __eqdf2
                0x0000000000009694                __nedf2
                0x0000000000009710                __aeabi_cdrcmple
                0x0000000000009720                __aeabi_cdcmple
                0x0000000000009720                __aeabi_cdcmpeq
                0x0000000000009730                __aeabi_dcmpeq
                0x0000000000009744                __aeabi_dcmplt
                0x0000000000009758                __aeabi_dcmple
                0x000000000000976c                __aeabi_dcmpge
                0x0000000000009780                __aeabi_dcmpgt
 .text          0x0000000000009794       0x2c /usr/lib/gcc/arm-none-eabi/6.3.1/thumb/v7-m/libgcc.a(_arm_unorddf2.o)
                0x0000000000009794                __aeabi_dcmpun
                0x0000000000009794                __unorddf2
 .text          0x00000000000097c0       0xa0 /usr/lib/gcc/arm-none-eabi/6.3.1/thumb/v7-m/libgcc.a(_arm_truncdfsf2.o)
                0x00000000000097c0                __aeabi_d2f
                0x00000000000097c0                __truncdfsf2
 .text          0x0000000000009860      0x21c /usr/lib/gcc/arm-none-eabi/6.3.1/thumb/v7-m/libgcc.a(_arm_addsubsf3.o)
                0x0000000000009860                __aeabi_frsub
                0x0000000000009868                __subsf3
                0x0000000000009868                __aeabi_fsub
                0x000000000000986c                __aeabi_fadd
                0x000000000000986c                __addsf3
                0x00000000000099cc                __aeabi_ui2f
                0x00000000000099cc                __floatunsisf
                0x00000000000099d4                __aeabi_i2f
                0x00000000000099d4                __floatsisf
                0x00000000000099f0                __floatundisf
                0x00000000000099f0                __aeabi_ul2f
                0x0000000000009a00                __floatdisf
                0x0000000000009a00                __aeabi_l2f
 .text          0x0000000000009a7c      0x2a0 /usr/lib/gcc/arm-none-eabi/6.3.1/thumb/v7-m/libgcc.a(_arm_muldivsf3.o)
                0x0000000000009a7c                __mulsf3
                0x0000000000009a7c                __aeabi_fmul
                0x0000000000009be4                __divsf3
                0x0000000000009be4                __aeabi_fdiv
 .text          0x0000000000009d1c       0x4c /usr/lib/gcc/arm-none-eabi/6.3.1/thumb/v7-m/libgcc.a(_arm_fixsfsi.o)
                0x0000000000009d1c                __fixsfsi
                0x0000000000009d1c                __aeabi_f2iz
 .text          0x0000000000009d68       0x30 /usr/lib/gcc/arm-none-eabi/6.3.1/thumb/v7-m/libgcc.a(_aeabi_uldivmod.o)
                0x0000000000009d68                __aeabi_uldivmod
 .text          0x0000000000009d98      0x2dc /usr/lib/gcc/arm-none-eabi/6.3.1/thumb/v7-m/libgcc.a(_udivmoddi4.o)
                0x0000000000009d98                __udivmoddi4
 .text          0x000000000000a074        0x4 /usr/lib/gcc/arm-none-eabi/6.3.1/thumb/v7-m/libgcc.a(_dvmd_tls.o)
                0x000000000000a074                __aeabi_ldiv0
                0x000000000000a074                __aeabi_idiv0
 .text          0x000000000000a078        0xc /usr/lib/gcc/arm-none-eabi/6.3.1/../../../arm-none-eabi/lib/thumb/v7-m/libc.a(lib_a-errno.o)
                0x000000000000a078                __errno
 .text          0x000000000000a084       0x60 /usr/lib/gcc/arm-none-eabi/6.3.1/../../../arm-none-eabi/lib/thumb/v7-m/libc.a(lib_a-memcmp.o)
                0x000000000000a084                memcmp
 .text          0x000000000000a0e4       0xec /usr/lib/gcc/arm-none-eabi/6.3.1/../../../arm-none-eabi/lib/thumb/v7-m/libc.a(lib_a-memcpy.o)
                0x000000000000a0e4                memcpy
 .text          0x000000000000a1d0       0x9c /usr/lib/gcc/arm-none-eabi/6.3.1/../../../arm-none-eabi/lib/thumb/v7-m/libc.a(lib_a-memset.o)
                0x000000000000a1d0                memset
 .text          0x000000000000a26c       0x5c /usr/lib/gcc/arm-none-eabi/6.3.1/../../../arm-none-eabi/lib/thumb/v7-m/libc.a(lib_a-strlen-stub.o)
                0x000000000000a26c                strlen
 *(SORT(.rodata*))
 .rodata        0x000000000000a2c8       0x10 /usr/lib/gcc/arm-none-eabi/6.3.1/../../../arm-none-eabi/lib/thumb/v7-m/libm.a(lib_a-s_rint.o)
 .rodata.autostart_processes
                0x000000000000a2d8        0x8 final_proj.co
                0x000000000000a2d8                autostart_processes
 .rodata.broadcast_call
                0x000000000000a2e0        0x8 final_proj.co
 .rodata.broadcast_recv.str1.4
                0x000000000000a2e8       0x2e final_proj.co
 *fill*         0x000000000000a316        0x2 00000000
 .rodata.sender_scheduler.str1.4
                0x000000000000a318       0x27 final_proj.co
 *fill*         0x000000000000a33f        0x1 00000000
 .rodata.str1.4
                0x000000000000a340       0x23 final_proj.co
 *fill*         0x000000000000a363        0x1 00000000
 .rodata.main.str1.4
                0x000000000000a364       0xf2 contiki-srf06-cc26xx.a(contiki-main.o)
 *fill*         0x000000000000a456        0x2 00000000
 .rodata.str1.4
                0x000000000000a458        0x8 contiki-srf06-cc26xx.a(sensors.o)
 .rodata.bmp_280_sensor
                0x000000000000a460       0x10 contiki-srf06-cc26xx.a(bmp-280-sensor.)
                0x000000000000a460                bmp_280_sensor
 .rodata.str1.4
                0x000000000000a470        0x7 contiki-srf06-cc26xx.a(bmp-280-sensor.)
 *fill*         0x000000000000a477        0x1 00000000
 .rodata.str1.4
                0x000000000000a478        0x7 contiki-srf06-cc26xx.a(tmp-007-sensor.)
 *fill*         0x000000000000a47f        0x1 00000000
 .rodata.tmp_007_sensor
                0x000000000000a480       0x10 contiki-srf06-cc26xx.a(tmp-007-sensor.)
                0x000000000000a480                tmp_007_sensor
 .rodata.opt_3001_sensor
                0x000000000000a490       0x10 contiki-srf06-cc26xx.a(opt-3001-sensor)
                0x000000000000a490                opt_3001_sensor
 .rodata.str1.4
                0x000000000000a4a0        0x8 contiki-srf06-cc26xx.a(opt-3001-sensor)
 .rodata.hdc_1000_sensor
                0x000000000000a4a8       0x10 contiki-srf06-cc26xx.a(hdc-1000-sensor)
                0x000000000000a4a8                hdc_1000_sensor
 .rodata.str1.4
                0x000000000000a4b8        0x8 contiki-srf06-cc26xx.a(hdc-1000-sensor)
 .rodata.mpu_9250_sensor
                0x000000000000a4c0       0x10 contiki-srf06-cc26xx.a(mpu-9250-sensor)
                0x000000000000a4c0                mpu_9250_sensor
 .rodata.str1.4
                0x000000000000a4d0        0x8 contiki-srf06-cc26xx.a(mpu-9250-sensor)
 .rodata.button_left_sensor
                0x000000000000a4d8       0x10 contiki-srf06-cc26xx.a(button-sensor.o)
                0x000000000000a4d8                button_left_sensor
 .rodata.button_right_sensor
                0x000000000000a4e8       0x10 contiki-srf06-cc26xx.a(button-sensor.o)
                0x000000000000a4e8                button_right_sensor
 .rodata.str1.4
                0x000000000000a4f8        0x7 contiki-srf06-cc26xx.a(button-sensor.o)
 *fill*         0x000000000000a4ff        0x1 00000000
 .rodata.reed_relay_sensor
                0x000000000000a500       0x10 contiki-srf06-cc26xx.a(reed-relay.o)
                0x000000000000a500                reed_relay_sensor
 .rodata.str1.4
                0x000000000000a510        0x5 contiki-srf06-cc26xx.a(reed-relay.o)
 *fill*         0x000000000000a515        0x3 00000000
 .rodata.ieee_mode_driver
                0x000000000000a518       0x38 contiki-srf06-cc26xx.a(ieee-mode.o)
                0x000000000000a518                ieee_mode_driver
 .rodata.mode_ieee
                0x000000000000a550        0x8 contiki-srf06-cc26xx.a(ieee-mode.o)
 .rodata.output_power
                0x000000000000a558       0x68 contiki-srf06-cc26xx.a(ieee-mode.o)
 .rodata.str1.4
                0x000000000000a5c0       0x1b contiki-srf06-cc26xx.a(soc-trng.o)
 *fill*         0x000000000000a5db        0x1 00000000
 .rodata.buffer.4055
                0x000000000000a5dc       0x10 contiki-srf06-cc26xx.a(strformat.o)
 .rodata.buffer.4064
                0x000000000000a5ec       0x10 contiki-srf06-cc26xx.a(strformat.o)
 .rodata.format_str_v.str1.4
                0x000000000000a5fc       0x46 contiki-srf06-cc26xx.a(strformat.o)
 *fill*         0x000000000000a642        0x2 00000000
 .rodata.str1.4
                0x000000000000a644        0xf contiki-srf06-cc26xx.a(ctimer.o)
 *fill*         0x000000000000a653        0x1 00000000
 .rodata.str1.4
                0x000000000000a654        0xc contiki-srf06-cc26xx.a(etimer.o)
 .rodata.str1.4
                0x000000000000a660        0xe contiki-srf06-cc26xx.a(serial-line.o)
 *fill*         0x000000000000a66e        0x2 00000000
 .rodata.attributes
                0x000000000000a670        0x4 contiki-srf06-cc26xx.a(broadcast.o)
 .rodata.broadcast
                0x000000000000a674        0x8 contiki-srf06-cc26xx.a(broadcast.o)
 .rodata.rime_driver
                0x000000000000a67c        0xc contiki-srf06-cc26xx.a(rime.o)
                0x000000000000a67c                rime_driver
 .rodata.str1.4
                0x000000000000a688        0x5 contiki-srf06-cc26xx.a(rime.o)
 *fill*         0x000000000000a68d        0x3 00000000
 .rodata.attributes
                0x000000000000a690        0x2 contiki-srf06-cc26xx.a(abc.o)
 *fill*         0x000000000000a692        0x2 00000000
 .rodata.linkaddr_null
                0x000000000000a694        0x2 contiki-srf06-cc26xx.a(linkaddr.o)
                0x000000000000a694                linkaddr_null
 *fill*         0x000000000000a696        0x2 00000000
 .rodata.csma_driver
                0x000000000000a698       0x1c contiki-srf06-cc26xx.a(csma.o)
                0x000000000000a698                csma_driver
 .rodata.str1.4
                0x000000000000a6b4        0x5 contiki-srf06-cc26xx.a(csma.o)
 *fill*         0x000000000000a6b9        0x3 00000000
 .rodata.nullrdc_driver
                0x000000000000a6bc       0x20 contiki-srf06-cc26xx.a(nullrdc.o)
                0x000000000000a6bc                nullrdc_driver
 .rodata.str1.4
                0x000000000000a6dc        0x8 contiki-srf06-cc26xx.a(nullrdc.o)
 .rodata.nullsec_driver
                0x000000000000a6e4       0x10 contiki-srf06-cc26xx.a(nullsec.o)
                0x000000000000a6e4                nullsec_driver
 .rodata.str1.4
                0x000000000000a6f4        0x8 contiki-srf06-cc26xx.a(nullsec.o)
 .rodata        0x000000000000a6fc        0x4 contiki-srf06-cc26xx.a(ext-flash.o)
 .rodata.RFCCPE0IntHandler.str1.4
                0x000000000000a700       0x2a contiki-srf06-cc26xx.a(rf-core.o)
 *fill*         0x000000000000a72a        0x2 00000000
 .rodata.str1.4
                0x000000000000a72c       0x1a contiki-srf06-cc26xx.a(rf-core.o)
 *fill*         0x000000000000a746        0x2 00000000
 .rodata.broadcast_callbacks
                0x000000000000a748        0x8 contiki-srf06-cc26xx.a(broadcast-annou)
 .rodata.framer_802154
                0x000000000000a750        0xc contiki-srf06-cc26xx.a(framer-802154.o)
                0x000000000000a750                framer_802154
 .rodata.bitmask
                0x000000000000a75c        0x9 contiki-srf06-cc26xx.a(chameleon-bitop)
 *fill*         0x000000000000a765        0x3 00000000
 .rodata.chameleon_bitopt
                0x000000000000a768        0xc contiki-srf06-cc26xx.a(chameleon-bitop)
                0x000000000000a768                chameleon_bitopt
 .rodata.str1.4
                0x000000000000a774        0x4 /usr/lib/gcc/arm-none-eabi/6.3.1/../../../arm-none-eabi/lib/thumb/v7-m/libm.a(lib_a-w_pow.o)
 .rodata.str1.4
                0x000000000000a778        0x4 /usr/lib/gcc/arm-none-eabi/6.3.1/../../../arm-none-eabi/lib/thumb/v7-m/libm.a(lib_a-e_pow.o)
                                          0x1 (size before relaxing)
 .rodata.str1.4
                0x000000000000a778        0x4 /usr/lib/gcc/arm-none-eabi/6.3.1/../../../arm-none-eabi/lib/thumb/v7-m/libc.a(lib_a-impure.o)
                                          0x2 (size before relaxing)
                0x000000000000a77c                _etext = .

.glue_7         0x000000000000a77c        0x0
 .glue_7        0x000000000000a77c        0x0 linker stubs

.glue_7t        0x000000000000a77c        0x0
 .glue_7t       0x000000000000a77c        0x0 linker stubs

.vfp11_veneer   0x000000000000a77c        0x0
 .vfp11_veneer  0x000000000000a77c        0x0 linker stubs

.v4_bx          0x000000000000a77c        0x0
 .v4_bx         0x000000000000a77c        0x0 linker stubs

.iplt           0x000000000000a77c        0x0
 .iplt          0x000000000000a77c        0x0 obj_srf06-cc26xx/startup_gcc.o

.data           0x0000000020000000      0x5a1 load address 0x000000000000a77c
                0x0000000020000000                _data = .
 *(SORT(vtable))
 *(SORT(.data*))
 .data          0x0000000020000000      0x430 /usr/lib/gcc/arm-none-eabi/6.3.1/../../../arm-none-eabi/lib/thumb/v7-m/libc.a(lib_a-impure.o)
                0x0000000020000000                _impure_ptr
 .data.cc2650_nbr_discovery_process
                0x0000000020000430       0x10 final_proj.co
                0x0000000020000430                cc2650_nbr_discovery_process
 .data.sensors_process
                0x0000000020000440       0x10 contiki-srf06-cc26xx.a(sensors.o)
                0x0000000020000440                sensors_process
 .data.sensors  0x0000000020000450       0x24 contiki-srf06-cc26xx.a(sensortag-senso)
                0x0000000020000450                sensors
 .data.sensortag_module
                0x0000000020000474       0x14 contiki-srf06-cc26xx.a(board.o)
 .data.uart_module
                0x0000000020000488       0x14 contiki-srf06-cc26xx.a(cc26xx-uart.o)
 .data.cc26xx_rf_lpm_module
                0x000000002000049c       0x14 contiki-srf06-cc26xx.a(ieee-mode.o)
 .data.ieee_overrides
                0x00000000200004b0       0x2c contiki-srf06-cc26xx.a(ieee-mode.o)
 .data.tx_power_current
                0x00000000200004dc        0x4 contiki-srf06-cc26xx.a(ieee-mode.o)
                0x00000000200004dc                tx_power_current
 .data.rng_module
                0x00000000200004e0       0x14 contiki-srf06-cc26xx.a(soc-trng.o)
 .data.soc_trng_process
                0x00000000200004f4       0x10 contiki-srf06-cc26xx.a(soc-trng.o)
                0x00000000200004f4                soc_trng_process
 .data.ctxt     0x0000000020000504        0x8 contiki-srf06-cc26xx.a(dbg-printf.o)
 .data.ctimer_process
                0x000000002000050c       0x10 contiki-srf06-cc26xx.a(ctimer.o)
                0x000000002000050c                ctimer_process
 .data.etimer_process
                0x000000002000051c       0x10 contiki-srf06-cc26xx.a(etimer.o)
                0x000000002000051c                etimer_process
 .data.serial_line_process
                0x000000002000052c       0x10 contiki-srf06-cc26xx.a(serial-line.o)
                0x000000002000052c                serial_line_process
 .data.bufmem   0x000000002000053c        0xc contiki-srf06-cc26xx.a(queuebuf.o)
 .data.buframmem
                0x0000000020000548        0xc contiki-srf06-cc26xx.a(queuebuf.o)
 .data.metadata_memb
                0x0000000020000554        0xc contiki-srf06-cc26xx.a(csma.o)
 .data.neighbor_memb
                0x0000000020000560        0xc contiki-srf06-cc26xx.a(csma.o)
 .data.packet_memb
                0x000000002000056c        0xc contiki-srf06-cc26xx.a(csma.o)
 .data.buzzer_module
                0x0000000020000578       0x14 contiki-srf06-cc26xx.a(buzzer.o)
 .data.rf_core_process
                0x000000002000058c       0x10 contiki-srf06-cc26xx.a(rf-core.o)
                0x000000002000058c                rf_core_process
 .data.mac_pan_id
                0x000000002000059c        0x2 contiki-srf06-cc26xx.a(frame802154.o)
 .data.interface
                0x000000002000059e        0x1 contiki-srf06-cc26xx.a(board-i2c.o)
 .data.rng_ready_event
                0x000000002000059f        0x1 contiki-srf06-cc26xx.a(soc-trng.o)
 .data          0x00000000200005a0        0x1 /usr/lib/gcc/arm-none-eabi/6.3.1/../../../arm-none-eabi/lib/thumb/v7-m/libm.a(lib_a-s_lib_ver.o)
                0x00000000200005a0                __fdlib_version
                0x00000000200005a1                _edata = .

.igot.plt       0x00000000200005a4        0x0 load address 0x000000000000ad1d
 .igot.plt      0x00000000200005a4        0x0 obj_srf06-cc26xx/startup_gcc.o

.ARM.exidx      0x000000000000ad20        0x8
 *(SORT(.ARM.exidx*))
 .ARM.exidx     0x000000000000ad20        0x8 /usr/lib/gcc/arm-none-eabi/6.3.1/thumb/v7-m/libgcc.a(_udivmoddi4.o)

.bss            0x00000000200005a8     0x14c8
                0x00000000200005a8                _bss = .
 *(SORT(.bss*))
 .bss.count     0x00000000200005a8        0x8 contiki-srf06-cc26xx.a(clock.o)
 .bss.rands_cache
                0x00000000200005b0       0x20 contiki-srf06-cc26xx.a(soc-trng.o)
 .bss.NumSleep.6875
                0x00000000200005d0        0x4 final_proj.co
 .bss.broadcast
                0x00000000200005d4       0x18 final_proj.co
 .bss.data_packet
                0x00000000200005ec        0xc final_proj.co
 .bss.numNodes  0x00000000200005f8        0x4 final_proj.co
                0x00000000200005f8                numNodes
 .bss.pt        0x00000000200005fc        0x2 final_proj.co
 *fill*         0x00000000200005fe        0x2 
 .bss.received_packet
                0x0000000020000600        0xc final_proj.co
 .bss.rt        0x000000002000060c        0xc final_proj.co
 .bss.events.4845
                0x0000000020000618        0x4 contiki-srf06-cc26xx.a(sensors.o)
 .bss.i.4844    0x000000002000061c        0x4 contiki-srf06-cc26xx.a(sensors.o)
 .bss.inited    0x0000000020000620        0x4 contiki-srf06-cc26xx.a(leds-arch.o)
 .bss.calibration_data
                0x0000000020000624       0x1c contiki-srf06-cc26xx.a(bmp-280-sensor.)
 .bss.enabled   0x0000000020000640        0x4 contiki-srf06-cc26xx.a(bmp-280-sensor.)
 .bss.sensor_value
                0x0000000020000644        0x6 contiki-srf06-cc26xx.a(bmp-280-sensor.)
 *fill*         0x000000002000064a        0x2 
 .bss.startup_timer
                0x000000002000064c       0x20 contiki-srf06-cc26xx.a(bmp-280-sensor.)
 .bss.amb_temp_latched
                0x000000002000066c        0x4 contiki-srf06-cc26xx.a(tmp-007-sensor.)
 .bss.buf       0x0000000020000670        0x4 contiki-srf06-cc26xx.a(tmp-007-sensor.)
 .bss.enabled   0x0000000020000674        0x4 contiki-srf06-cc26xx.a(tmp-007-sensor.)
 .bss.obj_temp_latched
                0x0000000020000678        0x4 contiki-srf06-cc26xx.a(tmp-007-sensor.)
 .bss.startup_timer
                0x000000002000067c       0x20 contiki-srf06-cc26xx.a(tmp-007-sensor.)
 .bss.startup_timer
                0x000000002000069c       0x20 contiki-srf06-cc26xx.a(opt-3001-sensor)
 .bss.state     0x00000000200006bc        0x4 contiki-srf06-cc26xx.a(opt-3001-sensor)
 .bss.data      0x00000000200006c0        0x4 contiki-srf06-cc26xx.a(hdc-1000-sensor)
 .bss.enabled   0x00000000200006c4        0x4 contiki-srf06-cc26xx.a(hdc-1000-sensor)
 .bss.startup_timer
                0x00000000200006c8       0x20 contiki-srf06-cc26xx.a(hdc-1000-sensor)
 .bss.elements  0x00000000200006e8        0x4 contiki-srf06-cc26xx.a(mpu-9250-sensor)
 .bss.sensor_value
                0x00000000200006ec        0x6 contiki-srf06-cc26xx.a(mpu-9250-sensor)
 *fill*         0x00000000200006f2        0x2 
 .bss.startup_timer
                0x00000000200006f4       0x20 contiki-srf06-cc26xx.a(mpu-9250-sensor)
 .bss.state     0x0000000020000714        0x4 contiki-srf06-cc26xx.a(mpu-9250-sensor)
 .bss.left_timer
                0x0000000020000718       0x10 contiki-srf06-cc26xx.a(button-sensor.o)
 .bss.right_timer
                0x0000000020000728       0x10 contiki-srf06-cc26xx.a(button-sensor.o)
 .bss.debouncetimer
                0x0000000020000738        0x8 contiki-srf06-cc26xx.a(reed-relay.o)
 .bss.last_isr_time
                0x0000000020000740        0x4 contiki-srf06-cc26xx.a(soc-rtc.o)
 .bss.input_handler
                0x0000000020000744        0x4 contiki-srf06-cc26xx.a(cc26xx-uart.o)
 .bss.modules_list_list
                0x0000000020000748        0x4 contiki-srf06-cc26xx.a(lpm.o)
 .bss.handlers  0x000000002000074c       0x80 contiki-srf06-cc26xx.a(gpio-interrupt.)
 .bss.cmd_ieee_rx_buf
                0x00000000200007cc       0x80 contiki-srf06-cc26xx.a(ieee-mode.o)
 .bss.filter_cmd
                0x000000002000084c        0x8 contiki-srf06-cc26xx.a(ieee-mode.o)
 .bss.last_packet_timestamp
                0x0000000020000854        0x4 contiki-srf06-cc26xx.a(ieee-mode.o)
 .bss.last_rat_overflow
                0x0000000020000858        0x4 contiki-srf06-cc26xx.a(ieee-mode.o)
 .bss.last_value.8687
                0x000000002000085c        0x4 contiki-srf06-cc26xx.a(ieee-mode.o)
 .bss.rat_overflow_counter
                0x0000000020000860        0x4 contiki-srf06-cc26xx.a(ieee-mode.o)
 .bss.rat_overflow_timer
                0x0000000020000864       0x20 contiki-srf06-cc26xx.a(ieee-mode.o)
 .bss.rf_stats  0x0000000020000884       0x10 contiki-srf06-cc26xx.a(ieee-mode.o)
 .bss.rx_buf_0  0x0000000020000894       0x90 contiki-srf06-cc26xx.a(ieee-mode.o)
 .bss.rx_buf_1  0x0000000020000924       0x90 contiki-srf06-cc26xx.a(ieee-mode.o)
 .bss.rx_buf_2  0x00000000200009b4       0x90 contiki-srf06-cc26xx.a(ieee-mode.o)
 .bss.rx_buf_3  0x0000000020000a44       0x90 contiki-srf06-cc26xx.a(ieee-mode.o)
 .bss.rx_data_queue
                0x0000000020000ad4        0x8 contiki-srf06-cc26xx.a(ieee-mode.o)
 .bss.rx_read_entry
                0x0000000020000adc        0x4 contiki-srf06-cc26xx.a(ieee-mode.o)
 .bss.tx_buf    0x0000000020000ae0       0xb6 contiki-srf06-cc26xx.a(ieee-mode.o)
 *fill*         0x0000000020000b96        0x2 
 .bss.notify_cb
                0x0000000020000b98        0x4 contiki-srf06-cc26xx.a(soc-trng.o)
 .bss.rands_mask
                0x0000000020000b9c        0x4 contiki-srf06-cc26xx.a(soc-trng.o)
 .bss.ctimer_list_list
                0x0000000020000ba0        0x4 contiki-srf06-cc26xx.a(ctimer.o)
 .bss.next_expiration
                0x0000000020000ba4        0x4 contiki-srf06-cc26xx.a(etimer.o)
 .bss.timerlist
                0x0000000020000ba8        0x4 contiki-srf06-cc26xx.a(etimer.o)
 .bss.events    0x0000000020000bac      0x180 contiki-srf06-cc26xx.a(process.o)
 .bss.process_current
                0x0000000020000d2c        0x4 contiki-srf06-cc26xx.a(process.o)
                0x0000000020000d2c                process_current
 .bss.process_list
                0x0000000020000d30        0x4 contiki-srf06-cc26xx.a(process.o)
                0x0000000020000d30                process_list
 .bss.next_rtimer
                0x0000000020000d34        0x4 contiki-srf06-cc26xx.a(rtimer.o)
 .bss.buf.4828  0x0000000020000d38       0x80 contiki-srf06-cc26xx.a(serial-line.o)
 .bss.ptr.4829  0x0000000020000db8        0x4 contiki-srf06-cc26xx.a(serial-line.o)
 .bss.rxbuf     0x0000000020000dbc        0x8 contiki-srf06-cc26xx.a(serial-line.o)
 .bss.rxbuf_data
                0x0000000020000dc4       0x80 contiki-srf06-cc26xx.a(serial-line.o)
 .bss.sniffers_list
                0x0000000020000e44        0x4 contiki-srf06-cc26xx.a(rime.o)
 .bss.announcements_list
                0x0000000020000e48        0x4 contiki-srf06-cc26xx.a(announcement.o)
 .bss.observer_callback
                0x0000000020000e4c        0x4 contiki-srf06-cc26xx.a(announcement.o)
 .bss.powerQualGlobals
                0x0000000020000e50        0x8 contiki-srf06-cc26xx.a(sys_ctrl.o)
 .bss.bufmem_memb_count
                0x0000000020000e58        0x8 contiki-srf06-cc26xx.a(queuebuf.o)
 .bss.bufmem_memb_mem
                0x0000000020000e60       0x20 contiki-srf06-cc26xx.a(queuebuf.o)
 .bss.buframmem_memb_count
                0x0000000020000e80        0x8 contiki-srf06-cc26xx.a(queuebuf.o)
 .bss.buframmem_memb_mem
                0x0000000020000e88      0x5f0 contiki-srf06-cc26xx.a(queuebuf.o)
 .bss.packetbuf_aligned
                0x0000000020001478       0x80 contiki-srf06-cc26xx.a(packetbuf.o)
 .bss.metadata_memb_memb_count
                0x00000000200014f8        0x8 contiki-srf06-cc26xx.a(csma.o)
 .bss.metadata_memb_memb_mem
                0x0000000020001500       0x60 contiki-srf06-cc26xx.a(csma.o)
 .bss.neighbor_list_list
                0x0000000020001560        0x4 contiki-srf06-cc26xx.a(csma.o)
 .bss.neighbor_memb_memb_count
                0x0000000020001564        0x2 contiki-srf06-cc26xx.a(csma.o)
 *fill*         0x0000000020001566        0x2 
 .bss.neighbor_memb_memb_mem
                0x0000000020001568       0x68 contiki-srf06-cc26xx.a(csma.o)
 .bss.packet_memb_memb_count
                0x00000000200015d0        0x8 contiki-srf06-cc26xx.a(csma.o)
 .bss.packet_memb_memb_mem
                0x00000000200015d8       0x60 contiki-srf06-cc26xx.a(csma.o)
 .bss.buffer    0x0000000020001638       0x20 contiki-srf06-cc26xx.a(sensor-common.o)
 .bss.consumers_list_list
                0x0000000020001658        0x4 contiki-srf06-cc26xx.a(aux-ctrl.o)
 .bss.last_radio_op
                0x000000002000165c        0x4 contiki-srf06-cc26xx.a(rf-core.o)
 .bss.primary_mode
                0x0000000020001660        0x4 contiki-srf06-cc26xx.a(rf-core.o)
 .bss.rat_offset
                0x0000000020001664        0x4 contiki-srf06-cc26xx.a(rf-core.o)
                0x0000000020001664                rat_offset
 .bss.c         0x0000000020001668       0x6c contiki-srf06-cc26xx.a(broadcast-annou)
 .bss.channel_list_list
                0x00000000200016d4        0x4 contiki-srf06-cc26xx.a(channel.o)
 .bss.received_seqnos
                0x00000000200016d8       0xc0 contiki-srf06-cc26xx.a(mac-sequence.o)
 .bss.i.6874    0x0000000020001798        0x2 final_proj.co
 .bss.node_id   0x000000002000179a        0x2 contiki-srf06-cc26xx.a(contiki-main.o)
                0x000000002000179a                node_id
 .bss.val       0x000000002000179c        0x2 contiki-srf06-cc26xx.a(tmp-007-sensor.)
 .bss.raw_hum   0x000000002000179e        0x2 contiki-srf06-cc26xx.a(hdc-1000-sensor)
 .bss.raw_temp  0x00000000200017a0        0x2 contiki-srf06-cc26xx.a(hdc-1000-sensor)
 .bss.buflen    0x00000000200017a2        0x2 contiki-srf06-cc26xx.a(packetbuf.o)
 .bss.bufptr    0x00000000200017a4        0x2 contiki-srf06-cc26xx.a(packetbuf.o)
 .bss.seqno.6177
                0x00000000200017a6        0x2 contiki-srf06-cc26xx.a(csma.o)
 .bss.num_sensors
                0x00000000200017a8        0x1 contiki-srf06-cc26xx.a(sensors.o)
 .bss.leds      0x00000000200017a9        0x1 contiki-srf06-cc26xx.a(leds.o)
 .bss.c         0x00000000200017aa        0x1 contiki-srf06-cc26xx.a(leds-arch.o)
 .bss.success   0x00000000200017ab        0x1 contiki-srf06-cc26xx.a(hdc-1000-sensor)
 .bss.acc_range
                0x00000000200017ac        0x1 contiki-srf06-cc26xx.a(mpu-9250-sensor)
 .bss.acc_range_reg
                0x00000000200017ad        0x1 contiki-srf06-cc26xx.a(mpu-9250-sensor)
 .bss.interrupt_status
                0x00000000200017ae        0x1 contiki-srf06-cc26xx.a(mpu-9250-sensor)
 .bss.mpu_config
                0x00000000200017af        0x1 contiki-srf06-cc26xx.a(mpu-9250-sensor)
 .bss.val       0x00000000200017b0        0x1 contiki-srf06-cc26xx.a(mpu-9250-sensor)
 .bss.slave_addr
                0x00000000200017b1        0x1 contiki-srf06-cc26xx.a(board-i2c.o)
 .bss.last_corr_lqi
                0x00000000200017b2        0x1 contiki-srf06-cc26xx.a(ieee-mode.o)
 .bss.last_rssi
                0x00000000200017b3        0x1 contiki-srf06-cc26xx.a(ieee-mode.o)
 .bss.poll_mode
                0x00000000200017b4        0x1 contiki-srf06-cc26xx.a(ieee-mode.o)
 .bss.initialized
                0x00000000200017b5        0x1 contiki-srf06-cc26xx.a(ctimer.o)
 .bss.fevent    0x00000000200017b6        0x1 contiki-srf06-cc26xx.a(process.o)
 .bss.lastevent
                0x00000000200017b7        0x1 contiki-srf06-cc26xx.a(process.o)
 .bss.nevents   0x00000000200017b8        0x1 contiki-srf06-cc26xx.a(process.o)
 .bss.poll_requested
                0x00000000200017b9        0x1 contiki-srf06-cc26xx.a(process.o)
 .bss.overflow.4822
                0x00000000200017ba        0x1 contiki-srf06-cc26xx.a(serial-line.o)
 .bss.hdrlen    0x00000000200017bb        0x1 contiki-srf06-cc26xx.a(packetbuf.o)
 .bss.initialized.6176
                0x00000000200017bc        0x1 contiki-srf06-cc26xx.a(csma.o)
 .bss.buzzer_on
                0x00000000200017bd        0x1 contiki-srf06-cc26xx.a(buzzer.o)
 .bss.rat_offset_known
                0x00000000200017be        0x1 contiki-srf06-cc26xx.a(rf-core.o)
 .bss.ble_mode_on
                0x00000000200017bf        0x1 contiki-srf06-cc26xx.a(rf-ble.o)
 .bss.initialized
                0x00000000200017c0        0x1 contiki-srf06-cc26xx.a(framer-802154.o)
 .bss.mac_dsn   0x00000000200017c1        0x1 contiki-srf06-cc26xx.a(framer-802154.o)
 *(SORT(COMMON))
 *fill*         0x00000000200017c2        0x2 
 COMMON         0x00000000200017c4      0x25c final_proj.co
                0x00000000200017c4                nodes
                0x0000000020001a1c                curr_timestamp
 COMMON         0x0000000020001a20        0x9 contiki-srf06-cc26xx.a(sensortag-senso)
                0x0000000020001a20                sensors_flags
 *fill*         0x0000000020001a29        0x3 
 COMMON         0x0000000020001a2c        0x4 contiki-srf06-cc26xx.a(mpu-9250-sensor)
                0x0000000020001a2c                t0
 COMMON         0x0000000020001a30       0x3c contiki-srf06-cc26xx.a(packetbuf.o)
                0x0000000020001a30                packetbuf_addrs
                0x0000000020001a38                packetbuf_attrs
 COMMON         0x0000000020001a6c        0x2 contiki-srf06-cc26xx.a(linkaddr.o)
                0x0000000020001a6c                linkaddr_node_addr
 COMMON         0x0000000020001a6e        0x1 contiki-srf06-cc26xx.a(sensors.o)
                0x0000000020001a6e                sensors_event
 COMMON         0x0000000020001a6f        0x1 contiki-srf06-cc26xx.a(serial-line.o)
                0x0000000020001a6f                serial_line_event_message
                0x0000000020001a70                _ebss = .

.ccfg           0x000000000001ffa8       0x58
 *(SORT(.ccfg))
 .ccfg          0x000000000001ffa8       0x58 obj_srf06-cc26xx/ccfg.o
                0x000000000001ffa8                __ccfg

.rel.dyn        0x0000000000020000        0x0
 .rel.iplt      0x0000000000020000        0x0 obj_srf06-cc26xx/startup_gcc.o

._user_heap_stack
                0x0000000020001a70      0x100
                0x0000000020001a70                . = ALIGN (0x4)
                0x0000000020001a70                . = (. + _Min_Heap_Size)
                0x0000000020001b70                . = (. + _Min_Stack_Size)
 *fill*         0x0000000020001a70      0x100 
                0x0000000020001b70                . = ALIGN (0x4)

.gpram
OUTPUT(final_proj.elf elf32-littlearm)

.comment        0x0000000000000000       0x31
 .comment       0x0000000000000000       0x31 obj_srf06-cc26xx/fault-handlers.o
                                         0x32 (size before relaxing)
 .comment       0x0000000000000031       0x32 obj_srf06-cc26xx/ccfg.o
 .comment       0x0000000000000031       0x32 obj_srf06-cc26xx/startup_gcc.o
 .comment       0x0000000000000031       0x32 final_proj.co
 .comment       0x0000000000000031       0x32 contiki-srf06-cc26xx.a(contiki-main.o)
 .comment       0x0000000000000031       0x32 contiki-srf06-cc26xx.a(sensors.o)
 .comment       0x0000000000000031       0x32 contiki-srf06-cc26xx.a(leds.o)
 .comment       0x0000000000000031       0x32 contiki-srf06-cc26xx.a(leds-arch.o)
 .comment       0x0000000000000031       0x32 contiki-srf06-cc26xx.a(sensortag-senso)
 .comment       0x0000000000000031       0x32 contiki-srf06-cc26xx.a(bmp-280-sensor.)
 .comment       0x0000000000000031       0x32 contiki-srf06-cc26xx.a(tmp-007-sensor.)
 .comment       0x0000000000000031       0x32 contiki-srf06-cc26xx.a(opt-3001-sensor)
 .comment       0x0000000000000031       0x32 contiki-srf06-cc26xx.a(hdc-1000-sensor)
 .comment       0x0000000000000031       0x32 contiki-srf06-cc26xx.a(mpu-9250-sensor)
 .comment       0x0000000000000031       0x32 contiki-srf06-cc26xx.a(button-sensor.o)
 .comment       0x0000000000000031       0x32 contiki-srf06-cc26xx.a(reed-relay.o)
 .comment       0x0000000000000031       0x32 contiki-srf06-cc26xx.a(board.o)
 .comment       0x0000000000000031       0x32 contiki-srf06-cc26xx.a(board-i2c.o)
 .comment       0x0000000000000031       0x32 contiki-srf06-cc26xx.a(clock.o)
 .comment       0x0000000000000031       0x32 contiki-srf06-cc26xx.a(rtimer-arch.o)
 .comment       0x0000000000000031       0x32 contiki-srf06-cc26xx.a(soc-rtc.o)
 .comment       0x0000000000000031       0x32 contiki-srf06-cc26xx.a(contiki-watchdo)
 .comment       0x0000000000000031       0x32 contiki-srf06-cc26xx.a(putchar.o)